Calculating task graph as no cached configuration is available for tasks: app:testDefaultDebugUnitTest --tests org.ole.planet.myplanet.utils.SyncTimeLoggerTest
Gradle cache: GRADLE_BUILD_CACHE_URL=http://34.134.219.48:5071/cache/

> Configure project :app
WARNING: The option setting 'android.newDsl=false' is deprecated.
The current default is 'true'.
It will be removed in version 10.0 of the Android Gradle plugin.
WARNING: The option setting 'android.enableJetifier=true' is deprecated.
The current default is 'false'.
It will be removed in version 10.0 of the Android Gradle plugin.
Using a Project object as a dependency notation has been deprecated. This will fail with an error in Gradle 10. Please use the project(String) method on DependencyHandler or the createProjectDependency(String) method on DependencyFactory instead. Consult the upgrading guide for further information: https://docs.gradle.org/9.6.1/userguide/upgrading_version_9.html#dependency_project_notation
Could not load entry 3822506541d612c6ee2711db1ed37e0e from remote build cache: Connect to 34.134.219.48:5071 [/34.134.219.48] failed: Connect timed out
The remote build cache was disabled during the build due to errors.

> Task :app:preBuild UP-TO-DATE
> Task :app:generateDefaultDebugAssets UP-TO-DATE
> Task :app:preDefaultDebugBuild UP-TO-DATE
> Task :app:generateDefaultDebugResValues UP-TO-DATE
> Task :app:dataBindingTriggerDefaultDebug UP-TO-DATE
> Task :app:generateDefaultDebugBuildConfig UP-TO-DATE
> Task :app:generateDefaultDebugResources UP-TO-DATE
> Task :app:packageDefaultDebugResources UP-TO-DATE
> Task :app:processDefaultDebugNavigationResources UP-TO-DATE
> Task :app:mergeDefaultDebugResources UP-TO-DATE
> Task :app:parseDefaultDebugLocalResources UP-TO-DATE
> Task :app:dataBindingMergeDependencyArtifactsDefaultDebug UP-TO-DATE
> Task :app:generateDefaultDebugRFile UP-TO-DATE
> Task :app:dataBindingGenBaseClassesDefaultDebug UP-TO-DATE
> Task :app:kspDefaultDebugKotlin UP-TO-DATE
> Task :app:kaptGenerateStubsDefaultDebugKotlin UP-TO-DATE
> Task :app:kaptDefaultDebugKotlin UP-TO-DATE
> Task :app:mapDefaultDebugSourceSetPaths
> Task :app:compileDefaultDebugKotlin UP-TO-DATE
> Task :app:createDefaultDebugCompatibleScreenManifests
> Task :app:checkDefaultDebugAarMetadata
> Task :app:mergeDefaultDebugAssets
> Task :app:preDefaultDebugUnitTestBuild UP-TO-DATE

> Task :app:javaPreCompileDefaultDebug
Could not load entry 4338fa3050b36366ff6b3d2b512f6be3 from remote build cache: Connect to 34.134.219.48:5071 [/34.134.219.48] failed: Connect timed out

> Task :app:compileDefaultDebugNavigationResources
Could not load entry 49c8dbd18cd8da562b18472d84e62078 from remote build cache: Connect to 34.134.219.48:5071 [/34.134.219.48] failed: Connect timed out

> Task :app:extractDeepLinksDefaultDebug
Could not load entry 99335f988715f4b4fdfdd4c2ab53b2b4 from remote build cache: Connect to 34.134.219.48:5071 [/34.134.219.48] failed: Connect timed out

> Task :app:javaPreCompileDefaultDebugUnitTest
Could not load entry 3cd52b70369450bae4fb8aef3d2f539a from remote build cache: Connect to 34.134.219.48:5071 [/34.134.219.48] failed: Connect timed out

> Task :app:processDefaultDebugMainManifest
> Task :app:processDefaultDebugManifest
> Task :app:processDefaultDebugManifestForPackage

> Task :app:processDefaultDebugUnitTestManifest
/app/app/src/main/AndroidManifest.xml:126:13-129:39 Warning:
	meta-data#androidx.work.WorkManagerInitializer was tagged at AndroidManifest.xml:126 to remove other declarations but no other declaration present

> Task :app:processDefaultDebugResources
> Task :app:packageDefaultDebugUnitTestForUnitTest
> Task :app:generateDefaultDebugUnitTestConfig

> Task :app:compileDefaultDebugJavaWithJavac
Note: /app/app/build/generated/source/kapt/default/debug/io/realm/DefaultRealmModuleMediator.java uses unchecked or unsafe operations.
Note: Recompile with -Xlint:unchecked for details.

> Task :app:hiltCollectClassesDefaultDebug
> Task :app:processDefaultDebugJavaRes
> Task :app:hiltAggregateDepsDefaultDebug
> Task :app:hiltJavaCompileDefaultDebug
> Task :app:bundleDefaultDebugClassesToCompileJar
> Task :app:kspDefaultDebugUnitTestKotlin

> Task :app:kaptGenerateStubsDefaultDebugUnitTestKotlin
Problem found: Kotlin compiler warning (id: kotlin:compiler:warning:compiler-warning)
  Kotlin compiler warning
    The argument '-Xannotation-default-target=param-property' is redundant for the current language version 2.4.

> Task :app:kaptDefaultDebugUnitTestKotlin SKIPPED
> Task :app:defaultDebugRealmAccessorsTransformer
> Task :app:transformDefaultDebugClassesWithAsm
> Task :app:bundleDefaultDebugClassesToRuntimeJar

> Task :app:compileDefaultDebugUnitTestKotlin
Problem found: Kotlin compiler warning (id: kotlin:compiler:warning:compiler-warning)
  Kotlin compiler warning
    This declaration needs opt-in. Its usage should be marked with '@kotlinx.coroutines.ExperimentalCoroutinesApi' or '@OptIn(kotlinx.coroutines.ExperimentalCoroutinesApi::class)'
    Location: /app/app/src/test/java/org/ole/planet/myplanet/model/RealmUserTest.kt line 36
Problem found: Kotlin compiler warning (id: kotlin:compiler:warning:compiler-warning)
  Kotlin compiler warning
    This declaration needs opt-in. Its usage should be marked with '@kotlinx.coroutines.ExperimentalCoroutinesApi' or '@OptIn(kotlinx.coroutines.ExperimentalCoroutinesApi::class)'
    Location: /app/app/src/test/java/org/ole/planet/myplanet/model/RealmUserTest.kt line 51
Problem found: Kotlin compiler warning (id: kotlin:compiler:warning:compiler-warning)
  Kotlin compiler warning
    This declaration needs opt-in. Its usage should be marked with '@kotlinx.coroutines.ExperimentalCoroutinesApi' or '@OptIn(kotlinx.coroutines.ExperimentalCoroutinesApi::class)'
    Location: /app/app/src/test/java/org/ole/planet/myplanet/repository/ChatRepositoryImplTest.kt line 49
Problem found: Kotlin compiler warning (id: kotlin:compiler:warning:compiler-warning)
  Kotlin compiler warning
    This declaration needs opt-in. Its usage should be marked with '@kotlinx.coroutines.ExperimentalCoroutinesApi' or '@OptIn(kotlinx.coroutines.ExperimentalCoroutinesApi::class)'
    Location: /app/app/src/test/java/org/ole/planet/myplanet/repository/ChatRepositoryTest.kt line 28
Problem found: Kotlin compiler warning (id: kotlin:compiler:warning:compiler-warning)
  Kotlin compiler warning
    No cast needed.
    Location: /app/app/src/test/java/org/ole/planet/myplanet/repository/DownloadRepositoryImplTest.kt line 64
Problem found: Kotlin compiler warning (id: kotlin:compiler:warning:compiler-warning)
  Kotlin compiler warning
    No cast needed.
    Location: /app/app/src/test/java/org/ole/planet/myplanet/repository/DownloadRepositoryImplTest.kt line 123
Problem found: Kotlin compiler warning (id: kotlin:compiler:warning:compiler-warning)
  Kotlin compiler warning
    This declaration needs opt-in. Its usage should be marked with '@kotlinx.coroutines.ExperimentalCoroutinesApi' or '@OptIn(kotlinx.coroutines.ExperimentalCoroutinesApi::class)'
    Location: /app/app/src/test/java/org/ole/planet/myplanet/repository/LifeRepositoryImplTest.kt line 31
Problem found: Kotlin compiler warning (id: kotlin:compiler:warning:compiler-warning)
  Kotlin compiler warning
    Unchecked cast of 'Any?' to '(Realm) -> Unit'.
    Location: /app/app/src/test/java/org/ole/planet/myplanet/repository/ProgressRepositoryImplTest.kt line 397
Problem found: Kotlin compiler warning (id: kotlin:compiler:warning:compiler-warning)
  Kotlin compiler warning
    Unchecked cast of 'Any?' to '(Realm) -> Unit'.
    Location: /app/app/src/test/java/org/ole/planet/myplanet/repository/ProgressRepositoryImplTest.kt line 457
Problem found: Kotlin compiler warning (id: kotlin:compiler:warning:compiler-warning)
  Kotlin compiler warning
    Java type mismatch: inferred type is 'Nothing?', but 'OrderedCollectionChangeSet' was expected.
    Location: /app/app/src/test/java/org/ole/planet/myplanet/repository/RealmRepositoryTest.kt line 122
Problem found: Kotlin compiler warning (id: kotlin:compiler:warning:compiler-warning)
  Kotlin compiler warning
    Unchecked cast of 'Any?' to '(RealmSubmission) -> Unit'.
    Location: /app/app/src/test/java/org/ole/planet/myplanet/repository/SubmissionsRepositoryImplTest.kt line 350
Problem found: Kotlin compiler warning (id: kotlin:compiler:warning:compiler-warning)
  Kotlin compiler warning
    Unchecked cast of 'Any' to '(Realm) -> Unit'.
    Location: /app/app/src/test/java/org/ole/planet/myplanet/repository/SurveysRepositoryImplTest.kt line 85
Problem found: Kotlin compiler warning (id: kotlin:compiler:warning:compiler-warning)
  Kotlin compiler warning
    This declaration needs opt-in. Its usage should be marked with '@kotlinx.coroutines.ExperimentalCoroutinesApi' or '@OptIn(kotlinx.coroutines.ExperimentalCoroutinesApi::class)'
    Location: /app/app/src/test/java/org/ole/planet/myplanet/services/VoicesLabelManagerTest.kt line 51
Problem found: Kotlin compiler warning (id: kotlin:compiler:warning:compiler-warning)
  Kotlin compiler warning
    This declaration needs opt-in. Its usage should be marked with '@kotlinx.coroutines.ExperimentalCoroutinesApi' or '@OptIn(kotlinx.coroutines.ExperimentalCoroutinesApi::class)'
    Location: /app/app/src/test/java/org/ole/planet/myplanet/services/VoicesLabelManagerTest.kt line 154

> Task :app:processDefaultDebugUnitTestJavaRes
> Task :app:compileDefaultDebugUnitTestJavaWithJavac
> Task :app:hiltCollectClassesDefaultDebugUnitTest
> Task :app:hiltAggregateDepsDefaultDebugUnitTest
> Task :app:hiltJavaCompileDefaultDebugUnitTest
> Task :app:transformDefaultDebugUnitTestClassesWithAsm
> Task :app:testDefaultDebugUnitTest

[Incubating] Problems report is available at: file:///app/build/reports/problems/problems-report.html

BUILD SUCCESSFUL in 3m 30s
47 actionable tasks: 32 executed, 15 up-to-date
Configuration cache entry stored.
The remote build cache was disabled during the build due to errors.
