10-01 12:35:09.717   379  6805 W Binder  : 	at com.android.server.am.InstrumentationReporter$MyThread.run(InstrumentationReporter.java:86)
10-01 12:35:09.718   379  2849 I ActivityManager: Killing 6769:com.google.testing.helium.utp.android.companion.instrumentations.locale/u0a152 (adj 0): stop com.google.testing.helium.utp.android.companion.instrumentations.locale
10-01 12:35:09.719  6755  6755 D AndroidRuntime: Shutting down VM
10-01 12:35:09.730   179   179 I Zygote  : Process 5468 exited due to signal 9 (Killed)
10-01 12:35:09.732   379   418 I ActivityManager: Start proc 6791:com.android.carrierdefaultapp/u0a78 for broadcast {com.android.carrierdefaultapp/com.android.carrierdefaultapp.CarrierDefaultBroadcastReceiver}
10-01 12:35:09.737   179   179 I Zygote  : Process 6769 exited due to signal 9 (Killed)
10-01 12:35:09.745   379   419 I libprocessgroup: Successfully killed process cgroup uid 10140 pid 5468 in 43ms
10-01 12:35:09.745   379   419 I libprocessgroup: Successfully killed process cgroup uid 10152 pid 6769 in 0ms
10-01 12:35:09.757   964  1171 D LoaderTask: loadWorkspace: loading default favorites
10-01 12:35:09.758   379  2284 W ActivityManager: Unable to start service Intent { act=com.android.launcher3.WINDOW_OVERLAY dat=app://com.google.android.apps.nexuslauncher:10104?v=9&cv=14 pkg=com.google.android.googlequicksearchbox } U=0: not found
10-01 12:35:09.776   178   372 I netd    : bandwidthSetGlobalAlert(2097152) <0.11ms>
10-01 12:35:09.772   178   178 I Binder:178_1: type=1400 audit(0.0:99): avc: denied { associate } for name="globalAlert" scontext=u:object_r:proc_net:s0 tcontext=u:object_r:proc:s0 tclass=filesystem permissive=1
10-01 12:35:09.787   964  1537 D ProtoStore: deleting smartspace_weather
10-01 12:35:09.788   964  1537 D ProtoStore: no cached data
10-01 12:35:09.788   964  1537 D ProtoStore: no cached data
10-01 12:35:09.793   179   179 D Zygote  : Forked child process 6817
10-01 12:35:09.793   379   418 W ActivityManager: Slow operation: 92ms so far, now at startProcess: returned from zygote!
10-01 12:35:09.793   379   418 W ActivityManager: Slow operation: 92ms so far, now at startProcess: done updating battery stats
10-01 12:35:09.793   379   418 W ActivityManager: Slow operation: 92ms so far, now at startProcess: building log message
10-01 12:35:09.793   379   418 I ActivityManager: Start proc 6817:com.android.externalstorage/u0a68 for content provider {com.android.externalstorage/com.android.externalstorage.ExternalStorageProvider}
10-01 12:35:09.793   379   418 W ActivityManager: Slow operation: 92ms so far, now at startProcess: starting to update pids map
10-01 12:35:09.794   379   418 W ActivityManager: Slow operation: 93ms so far, now at startProcess: done updating pids map
10-01 12:35:09.799  6791  6791 I rrierdefaultap: The ClassLoaderContext is a special shared library.
10-01 12:35:09.799  6817  6817 I Zygote  : seccomp disabled by setenforce 0
10-01 12:35:09.804   193   193 D gralloc_ranchu: gralloc_alloc: Creating ashmem region of size 8298496
10-01 12:35:09.804   379  2283 W ActivityManager: Unable to start service Intent { act=com.android.launcher3.WINDOW_OVERLAY dat=app://com.google.android.apps.nexuslauncher:10104?v=9&cv=14 pkg=com.google.android.googlequicksearchbox } U=0: not found
10-01 12:35:09.805   808   808 I TelecomFramework: : onSubscriptionsChanged - update accounts
10-01 12:35:09.805   808   808 I TelecomFramework: PstnIncomingCallNotifier: Unregistering: Handler (com.android.internal.telephony.GsmCdmaPhone) {e0eb8c}
10-01 12:35:09.805   808   808 I TelecomFramework: TelecomAccountRegistry: setupAccounts: Found 1 phones.  Attempting to register.
10-01 12:35:09.805   808   808 I TelecomFramework: TelecomAccountRegistry: setupAccounts: Phone with subscription id 1
10-01 12:35:09.822   193   193 D gralloc_ranchu: gralloc_alloc: Creating ashmem region of size 77824
10-01 12:35:09.823   193  1565 D gralloc_ranchu: gralloc_alloc: Creating ashmem region of size 8298496
10-01 12:35:09.825   964  1566 D HostConnection: HostConnection::get() New Host Connection established 0x71da2cff00, tid 1566
10-01 12:35:09.825   193   193 D gralloc_ranchu: gralloc_alloc: Creating ashmem region of size 8298496
10-01 12:35:09.825   964  1566 D HostConnection: HostComposition ext ANDROID_EMU_CHECKSUM_HELPER_v1 ANDROID_EMU_native_sync_v2 ANDROID_EMU_dma_v1 ANDROID_EMU_direct_mem ANDROID_EMU_host_composition_v1 ANDROID_EMU_host_composition_v2 ANDROID_EMU_vulkan ANDROID_EMU_deferred_vulkan_commands ANDROID_EMU_vulkan_null_optional_strings ANDROID_EMU_vulkan_create_resources_with_requirements ANDROID_EMU_YUV_Cache ANDROID_EMU_vulkan_ignored_handles ANDROID_EMU_vulkan_free_memory_sync ANDROID_EMU_vulkan_shader_float16_int8 ANDROID_EMU_vulkan_async_queue_submit ANDROID_EMU_sync_buffer_data ANDROID_EMU_vulkan_async_qsri GL_OES_EGL_image_external_essl3 GL_OES_vertex_array_object ANDROID_EMU_host_side_tracing ANDROID_EMU_gles_max_version_3_1 
10-01 12:35:09.825   964  1566 W OpenGLRenderer: Failed to choose config with EGL_SWAP_BEHAVIOR_PRESERVED, retrying without...
10-01 12:35:09.826   964  1566 D EGL_emulation: eglCreateContext: 0x71da2cffa0: maj 3 min 1 rcv 4
10-01 12:35:09.832  6791  6791 D CarrierDefaultBroadcastReceiver: onReceive intent: android.intent.action.LOCALE_CHANGED
10-01 12:35:09.837   964  1566 D EGL_emulation: eglMakeCurrent: 0x71da2cffa0: ver 3 1 (tinfo 0x717d0aa740)
10-01 12:35:09.839   964  1566 E eglCodecCommon: glUtilsParamSize: unknow param 0x000082da
10-01 12:35:09.840   964  1566 E eglCodecCommon: glUtilsParamSize: unknow param 0x000082da
10-01 12:35:09.840  2032  4141 W Bugle   : BuglePhoneNumberUtils: canonicalizeMccMnc: invalid mccmnc. mcc: null, mnc: null
10-01 12:35:09.849   379  2283 I ActivityManager: Killing 5500:com.google.android.youtube/u0a127 (adj 985): empty #17

----- Pixel2.arm-29-en-portrait/logcat:370 -----
10-01 12:35:10.103   379   408 D AutofillUI: destroySaveUiUiThread(): already destroyed
10-01 12:35:10.104  6864  6864 I TransientFileCleaner: Deleting 0 files
10-01 12:35:10.106  6579  6862 I ProvidersCache: Provider returned no roots. Possibly naughty: com.google.android.apps.docs.storage
10-01 12:35:10.107  6864  6864 I TransientFileCleaner: Deleting 0 files
10-01 12:35:10.110  6864  6864 I LatinApp: initialize()
10-01 12:35:10.119  4265  4663 I NetworkScheduler.Stats: Task com.google.android.gms/com.google.android.gms.icing.proxy.IcingInternalCorporaUpdateService started execution. cause:9 exec_start_elapsed_seconds: 189 [CONTEXT service_id=218 ]
10-01 12:35:10.129  6864  6864 I ConfigNotification: Get device mode by ui mode:1 and smallestScreenWidthDp:411
10-01 12:35:10.132  6579  6614 I ProvidersCache: Provider returned no roots. Possibly naughty: com.google.android.apps.docs.storage
10-01 12:35:10.135  4265  4538 I UriTaskContentObserver: Throttling content uri change event for content://com.android.contacts/provider_status [CONTEXT service_id=218 ]
10-01 12:35:10.135  4265  4538 I UriTaskContentObserver: Throttling content uri change event for content://com.android.contacts/provider_status [CONTEXT service_id=218 ]
10-01 12:35:10.142  4265  6090 I NetworkScheduler.Stats: Task com.google.android.gms/com.google.android.gms.icing.proxy.IcingInternalCorporaUpdateService finished executing. cause:9 result: 1 elapsed_millis: 24 uptime_millis: 24 exec_start_elapsed_seconds: 189 [CONTEXT service_id=218 ]
10-01 12:35:10.150   545   545 D StatusBar: disable<e i a s b h r c s > disable2<q i n >
10-01 12:35:10.160  6864  6864 I TransientFileCleaner: Deleting 0 files
10-01 12:35:10.182  6864  6920 I LauncherIconVisibility: doUpdate() : Visible = false
10-01 12:35:10.191   179   179 D Zygote  : Forked child process 6974
10-01 12:35:10.192  6974  6974 I Zygote  : seccomp disabled by setenforce 0
10-01 12:35:10.103   379   408 D AutofillUI: destroySaveUiUiThread(): already destroyed
10-01 12:35:10.194   379   418 I ActivityManager: Start proc 6974:com.google.android.calendar/u0a131 for broadcast {com.google.android.calendar/com.android.calendar.widget.CalendarAppWidgetProvider}
10-01 12:35:10.215  6974  6974 I ndroid.calenda: The ClassLoaderContext is a special shared library.
10-01 12:35:10.216  6974  6974 I ndroid.calenda: The ClassLoaderContext is a special shared library.
10-01 12:35:10.219  6957  6957 D AndroidRuntime: >>>>>> START com.android.internal.os.RuntimeInit uid 0 <<<<<<
10-01 12:35:10.224  6957  6957 I AndroidRuntime: Using default boot image
10-01 12:35:10.224  6957  6957 I AndroidRuntime: Leaving lock profiling enabled
10-01 12:35:10.225  6957  6957 I app_process: Core platform API reporting enabled, enforcing=false
10-01 12:35:10.256  6864  6998 I ConfigNotification: Get device mode by ui mode:1 and smallestScreenWidthDp:411
10-01 12:35:10.258  6864  6864 I UrgentSignal: getInstance(): Creating UrgentSignalsProcessor instance
10-01 12:35:10.268  6957  6957 D ICU     : Time zone APEX file found: /apex/com.android.tzdata/etc/icu/icu_tzdata.dat
10-01 12:35:10.270   545   545 W View    : requestLayout() improperly called by com.android.keyguard.AlphaOptimizedLinearLayout{16d9ce9 V.E...... ......ID 7,0-46,58 #7f0a041c app:id/wifi_group} during layout: running second layout pass
10-01 12:35:10.270   545   545 W View    : requestLayout() improperly called by com.android.keyguard.AlphaOptimizedLinearLayout{6b0fd6e V.E...... ......ID 7,0-46,58 #7f0a041c app:id/wifi_group} during layout: running second layout pass
10-01 12:35:10.271  6957  6957 I app_process: The ClassLoaderContext is a special shared library.
10-01 12:35:10.273  4265  4663 I NetworkScheduler.Stats: Task com.google.android.apps.maps/ started execution. cause:5 exec_start_elapsed_seconds: 189 [CONTEXT service_id=218 ]
10-01 12:35:10.274  6864  6864 E putmethod.lati: No implementation found for boolean com.google.android.apps.inputmethod.libs.trainingcache.tiresias.TiresiasNativePipe.nativeInit() (tried Java_com_google_android_apps_inputmethod_libs_trainingcache_tiresias_TiresiasNativePipe_nativeInit and Java_com_google_android_apps_inputmethod_libs_trainingcache_tiresias_TiresiasNativePipe_nativeInit__)
10-01 12:35:10.278  4265  4663 I NetworkScheduler.Stats: Task com.google.android.apps.maps/ finished executing. cause:5 result: 1 elapsed_millis: 6 uptime_millis: 6 exec_start_elapsed_seconds: 189 [CONTEXT service_id=218 ]
10-01 12:35:10.282  6957  6957 W app_process: JNI RegisterNativeMethods: attempt to register 0 native methods for android.media.AudioAttributes
10-01 12:35:10.284  6957  6957 D AndroidRuntime: Calling main entry com.android.commands.input.Input
10-01 12:35:10.290  6864  6864 W ExecutorUtils: createScheduledThreadPoolExecutor(): name[PhenotypeExpConfig] exceeds limit
10-01 12:35:10.297   193   193 D gralloc_ranchu: gralloc_alloc: Creating ashmem region of size 28672
10-01 12:35:10.298   545  1041 D HostConnection: HostConnection::get() New Host Connection established 0x71600b6fa0, tid 1041
10-01 12:35:10.300   545  1041 D HostConnection: HostComposition ext ANDROID_EMU_CHECKSUM_HELPER_v1 ANDROID_EMU_native_sync_v2 ANDROID_EMU_dma_v1 ANDROID_EMU_direct_mem ANDROID_EMU_host_composition_v1 ANDROID_EMU_host_composition_v2 ANDROID_EMU_vulkan ANDROID_EMU_deferred_vulkan_commands ANDROID_EMU_vulkan_null_optional_strings ANDROID_EMU_vulkan_create_resources_with_requirements ANDROID_EMU_YUV_Cache ANDROID_EMU_vulkan_ignored_handles ANDROID_EMU_vulkan_free_memory_sync ANDROID_EMU_vulkan_shader_float16_int8 ANDROID_EMU_vulkan_async_queue_submit ANDROID_EMU_sync_buffer_data ANDROID_EMU_vulkan_async_qsri GL_OES_EGL_image_external_essl3 GL_OES_vertex_array_object ANDROID_EMU_host_side_tracing ANDROID_EMU_gles_max_version_3_1 
10-01 12:35:10.300   545  1041 W OpenGLRenderer: Failed to choose config with EGL_SWAP_BEHAVIOR_PRESERVED, retrying without...
10-01 12:35:10.301   545  1041 D EGL_emulation: eglCreateContext: 0x71600b7040: maj 3 min 1 rcv 4
10-01 12:35:10.302   545  1041 D EGL_emulation: eglMakeCurrent: 0x71600b7040: ver 3 1 (tinfo 0x71602a6820)
10-01 12:35:10.304   545  1041 E eglCodecCommon: glUtilsParamSize: unknow param 0x000082da
10-01 12:35:10.304   545  1041 E eglCodecCommon: glUtilsParamSize: unknow param 0x000082da
10-01 12:35:10.327   179   179 D Zygote  : Forked child process 7019
10-01 12:35:10.328   193   193 D gralloc_ranchu: gralloc_alloc: Creating ashmem region of size 28672
10-01 12:35:10.329  7019  7019 I Zygote  : seccomp disabled by setenforce 0
10-01 12:35:10.332   193   193 D gralloc_ranchu: gralloc_alloc: Creating ashmem region of size 28672
10-01 12:35:10.332   379   418 I ActivityManager: Start proc 7019:com.android.providers.calendar/u0a55 for content provider {com.android.providers.calendar/com.android.providers.calendar.CalendarProvider2}
10-01 12:35:10.335  6864  6864 I PhenotypeExpConfig: refreshConfiguration() : Force = true : UpdateAvailable = true : Age = 50167 minutes : MaxAge = 720 minutes
10-01 12:35:10.343   193   193 D gralloc_ranchu: gralloc_alloc: Creating ashmem region of size 28672
10-01 12:35:10.347   193   193 D gralloc_ranchu: gralloc_alloc: Creating ashmem region of size 28672
10-01 12:35:10.354  4265  4403 I PhenotypeResourceReader: unable to find any Phenotype resource metadata for com.google.android.apps.maps
10-01 12:35:10.362   193   193 D gralloc_ranchu: gralloc_alloc: Creating ashmem region of size 28672
10-01 12:35:10.367   545   774 D EGL_emulation: eglMakeCurrent: 0x71d5bf7960: ver 3 1 (tinfo 0x7175426700)
10-01 12:35:10.382  6864  7036 I PhenotypeIme: RegisterTask.registerWithPhenotype() : com.google.android.inputmethod.latin : 26800410
10-01 12:35:10.397  7019  7019 I viders.calenda: The ClassLoaderContext is a special shared library.
10-01 12:35:10.437  7019  7019 I CalendarProvider2: Created com.android.providers.calendar.CalendarAlarmManager@d0c4ab0(com.android.providers.calendar.CalendarProvider2@11d9d29)
10-01 12:35:10.448  6864  6864 I ConfigNotification: Get device mode by ui mode:1 and smallestScreenWidthDp:411
10-01 12:35:10.455  6864  6864 I chatty  : uid=10128(com.google.android.inputmethod.latin) identical 7 lines
10-01 12:35:10.455  6864  6864 I ConfigNotification: Get device mode by ui mode:1 and smallestScreenWidthDp:411

----- Pixel2.arm-29-en-portrait/logcat:371 -----
10-01 12:35:10.104  6864  6864 I TransientFileCleaner: Deleting 0 files
10-01 12:35:10.106  6579  6862 I ProvidersCache: Provider returned no roots. Possibly naughty: com.google.android.apps.docs.storage
10-01 12:35:10.107  6864  6864 I TransientFileCleaner: Deleting 0 files
10-01 12:35:10.110  6864  6864 I LatinApp: initialize()
10-01 12:35:10.119  4265  4663 I NetworkScheduler.Stats: Task com.google.android.gms/com.google.android.gms.icing.proxy.IcingInternalCorporaUpdateService started execution. cause:9 exec_start_elapsed_seconds: 189 [CONTEXT service_id=218 ]
10-01 12:35:10.129  6864  6864 I ConfigNotification: Get device mode by ui mode:1 and smallestScreenWidthDp:411
10-01 12:35:10.132  6579  6614 I ProvidersCache: Provider returned no roots. Possibly naughty: com.google.android.apps.docs.storage
10-01 12:35:10.135  4265  4538 I UriTaskContentObserver: Throttling content uri change event for content://com.android.contacts/provider_status [CONTEXT service_id=218 ]
10-01 12:35:10.135  4265  4538 I UriTaskContentObserver: Throttling content uri change event for content://com.android.contacts/provider_status [CONTEXT service_id=218 ]
10-01 12:35:10.142  4265  6090 I NetworkScheduler.Stats: Task com.google.android.gms/com.google.android.gms.icing.proxy.IcingInternalCorporaUpdateService finished executing. cause:9 result: 1 elapsed_millis: 24 uptime_millis: 24 exec_start_elapsed_seconds: 189 [CONTEXT service_id=218 ]
10-01 12:35:10.150   545   545 D StatusBar: disable<e i a s b h r c s > disable2<q i n >
10-01 12:35:10.160  6864  6864 I TransientFileCleaner: Deleting 0 files
10-01 12:35:10.182  6864  6920 I LauncherIconVisibility: doUpdate() : Visible = false
10-01 12:35:10.191   179   179 D Zygote  : Forked child process 6974
10-01 12:35:10.192  6974  6974 I Zygote  : seccomp disabled by setenforce 0
10-01 12:35:10.103   379   408 D AutofillUI: destroySaveUiUiThread(): already destroyed
10-01 12:35:10.194   379   418 I ActivityManager: Start proc 6974:com.google.android.calendar/u0a131 for broadcast {com.google.android.calendar/com.android.calendar.widget.CalendarAppWidgetProvider}
10-01 12:35:10.215  6974  6974 I ndroid.calenda: The ClassLoaderContext is a special shared library.
10-01 12:35:10.216  6974  6974 I ndroid.calenda: The ClassLoaderContext is a special shared library.
10-01 12:35:10.219  6957  6957 D AndroidRuntime: >>>>>> START com.android.internal.os.RuntimeInit uid 0 <<<<<<
10-01 12:35:10.224  6957  6957 I AndroidRuntime: Using default boot image
10-01 12:35:10.224  6957  6957 I AndroidRuntime: Leaving lock profiling enabled
10-01 12:35:10.225  6957  6957 I app_process: Core platform API reporting enabled, enforcing=false
10-01 12:35:10.256  6864  6998 I ConfigNotification: Get device mode by ui mode:1 and smallestScreenWidthDp:411
10-01 12:35:10.258  6864  6864 I UrgentSignal: getInstance(): Creating UrgentSignalsProcessor instance
10-01 12:35:10.268  6957  6957 D ICU     : Time zone APEX file found: /apex/com.android.tzdata/etc/icu/icu_tzdata.dat
10-01 12:35:10.270   545   545 W View    : requestLayout() improperly called by com.android.keyguard.AlphaOptimizedLinearLayout{16d9ce9 V.E...... ......ID 7,0-46,58 #7f0a041c app:id/wifi_group} during layout: running second layout pass
10-01 12:35:10.270   545   545 W View    : requestLayout() improperly called by com.android.keyguard.AlphaOptimizedLinearLayout{6b0fd6e V.E...... ......ID 7,0-46,58 #7f0a041c app:id/wifi_group} during layout: running second layout pass
10-01 12:35:10.271  6957  6957 I app_process: The ClassLoaderContext is a special shared library.
10-01 12:35:10.273  4265  4663 I NetworkScheduler.Stats: Task com.google.android.apps.maps/ started execution. cause:5 exec_start_elapsed_seconds: 189 [CONTEXT service_id=218 ]
10-01 12:35:10.274  6864  6864 E putmethod.lati: No implementation found for boolean com.google.android.apps.inputmethod.libs.trainingcache.tiresias.TiresiasNativePipe.nativeInit() (tried Java_com_google_android_apps_inputmethod_libs_trainingcache_tiresias_TiresiasNativePipe_nativeInit and Java_com_google_android_apps_inputmethod_libs_trainingcache_tiresias_TiresiasNativePipe_nativeInit__)
10-01 12:35:10.278  4265  4663 I NetworkScheduler.Stats: Task com.google.android.apps.maps/ finished executing. cause:5 result: 1 elapsed_millis: 6 uptime_millis: 6 exec_start_elapsed_seconds: 189 [CONTEXT service_id=218 ]
10-01 12:35:10.282  6957  6957 W app_process: JNI RegisterNativeMethods: attempt to register 0 native methods for android.media.AudioAttributes
10-01 12:35:10.284  6957  6957 D AndroidRuntime: Calling main entry com.android.commands.input.Input
10-01 12:35:10.290  6864  6864 W ExecutorUtils: createScheduledThreadPoolExecutor(): name[PhenotypeExpConfig] exceeds limit
10-01 12:35:10.297   193   193 D gralloc_ranchu: gralloc_alloc: Creating ashmem region of size 28672
10-01 12:35:10.298   545  1041 D HostConnection: HostConnection::get() New Host Connection established 0x71600b6fa0, tid 1041
10-01 12:35:10.300   545  1041 D HostConnection: HostComposition ext ANDROID_EMU_CHECKSUM_HELPER_v1 ANDROID_EMU_native_sync_v2 ANDROID_EMU_dma_v1 ANDROID_EMU_direct_mem ANDROID_EMU_host_composition_v1 ANDROID_EMU_host_composition_v2 ANDROID_EMU_vulkan ANDROID_EMU_deferred_vulkan_commands ANDROID_EMU_vulkan_null_optional_strings ANDROID_EMU_vulkan_create_resources_with_requirements ANDROID_EMU_YUV_Cache ANDROID_EMU_vulkan_ignored_handles ANDROID_EMU_vulkan_free_memory_sync ANDROID_EMU_vulkan_shader_float16_int8 ANDROID_EMU_vulkan_async_queue_submit ANDROID_EMU_sync_buffer_data ANDROID_EMU_vulkan_async_qsri GL_OES_EGL_image_external_essl3 GL_OES_vertex_array_object ANDROID_EMU_host_side_tracing ANDROID_EMU_gles_max_version_3_1 
10-01 12:35:10.300   545  1041 W OpenGLRenderer: Failed to choose config with EGL_SWAP_BEHAVIOR_PRESERVED, retrying without...
10-01 12:35:10.301   545  1041 D EGL_emulation: eglCreateContext: 0x71600b7040: maj 3 min 1 rcv 4
10-01 12:35:10.302   545  1041 D EGL_emulation: eglMakeCurrent: 0x71600b7040: ver 3 1 (tinfo 0x71602a6820)
10-01 12:35:10.304   545  1041 E eglCodecCommon: glUtilsParamSize: unknow param 0x000082da
10-01 12:35:10.304   545  1041 E eglCodecCommon: glUtilsParamSize: unknow param 0x000082da
10-01 12:35:10.327   179   179 D Zygote  : Forked child process 7019
10-01 12:35:10.328   193   193 D gralloc_ranchu: gralloc_alloc: Creating ashmem region of size 28672
10-01 12:35:10.329  7019  7019 I Zygote  : seccomp disabled by setenforce 0
10-01 12:35:10.332   193   193 D gralloc_ranchu: gralloc_alloc: Creating ashmem region of size 28672
10-01 12:35:10.332   379   418 I ActivityManager: Start proc 7019:com.android.providers.calendar/u0a55 for content provider {com.android.providers.calendar/com.android.providers.calendar.CalendarProvider2}
10-01 12:35:10.335  6864  6864 I PhenotypeExpConfig: refreshConfiguration() : Force = true : UpdateAvailable = true : Age = 50167 minutes : MaxAge = 720 minutes
10-01 12:35:10.343   193   193 D gralloc_ranchu: gralloc_alloc: Creating ashmem region of size 28672
10-01 12:35:10.347   193   193 D gralloc_ranchu: gralloc_alloc: Creating ashmem region of size 28672
10-01 12:35:10.354  4265  4403 I PhenotypeResourceReader: unable to find any Phenotype resource metadata for com.google.android.apps.maps
10-01 12:35:10.362   193   193 D gralloc_ranchu: gralloc_alloc: Creating ashmem region of size 28672
10-01 12:35:10.367   545   774 D EGL_emulation: eglMakeCurrent: 0x71d5bf7960: ver 3 1 (tinfo 0x7175426700)
10-01 12:35:10.382  6864  7036 I PhenotypeIme: RegisterTask.registerWithPhenotype() : com.google.android.inputmethod.latin : 26800410
10-01 12:35:10.397  7019  7019 I viders.calenda: The ClassLoaderContext is a special shared library.
10-01 12:35:10.437  7019  7019 I CalendarProvider2: Created com.android.providers.calendar.CalendarAlarmManager@d0c4ab0(com.android.providers.calendar.CalendarProvider2@11d9d29)
10-01 12:35:10.448  6864  6864 I ConfigNotification: Get device mode by ui mode:1 and smallestScreenWidthDp:411
10-01 12:35:10.455  6864  6864 I chatty  : uid=10128(com.google.android.inputmethod.latin) identical 7 lines
10-01 12:35:10.455  6864  6864 I ConfigNotification: Get device mode by ui mode:1 and smallestScreenWidthDp:411
10-01 12:35:10.458  6974  6974 W Primes  : Primes not initialized, returning default (no-op) Primes instance which will ignore all calls. Please call Primes.initialize(...) before using any Primes API.

----- Pixel2.arm-29-en-portrait/logcat:372 -----
10-01 12:35:10.106  6579  6862 I ProvidersCache: Provider returned no roots. Possibly naughty: com.google.android.apps.docs.storage
10-01 12:35:10.107  6864  6864 I TransientFileCleaner: Deleting 0 files
10-01 12:35:10.110  6864  6864 I LatinApp: initialize()
10-01 12:35:10.119  4265  4663 I NetworkScheduler.Stats: Task com.google.android.gms/com.google.android.gms.icing.proxy.IcingInternalCorporaUpdateService started execution. cause:9 exec_start_elapsed_seconds: 189 [CONTEXT service_id=218 ]
10-01 12:35:10.129  6864  6864 I ConfigNotification: Get device mode by ui mode:1 and smallestScreenWidthDp:411
10-01 12:35:10.132  6579  6614 I ProvidersCache: Provider returned no roots. Possibly naughty: com.google.android.apps.docs.storage
10-01 12:35:10.135  4265  4538 I UriTaskContentObserver: Throttling content uri change event for content://com.android.contacts/provider_status [CONTEXT service_id=218 ]
10-01 12:35:10.135  4265  4538 I UriTaskContentObserver: Throttling content uri change event for content://com.android.contacts/provider_status [CONTEXT service_id=218 ]
10-01 12:35:10.142  4265  6090 I NetworkScheduler.Stats: Task com.google.android.gms/com.google.android.gms.icing.proxy.IcingInternalCorporaUpdateService finished executing. cause:9 result: 1 elapsed_millis: 24 uptime_millis: 24 exec_start_elapsed_seconds: 189 [CONTEXT service_id=218 ]
10-01 12:35:10.150   545   545 D StatusBar: disable<e i a s b h r c s > disable2<q i n >
10-01 12:35:10.160  6864  6864 I TransientFileCleaner: Deleting 0 files
10-01 12:35:10.182  6864  6920 I LauncherIconVisibility: doUpdate() : Visible = false
10-01 12:35:10.191   179   179 D Zygote  : Forked child process 6974
10-01 12:35:10.192  6974  6974 I Zygote  : seccomp disabled by setenforce 0
10-01 12:35:10.103   379   408 D AutofillUI: destroySaveUiUiThread(): already destroyed
10-01 12:35:10.194   379   418 I ActivityManager: Start proc 6974:com.google.android.calendar/u0a131 for broadcast {com.google.android.calendar/com.android.calendar.widget.CalendarAppWidgetProvider}
10-01 12:35:10.215  6974  6974 I ndroid.calenda: The ClassLoaderContext is a special shared library.
10-01 12:35:10.216  6974  6974 I ndroid.calenda: The ClassLoaderContext is a special shared library.
10-01 12:35:10.219  6957  6957 D AndroidRuntime: >>>>>> START com.android.internal.os.RuntimeInit uid 0 <<<<<<
10-01 12:35:10.224  6957  6957 I AndroidRuntime: Using default boot image
10-01 12:35:10.224  6957  6957 I AndroidRuntime: Leaving lock profiling enabled
10-01 12:35:10.225  6957  6957 I app_process: Core platform API reporting enabled, enforcing=false
10-01 12:35:10.256  6864  6998 I ConfigNotification: Get device mode by ui mode:1 and smallestScreenWidthDp:411
10-01 12:35:10.258  6864  6864 I UrgentSignal: getInstance(): Creating UrgentSignalsProcessor instance
10-01 12:35:10.268  6957  6957 D ICU     : Time zone APEX file found: /apex/com.android.tzdata/etc/icu/icu_tzdata.dat
10-01 12:35:10.270   545   545 W View    : requestLayout() improperly called by com.android.keyguard.AlphaOptimizedLinearLayout{16d9ce9 V.E...... ......ID 7,0-46,58 #7f0a041c app:id/wifi_group} during layout: running second layout pass
10-01 12:35:10.270   545   545 W View    : requestLayout() improperly called by com.android.keyguard.AlphaOptimizedLinearLayout{6b0fd6e V.E...... ......ID 7,0-46,58 #7f0a041c app:id/wifi_group} during layout: running second layout pass
10-01 12:35:10.271  6957  6957 I app_process: The ClassLoaderContext is a special shared library.
10-01 12:35:10.273  4265  4663 I NetworkScheduler.Stats: Task com.google.android.apps.maps/ started execution. cause:5 exec_start_elapsed_seconds: 189 [CONTEXT service_id=218 ]
10-01 12:35:10.274  6864  6864 E putmethod.lati: No implementation found for boolean com.google.android.apps.inputmethod.libs.trainingcache.tiresias.TiresiasNativePipe.nativeInit() (tried Java_com_google_android_apps_inputmethod_libs_trainingcache_tiresias_TiresiasNativePipe_nativeInit and Java_com_google_android_apps_inputmethod_libs_trainingcache_tiresias_TiresiasNativePipe_nativeInit__)
10-01 12:35:10.278  4265  4663 I NetworkScheduler.Stats: Task com.google.android.apps.maps/ finished executing. cause:5 result: 1 elapsed_millis: 6 uptime_millis: 6 exec_start_elapsed_seconds: 189 [CONTEXT service_id=218 ]
10-01 12:35:10.282  6957  6957 W app_process: JNI RegisterNativeMethods: attempt to register 0 native methods for android.media.AudioAttributes
10-01 12:35:10.284  6957  6957 D AndroidRuntime: Calling main entry com.android.commands.input.Input
10-01 12:35:10.290  6864  6864 W ExecutorUtils: createScheduledThreadPoolExecutor(): name[PhenotypeExpConfig] exceeds limit
10-01 12:35:10.297   193   193 D gralloc_ranchu: gralloc_alloc: Creating ashmem region of size 28672
10-01 12:35:10.298   545  1041 D HostConnection: HostConnection::get() New Host Connection established 0x71600b6fa0, tid 1041
10-01 12:35:10.300   545  1041 D HostConnection: HostComposition ext ANDROID_EMU_CHECKSUM_HELPER_v1 ANDROID_EMU_native_sync_v2 ANDROID_EMU_dma_v1 ANDROID_EMU_direct_mem ANDROID_EMU_host_composition_v1 ANDROID_EMU_host_composition_v2 ANDROID_EMU_vulkan ANDROID_EMU_deferred_vulkan_commands ANDROID_EMU_vulkan_null_optional_strings ANDROID_EMU_vulkan_create_resources_with_requirements ANDROID_EMU_YUV_Cache ANDROID_EMU_vulkan_ignored_handles ANDROID_EMU_vulkan_free_memory_sync ANDROID_EMU_vulkan_shader_float16_int8 ANDROID_EMU_vulkan_async_queue_submit ANDROID_EMU_sync_buffer_data ANDROID_EMU_vulkan_async_qsri GL_OES_EGL_image_external_essl3 GL_OES_vertex_array_object ANDROID_EMU_host_side_tracing ANDROID_EMU_gles_max_version_3_1 
10-01 12:35:10.300   545  1041 W OpenGLRenderer: Failed to choose config with EGL_SWAP_BEHAVIOR_PRESERVED, retrying without...
10-01 12:35:10.301   545  1041 D EGL_emulation: eglCreateContext: 0x71600b7040: maj 3 min 1 rcv 4
10-01 12:35:10.302   545  1041 D EGL_emulation: eglMakeCurrent: 0x71600b7040: ver 3 1 (tinfo 0x71602a6820)
10-01 12:35:10.304   545  1041 E eglCodecCommon: glUtilsParamSize: unknow param 0x000082da
10-01 12:35:10.304   545  1041 E eglCodecCommon: glUtilsParamSize: unknow param 0x000082da
10-01 12:35:10.327   179   179 D Zygote  : Forked child process 7019
10-01 12:35:10.328   193   193 D gralloc_ranchu: gralloc_alloc: Creating ashmem region of size 28672
10-01 12:35:10.329  7019  7019 I Zygote  : seccomp disabled by setenforce 0
10-01 12:35:10.332   193   193 D gralloc_ranchu: gralloc_alloc: Creating ashmem region of size 28672
10-01 12:35:10.332   379   418 I ActivityManager: Start proc 7019:com.android.providers.calendar/u0a55 for content provider {com.android.providers.calendar/com.android.providers.calendar.CalendarProvider2}
10-01 12:35:10.335  6864  6864 I PhenotypeExpConfig: refreshConfiguration() : Force = true : UpdateAvailable = true : Age = 50167 minutes : MaxAge = 720 minutes
10-01 12:35:10.343   193   193 D gralloc_ranchu: gralloc_alloc: Creating ashmem region of size 28672
10-01 12:35:10.347   193   193 D gralloc_ranchu: gralloc_alloc: Creating ashmem region of size 28672
10-01 12:35:10.354  4265  4403 I PhenotypeResourceReader: unable to find any Phenotype resource metadata for com.google.android.apps.maps
10-01 12:35:10.362   193   193 D gralloc_ranchu: gralloc_alloc: Creating ashmem region of size 28672
10-01 12:35:10.367   545   774 D EGL_emulation: eglMakeCurrent: 0x71d5bf7960: ver 3 1 (tinfo 0x7175426700)
10-01 12:35:10.382  6864  7036 I PhenotypeIme: RegisterTask.registerWithPhenotype() : com.google.android.inputmethod.latin : 26800410
10-01 12:35:10.397  7019  7019 I viders.calenda: The ClassLoaderContext is a special shared library.
10-01 12:35:10.437  7019  7019 I CalendarProvider2: Created com.android.providers.calendar.CalendarAlarmManager@d0c4ab0(com.android.providers.calendar.CalendarProvider2@11d9d29)
10-01 12:35:10.448  6864  6864 I ConfigNotification: Get device mode by ui mode:1 and smallestScreenWidthDp:411
10-01 12:35:10.455  6864  6864 I chatty  : uid=10128(com.google.android.inputmethod.latin) identical 7 lines
10-01 12:35:10.455  6864  6864 I ConfigNotification: Get device mode by ui mode:1 and smallestScreenWidthDp:411
10-01 12:35:10.458  6974  6974 W Primes  : Primes not initialized, returning default (no-op) Primes instance which will ignore all calls. Please call Primes.initialize(...) before using any Primes API.
10-01 12:35:10.459  6864  6864 I ConfigNotification: Get device mode by ui mode:1 and smallestScreenWidthDp:411

----- Pixel2.arm-29-en-portrait/logcat:384 -----
10-01 12:35:10.191   179   179 D Zygote  : Forked child process 6974
10-01 12:35:10.192  6974  6974 I Zygote  : seccomp disabled by setenforce 0
10-01 12:35:10.103   379   408 D AutofillUI: destroySaveUiUiThread(): already destroyed
10-01 12:35:10.194   379   418 I ActivityManager: Start proc 6974:com.google.android.calendar/u0a131 for broadcast {com.google.android.calendar/com.android.calendar.widget.CalendarAppWidgetProvider}
10-01 12:35:10.215  6974  6974 I ndroid.calenda: The ClassLoaderContext is a special shared library.
10-01 12:35:10.216  6974  6974 I ndroid.calenda: The ClassLoaderContext is a special shared library.
10-01 12:35:10.219  6957  6957 D AndroidRuntime: >>>>>> START com.android.internal.os.RuntimeInit uid 0 <<<<<<
10-01 12:35:10.224  6957  6957 I AndroidRuntime: Using default boot image
10-01 12:35:10.224  6957  6957 I AndroidRuntime: Leaving lock profiling enabled
10-01 12:35:10.225  6957  6957 I app_process: Core platform API reporting enabled, enforcing=false
10-01 12:35:10.256  6864  6998 I ConfigNotification: Get device mode by ui mode:1 and smallestScreenWidthDp:411
10-01 12:35:10.258  6864  6864 I UrgentSignal: getInstance(): Creating UrgentSignalsProcessor instance
10-01 12:35:10.268  6957  6957 D ICU     : Time zone APEX file found: /apex/com.android.tzdata/etc/icu/icu_tzdata.dat
10-01 12:35:10.270   545   545 W View    : requestLayout() improperly called by com.android.keyguard.AlphaOptimizedLinearLayout{16d9ce9 V.E...... ......ID 7,0-46,58 #7f0a041c app:id/wifi_group} during layout: running second layout pass
10-01 12:35:10.270   545   545 W View    : requestLayout() improperly called by com.android.keyguard.AlphaOptimizedLinearLayout{6b0fd6e V.E...... ......ID 7,0-46,58 #7f0a041c app:id/wifi_group} during layout: running second layout pass
10-01 12:35:10.271  6957  6957 I app_process: The ClassLoaderContext is a special shared library.
10-01 12:35:10.273  4265  4663 I NetworkScheduler.Stats: Task com.google.android.apps.maps/ started execution. cause:5 exec_start_elapsed_seconds: 189 [CONTEXT service_id=218 ]
10-01 12:35:10.274  6864  6864 E putmethod.lati: No implementation found for boolean com.google.android.apps.inputmethod.libs.trainingcache.tiresias.TiresiasNativePipe.nativeInit() (tried Java_com_google_android_apps_inputmethod_libs_trainingcache_tiresias_TiresiasNativePipe_nativeInit and Java_com_google_android_apps_inputmethod_libs_trainingcache_tiresias_TiresiasNativePipe_nativeInit__)
10-01 12:35:10.278  4265  4663 I NetworkScheduler.Stats: Task com.google.android.apps.maps/ finished executing. cause:5 result: 1 elapsed_millis: 6 uptime_millis: 6 exec_start_elapsed_seconds: 189 [CONTEXT service_id=218 ]
10-01 12:35:10.282  6957  6957 W app_process: JNI RegisterNativeMethods: attempt to register 0 native methods for android.media.AudioAttributes
10-01 12:35:10.284  6957  6957 D AndroidRuntime: Calling main entry com.android.commands.input.Input
10-01 12:35:10.290  6864  6864 W ExecutorUtils: createScheduledThreadPoolExecutor(): name[PhenotypeExpConfig] exceeds limit
10-01 12:35:10.297   193   193 D gralloc_ranchu: gralloc_alloc: Creating ashmem region of size 28672
10-01 12:35:10.298   545  1041 D HostConnection: HostConnection::get() New Host Connection established 0x71600b6fa0, tid 1041
10-01 12:35:10.300   545  1041 D HostConnection: HostComposition ext ANDROID_EMU_CHECKSUM_HELPER_v1 ANDROID_EMU_native_sync_v2 ANDROID_EMU_dma_v1 ANDROID_EMU_direct_mem ANDROID_EMU_host_composition_v1 ANDROID_EMU_host_composition_v2 ANDROID_EMU_vulkan ANDROID_EMU_deferred_vulkan_commands ANDROID_EMU_vulkan_null_optional_strings ANDROID_EMU_vulkan_create_resources_with_requirements ANDROID_EMU_YUV_Cache ANDROID_EMU_vulkan_ignored_handles ANDROID_EMU_vulkan_free_memory_sync ANDROID_EMU_vulkan_shader_float16_int8 ANDROID_EMU_vulkan_async_queue_submit ANDROID_EMU_sync_buffer_data ANDROID_EMU_vulkan_async_qsri GL_OES_EGL_image_external_essl3 GL_OES_vertex_array_object ANDROID_EMU_host_side_tracing ANDROID_EMU_gles_max_version_3_1 
10-01 12:35:10.300   545  1041 W OpenGLRenderer: Failed to choose config with EGL_SWAP_BEHAVIOR_PRESERVED, retrying without...
10-01 12:35:10.301   545  1041 D EGL_emulation: eglCreateContext: 0x71600b7040: maj 3 min 1 rcv 4
10-01 12:35:10.302   545  1041 D EGL_emulation: eglMakeCurrent: 0x71600b7040: ver 3 1 (tinfo 0x71602a6820)
10-01 12:35:10.304   545  1041 E eglCodecCommon: glUtilsParamSize: unknow param 0x000082da
10-01 12:35:10.304   545  1041 E eglCodecCommon: glUtilsParamSize: unknow param 0x000082da
10-01 12:35:10.327   179   179 D Zygote  : Forked child process 7019
10-01 12:35:10.328   193   193 D gralloc_ranchu: gralloc_alloc: Creating ashmem region of size 28672
10-01 12:35:10.329  7019  7019 I Zygote  : seccomp disabled by setenforce 0
10-01 12:35:10.332   193   193 D gralloc_ranchu: gralloc_alloc: Creating ashmem region of size 28672
10-01 12:35:10.332   379   418 I ActivityManager: Start proc 7019:com.android.providers.calendar/u0a55 for content provider {com.android.providers.calendar/com.android.providers.calendar.CalendarProvider2}
10-01 12:35:10.335  6864  6864 I PhenotypeExpConfig: refreshConfiguration() : Force = true : UpdateAvailable = true : Age = 50167 minutes : MaxAge = 720 minutes
10-01 12:35:10.343   193   193 D gralloc_ranchu: gralloc_alloc: Creating ashmem region of size 28672
10-01 12:35:10.347   193   193 D gralloc_ranchu: gralloc_alloc: Creating ashmem region of size 28672
10-01 12:35:10.354  4265  4403 I PhenotypeResourceReader: unable to find any Phenotype resource metadata for com.google.android.apps.maps
10-01 12:35:10.362   193   193 D gralloc_ranchu: gralloc_alloc: Creating ashmem region of size 28672
10-01 12:35:10.367   545   774 D EGL_emulation: eglMakeCurrent: 0x71d5bf7960: ver 3 1 (tinfo 0x7175426700)
10-01 12:35:10.382  6864  7036 I PhenotypeIme: RegisterTask.registerWithPhenotype() : com.google.android.inputmethod.latin : 26800410
10-01 12:35:10.397  7019  7019 I viders.calenda: The ClassLoaderContext is a special shared library.
10-01 12:35:10.437  7019  7019 I CalendarProvider2: Created com.android.providers.calendar.CalendarAlarmManager@d0c4ab0(com.android.providers.calendar.CalendarProvider2@11d9d29)
10-01 12:35:10.448  6864  6864 I ConfigNotification: Get device mode by ui mode:1 and smallestScreenWidthDp:411
10-01 12:35:10.455  6864  6864 I chatty  : uid=10128(com.google.android.inputmethod.latin) identical 7 lines
10-01 12:35:10.455  6864  6864 I ConfigNotification: Get device mode by ui mode:1 and smallestScreenWidthDp:411
10-01 12:35:10.458  6974  6974 W Primes  : Primes not initialized, returning default (no-op) Primes instance which will ignore all calls. Please call Primes.initialize(...) before using any Primes API.
10-01 12:35:10.459  6864  6864 I ConfigNotification: Get device mode by ui mode:1 and smallestScreenWidthDp:411
10-01 12:35:10.499  6864  6864 I chatty  : uid=10128(com.google.android.inputmethod.latin) identical 397 lines
10-01 12:35:10.499  6864  6864 I ConfigNotification: Get device mode by ui mode:1 and smallestScreenWidthDp:411
10-01 12:35:10.500   545   545 I OpaEnabledReceiver: Dispatching OPA eligble = false; AGSA = false; OPA enabled = false
10-01 12:35:10.500   545   545 I OpaLayout: Setting opa enabled to false
10-01 12:35:10.500   545   545 I OpaLayout: Setting opa enabled to false
10-01 12:35:10.501  6864  6864 I ConfigNotification: Get device mode by ui mode:1 and smallestScreenWidthDp:411
10-01 12:35:10.508  6864  6864 I chatty  : uid=10128(com.google.android.inputmethod.latin) identical 166 lines
10-01 12:35:10.509  6864  6864 I ConfigNotification: Get device mode by ui mode:1 and smallestScreenWidthDp:411
10-01 12:35:10.509   545   545 V KeyguardUpdateMonitor: onSubscriptionInfoChanged()
10-01 12:35:10.518   545   545 V KeyguardUpdateMonitor: SubInfo:{id=1, iccId=89014103211118510720 simSlotIndex=0 carrierId=1 displayName=T-Mobile carrierName=T-Mobile nameSource=3 iconTint=-16746133 mNumber=+15555215554 dataRoaming=0 iconBitmap=android.graphics.Bitmap@dfbe6d2 mcc 310 mnc 260mCountryIso=us isEmbedded false accessRules null cardString=89014103211118510720 cardId=-1 isOpportunistic false mGroupUUID=null mIsGroupDisabled=false profileClass=-1 ehplmns = null hplmns = null subscriptionType=0 mGroupOwner=null}
10-01 12:35:10.520  6864  6864 I ConfigNotification: Get device mode by ui mode:1 and smallestScreenWidthDp:411
10-01 12:35:10.521   379   411 I WindowManager: Screen frozen for +965ms due to Window{6600a41 u0 NavigationBar0}

----- Pixel2.arm-29-en-portrait/logcat:427 -----
10-01 12:35:10.437  7019  7019 I CalendarProvider2: Created com.android.providers.calendar.CalendarAlarmManager@d0c4ab0(com.android.providers.calendar.CalendarProvider2@11d9d29)
10-01 12:35:10.448  6864  6864 I ConfigNotification: Get device mode by ui mode:1 and smallestScreenWidthDp:411
10-01 12:35:10.455  6864  6864 I chatty  : uid=10128(com.google.android.inputmethod.latin) identical 7 lines
10-01 12:35:10.455  6864  6864 I ConfigNotification: Get device mode by ui mode:1 and smallestScreenWidthDp:411
10-01 12:35:10.458  6974  6974 W Primes  : Primes not initialized, returning default (no-op) Primes instance which will ignore all calls. Please call Primes.initialize(...) before using any Primes API.
10-01 12:35:10.459  6864  6864 I ConfigNotification: Get device mode by ui mode:1 and smallestScreenWidthDp:411
10-01 12:35:10.499  6864  6864 I chatty  : uid=10128(com.google.android.inputmethod.latin) identical 397 lines
10-01 12:35:10.499  6864  6864 I ConfigNotification: Get device mode by ui mode:1 and smallestScreenWidthDp:411
10-01 12:35:10.500   545   545 I OpaEnabledReceiver: Dispatching OPA eligble = false; AGSA = false; OPA enabled = false
10-01 12:35:10.500   545   545 I OpaLayout: Setting opa enabled to false
10-01 12:35:10.500   545   545 I OpaLayout: Setting opa enabled to false
10-01 12:35:10.501  6864  6864 I ConfigNotification: Get device mode by ui mode:1 and smallestScreenWidthDp:411
10-01 12:35:10.508  6864  6864 I chatty  : uid=10128(com.google.android.inputmethod.latin) identical 166 lines
10-01 12:35:10.509  6864  6864 I ConfigNotification: Get device mode by ui mode:1 and smallestScreenWidthDp:411
10-01 12:35:10.509   545   545 V KeyguardUpdateMonitor: onSubscriptionInfoChanged()
10-01 12:35:10.518   545   545 V KeyguardUpdateMonitor: SubInfo:{id=1, iccId=89014103211118510720 simSlotIndex=0 carrierId=1 displayName=T-Mobile carrierName=T-Mobile nameSource=3 iconTint=-16746133 mNumber=+15555215554 dataRoaming=0 iconBitmap=android.graphics.Bitmap@dfbe6d2 mcc 310 mnc 260mCountryIso=us isEmbedded false accessRules null cardString=89014103211118510720 cardId=-1 isOpportunistic false mGroupUUID=null mIsGroupDisabled=false profileClass=-1 ehplmns = null hplmns = null subscriptionType=0 mGroupOwner=null}
10-01 12:35:10.520  6864  6864 I ConfigNotification: Get device mode by ui mode:1 and smallestScreenWidthDp:411
10-01 12:35:10.521   379   411 I WindowManager: Screen frozen for +965ms due to Window{6600a41 u0 NavigationBar0}
10-01 12:35:10.521  6864  6864 I chatty  : uid=10128(com.google.android.inputmethod.latin) identical 3 lines
10-01 12:35:10.521  6864  6864 I ConfigNotification: Get device mode by ui mode:1 and smallestScreenWidthDp:411
10-01 12:35:10.522  6957  6957 D AndroidRuntime: Shutting down VM
10-01 12:35:10.523  6864  6864 I ConfigNotification: Get device mode by ui mode:1 and smallestScreenWidthDp:411
10-01 12:35:10.540   379   407 D AutofillManagerService: Close system dialogs
10-01 12:35:10.541   379   408 I ActivityTaskManager: START u0 {act=android.intent.action.MAIN cat=[android.intent.category.HOME] flg=0x10000100 cmp=com.google.android.apps.nexuslauncher/.NexusLauncherActivity (has extras)} from uid 0
10-01 12:35:10.542  6864  6864 I chatty  : uid=10128(com.google.android.inputmethod.latin) identical 29 lines
10-01 12:35:10.542  6864  6864 I ConfigNotification: Get device mode by ui mode:1 and smallestScreenWidthDp:411
10-01 12:35:10.542   545   774 D EGL_emulation: eglMakeCurrent: 0x71d5bf7960: ver 3 1 (tinfo 0x7175426700)
10-01 12:35:10.542  6864  6864 I ConfigNotification: Get device mode by ui mode:1 and smallestScreenWidthDp:411
10-01 12:35:10.564  6864  6864 I chatty  : uid=10128(com.google.android.inputmethod.latin) identical 21 lines
10-01 12:35:10.564  6864  6864 I ConfigNotification: Get device mode by ui mode:1 and smallestScreenWidthDp:411
10-01 12:35:10.569  6864  6950 W putmethod.lati: Long monitor contention with owner main (6864) at void iqd.a(iqe, java.lang.Class, java.util.concurrent.Executor)(PG:12) waiters=0 in void iqd.a(iqe, java.lang.Class, java.util.concurrent.Executor) for 391ms
10-01 12:35:10.586   379   379 W ActivityManager: Unable to start service Intent { act=android.service.appprediction.AppPredictionService cmp=com.google.android.as/com.google.android.apps.miphone.aiai.app.AiAiPredictionService } U=0: not found
10-01 12:35:10.586   379   379 W RemoteAppPredictionService: could not bind to Intent { act=android.service.appprediction.AppPredictionService cmp=com.google.android.as/com.google.android.apps.miphone.aiai.app.AiAiPredictionService } using flags 67108865
10-01 12:35:10.597   179   179 D Zygote  : Forked child process 7071
10-01 12:35:10.597   379   418 I ActivityManager: Start proc 7071:com.google.android.deskclock/u0a140 for broadcast {com.google.android.deskclock/com.android.deskclock.AlarmInitReceiver}
10-01 12:35:10.598  7071  7071 I Zygote  : seccomp disabled by setenforce 0
10-01 12:35:10.606  6864  7037 W native  : commandlineflags.cc:972 Ignoring RegisterValidateFunction() for flag pointer 0x716cde2688: no flag found at that address
10-01 12:35:10.607  6864  6992 W putmethod.lati: Long monitor contention with owner main (6864) at void iqd.a(iqe, java.lang.Class, java.util.concurrent.Executor)(PG:12) waiters=1 in void ipz.b(java.lang.Object[]) for 404ms
10-01 12:35:10.607  6864  6950 I ModuleManager: Unexpected key 'preloaded_fonts' does not match 'module:'
10-01 12:35:10.607  6864  6950 I ModuleManager: Unexpected key 'com.google.android.partnersetup.RLZ_BOUNTY_ACCESS_POINT' does not match 'module:'
10-01 12:35:10.610   545   545 V StatusBar: mStatusBarWindow: com.android.systemui.statusbar.phone.StatusBarWindowView{3f77c94 V.E...... ........ 0,0-1080,63} canPanelBeCollapsed(): false
10-01 12:35:10.635  4320  4320 D BoundBrokerSvc: onBind: Intent { act=com.google.android.gms.feedback.internal.IFeedbackService pkg=com.google.android.gms }
10-01 12:35:10.635  4320  4320 D BoundBrokerSvc: Loading bound service for intent: Intent { act=com.google.android.gms.feedback.internal.IFeedbackService pkg=com.google.android.gms }
10-01 12:35:10.641  4265  4403 I PhenotypeResourceReader: unable to find any Phenotype resource metadata for com.google.android.calendar
10-01 12:35:10.644  6708  6708 I abb     : StartCommandInProcess(73657474696e67730067657400656e61 settings.get.ena [truncated])
10-01 12:35:10.648  6708  6708 I abb     : StartCommandInProcess(7061636b61676500696e7374616c6c00 package.install. [truncated])
10-01 12:35:10.652  6864  7048 W PrimesInit: Primes instant initialization
10-01 12:35:10.664  7071  7071 D ApplicationLoaders: Returning zygote-cached class loader: /system/framework/android.hidl.base-V1.0-java.jar
10-01 12:35:10.664  7071  7071 D ApplicationLoaders: Returning zygote-cached class loader: /system/framework/android.hidl.manager-V1.0-java.jar
10-01 12:35:10.664  7071  7071 D ApplicationLoaders: Returning zygote-cached class loader: /system/framework/android.hidl.base-V1.0-java.jar
10-01 12:35:10.665  7071  7071 I droid.deskcloc: The ClassLoaderContext is a special shared library.
10-01 12:35:10.676  6864  7098 W Primes  : background initialization
10-01 12:35:10.680  6864  7098 I putmethod.lati: Waiting for a blocking GC ClassLinker
10-01 12:35:10.686  7071  7071 W PrimesInit: Primes instant initialization
10-01 12:35:10.688  7071  7102 W Primes  : background initialization
10-01 12:35:10.689  7071  7071 I GAv4    : Google Analytics 11.0.11 is starting up. To enable debug logging on a device run:
10-01 12:35:10.689  7071  7071 I GAv4    :   adb shell setprop log.tag.GAv4 DEBUG
10-01 12:35:10.689  7071  7071 I GAv4    :   adb logcat -s GAv4
10-01 12:35:10.699  7071  7105 W GAv4    : AnalyticsReceiver is not registered or is disabled. Register the receiver for reliable dispatching on non-Google Play devices. See http://goo.gl/8Rd3yj for instructions.
10-01 12:35:10.705  7071  7105 W GAv4    : CampaignTrackingReceiver is not registered, not exported or is disabled. Installation campaign tracking is not possible. See http://goo.gl/8Rd3yj for instructions.
10-01 12:35:10.707  4265  4623 I FontLog : Received query Google Sans:500, URI content://com.google.android.gms.fonts [CONTEXT service_id=132 ]

----- Pixel2.arm-29-en-portrait/logcat:437 -----
10-01 12:35:10.500   545   545 I OpaLayout: Setting opa enabled to false
10-01 12:35:10.501  6864  6864 I ConfigNotification: Get device mode by ui mode:1 and smallestScreenWidthDp:411
10-01 12:35:10.508  6864  6864 I chatty  : uid=10128(com.google.android.inputmethod.latin) identical 166 lines
10-01 12:35:10.509  6864  6864 I ConfigNotification: Get device mode by ui mode:1 and smallestScreenWidthDp:411
10-01 12:35:10.509   545   545 V KeyguardUpdateMonitor: onSubscriptionInfoChanged()
10-01 12:35:10.518   545   545 V KeyguardUpdateMonitor: SubInfo:{id=1, iccId=89014103211118510720 simSlotIndex=0 carrierId=1 displayName=T-Mobile carrierName=T-Mobile nameSource=3 iconTint=-16746133 mNumber=+15555215554 dataRoaming=0 iconBitmap=android.graphics.Bitmap@dfbe6d2 mcc 310 mnc 260mCountryIso=us isEmbedded false accessRules null cardString=89014103211118510720 cardId=-1 isOpportunistic false mGroupUUID=null mIsGroupDisabled=false profileClass=-1 ehplmns = null hplmns = null subscriptionType=0 mGroupOwner=null}
10-01 12:35:10.520  6864  6864 I ConfigNotification: Get device mode by ui mode:1 and smallestScreenWidthDp:411
10-01 12:35:10.521   379   411 I WindowManager: Screen frozen for +965ms due to Window{6600a41 u0 NavigationBar0}
10-01 12:35:10.521  6864  6864 I chatty  : uid=10128(com.google.android.inputmethod.latin) identical 3 lines
10-01 12:35:10.521  6864  6864 I ConfigNotification: Get device mode by ui mode:1 and smallestScreenWidthDp:411
10-01 12:35:10.522  6957  6957 D AndroidRuntime: Shutting down VM
10-01 12:35:10.523  6864  6864 I ConfigNotification: Get device mode by ui mode:1 and smallestScreenWidthDp:411
10-01 12:35:10.540   379   407 D AutofillManagerService: Close system dialogs
