----- Pixel2.arm-29-en-portrait/logcat:2380 -----
10-01 12:35:17.574  7116  7730 E yrn     : 	at jdc.a(SourceFile:2)
10-01 12:35:17.574  7116  7730 E yrn     : 	at mlo.a(SourceFile:1)
10-01 12:35:17.574  7116  7730 E yrn     : 	at aago.a(Unknown Source:18)
10-01 12:35:17.574  7116  7730 E yrn     : 	at abld.a(SourceFile:2)
10-01 12:35:17.574  7116  7730 E yrn     : 	at abkl.run(Unknown Source:8)
10-01 12:35:17.574  7116  7730 E yrn     : 	... 7 more
10-01 12:35:17.574  7116  7728 W yql     : Shutting down SAPI due to critical lifecycle start failure.
10-01 12:35:17.574  7116  7731 E aafy    : Failed to create component for ComponentKey<CqrAPH>, see go/xplat-deobfuscate-component-key
10-01 12:35:17.574  7116  7731 E aafy    : usu: Failed to sync missing settings from the server. Missing values for required settings [utc<ALIAS_ADDRESSES>, utc<DEFAULT_FROM_ADDRESS>, utc<VERIFIED_FROM_ADDRESSES>, utc<NEEDS_ONBOARDING>]. Can not start SettingsClient.
10-01 12:35:17.574  7116  7731 E aafy    : 	at usd.a(Unknown Source:8)
10-01 12:35:17.574  7116  7731 E aafy    : 	at abmj.a(Unknown Source:2)
10-01 12:35:17.574  7116  7731 E aafy    : 	at abjj.a(SourceFile:2)
10-01 12:35:17.574  7116  7731 E aafy    : 	at adot.run(SourceFile:3)
10-01 12:35:17.574  7116  7731 E aafy    : 	at aaju.run(Unknown Source:3)
10-01 12:35:17.574  7116  7731 E aafy    : 	at aaaj.run(Unknown Source:3)
10-01 12:35:17.574  7116  7731 E aafy    : 	at java.util.concurrent.Executors$RunnableAdapter.call(Executors.java:462)
10-01 12:35:17.574  7116  7731 E aafy    : 	at java.util.concurrent.FutureTask.run(FutureTask.java:266)
10-01 12:35:17.574  7116  7731 E aafy    : 	at java.util.concurrent.ScheduledThreadPoolExecutor$ScheduledFutureTask.run(ScheduledThreadPoolExecutor.java:301)
10-01 12:35:17.574  7116  7731 E aafy    : 	at java.util.concurrent.ThreadPoolExecutor.runWorker(ThreadPoolExecutor.java:1167)
10-01 12:35:17.574  7116  7731 E aafy    : 	at java.util.concurrent.ThreadPoolExecutor$Worker.run(ThreadPoolExecutor.java:641)
10-01 12:35:17.574  7116  7731 E aafy    : 	at java.lang.Thread.run(Thread.java:919)
10-01 12:35:17.574  7116  7731 E aafy    : Caused by: ukr: [/sync/st/s] UNKNOWN: Unknown network error: java.io.IOException: NetworkError
10-01 12:35:17.574  7116  7731 E aafy    : 	at uki.a(SourceFile:10)
10-01 12:35:17.574  7116  7731 E aafy    : 	at ukq.a(SourceFile:6)
10-01 12:35:17.574  7116  7731 E aafy    : 	at ukt.a(Unknown Source:3)
10-01 12:35:17.574  7116  7731 E aafy    : 	at abml.a(Unknown Source:2)
10-01 12:35:17.574  7116  7731 E aafy    : 	at abjj.a(SourceFile:2)
10-01 12:35:17.574  7116  7731 E aafy    : 	at adot.run(SourceFile:3)
10-01 12:35:17.574  7116  7731 E aafy    : 	at adog.execute(Unknown Source:0)
10-01 12:35:17.574  7116  7731 E aafy    : 	at abni.execute(SourceFile:3)
10-01 12:35:17.574  7116  7731 E aafy    : 	at adnb.b(SourceFile:21)
10-01 12:35:17.574  7116  7731 E aafy    : 	at adnb.a(SourceFile:14)
10-01 12:35:17.574  7116  7731 E aafy    : 	at adnb.a(SourceFile:55)
10-01 12:35:17.574  7116  7731 E aafy    : 	at aajd.a(Unknown Source:3)
10-01 12:35:17.574  7116  7731 E aafy    : 	at abjj.a(SourceFile:2)
10-01 12:35:17.574  7116  7731 E aafy    : 	at adot.run(SourceFile:3)
10-01 12:35:17.574  7116  7731 E aafy    : 	... 7 more
10-01 12:35:17.574  7116  7731 E aafy    : Caused by: java.io.IOException: NetworkError
10-01 12:35:17.574  7116  7731 E aafy    : 	at jii.a(SourceFile:9)
10-01 12:35:17.574  7116  7731 E aafy    : 	at jdc.a(SourceFile:5)
10-01 12:35:17.574  7116  7731 E aafy    : 	at jdc.a(SourceFile:2)
10-01 12:35:17.574  7116  7731 E aafy    : 	at mlo.a(SourceFile:1)
10-01 12:35:17.574  7116  7731 E aafy    : 	at aago.a(Unknown Source:18)
10-01 12:35:17.574  7116  7731 E aafy    : 	at abld.a(SourceFile:2)
10-01 12:35:17.574  7116  7731 E aafy    : 	at abkl.run(Unknown Source:8)
10-01 12:35:17.574  7116  7731 E aafy    : 	... 7 more
10-01 12:35:17.575  7116  7731 E aafy    : Failed to create component for ComponentKey<GrNjlb>, see go/xplat-deobfuscate-component-key
10-01 12:35:17.575  7116  7731 E aafy    : usu: Failed to sync missing settings from the server. Missing values for required settings [utc<ALIAS_ADDRESSES>, utc<DEFAULT_FROM_ADDRESS>, utc<VERIFIED_FROM_ADDRESSES>, utc<NEEDS_ONBOARDING>]. Can not start SettingsClient.
10-01 12:35:17.575  7116  7731 E aafy    : 	at usd.a(Unknown Source:8)
10-01 12:35:17.575  7116  7731 E aafy    : 	at abmj.a(Unknown Source:2)
10-01 12:35:17.575  7116  7731 E aafy    : 	at abjj.a(SourceFile:2)
10-01 12:35:17.575  7116  7731 E aafy    : 	at adot.run(SourceFile:3)
10-01 12:35:17.575  7116  7731 E aafy    : 	at aaju.run(Unknown Source:3)
10-01 12:35:17.575  7116  7731 E aafy    : 	at aaaj.run(Unknown Source:3)
10-01 12:35:17.575  7116  7731 E aafy    : 	at java.util.concurrent.Executors$RunnableAdapter.call(Executors.java:462)
10-01 12:35:17.575  7116  7731 E aafy    : 	at java.util.concurrent.FutureTask.run(FutureTask.java:266)
10-01 12:35:17.575  7116  7731 E aafy    : 	at java.util.concurrent.ScheduledThreadPoolExecutor$ScheduledFutureTask.run(ScheduledThreadPoolExecutor.java:301)
10-01 12:35:17.575  7116  7731 E aafy    : 	at java.util.concurrent.ThreadPoolExecutor.runWorker(ThreadPoolExecutor.java:1167)
10-01 12:35:17.575  7116  7731 E aafy    : 	at java.util.concurrent.ThreadPoolExecutor$Worker.run(ThreadPoolExecutor.java:641)
10-01 12:35:17.575  7116  7731 E aafy    : 	at java.lang.Thread.run(Thread.java:919)
10-01 12:35:17.575  7116  7731 E aafy    : Caused by: ukr: [/sync/st/s] UNKNOWN: Unknown network error: java.io.IOException: NetworkError

----- Pixel2.arm-29-en-portrait/logcat:2419 -----
10-01 12:35:17.574  7116  7731 E aafy    : 	at jdc.a(SourceFile:5)
10-01 12:35:17.574  7116  7731 E aafy    : 	at jdc.a(SourceFile:2)
10-01 12:35:17.574  7116  7731 E aafy    : 	at mlo.a(SourceFile:1)
10-01 12:35:17.574  7116  7731 E aafy    : 	at aago.a(Unknown Source:18)
10-01 12:35:17.574  7116  7731 E aafy    : 	at abld.a(SourceFile:2)
10-01 12:35:17.574  7116  7731 E aafy    : 	at abkl.run(Unknown Source:8)
10-01 12:35:17.574  7116  7731 E aafy    : 	... 7 more
10-01 12:35:17.575  7116  7731 E aafy    : Failed to create component for ComponentKey<GrNjlb>, see go/xplat-deobfuscate-component-key
10-01 12:35:17.575  7116  7731 E aafy    : usu: Failed to sync missing settings from the server. Missing values for required settings [utc<ALIAS_ADDRESSES>, utc<DEFAULT_FROM_ADDRESS>, utc<VERIFIED_FROM_ADDRESSES>, utc<NEEDS_ONBOARDING>]. Can not start SettingsClient.
10-01 12:35:17.575  7116  7731 E aafy    : 	at usd.a(Unknown Source:8)
10-01 12:35:17.575  7116  7731 E aafy    : 	at abmj.a(Unknown Source:2)
10-01 12:35:17.575  7116  7731 E aafy    : 	at abjj.a(SourceFile:2)
10-01 12:35:17.575  7116  7731 E aafy    : 	at adot.run(SourceFile:3)
10-01 12:35:17.575  7116  7731 E aafy    : 	at aaju.run(Unknown Source:3)
10-01 12:35:17.575  7116  7731 E aafy    : 	at aaaj.run(Unknown Source:3)
10-01 12:35:17.575  7116  7731 E aafy    : 	at java.util.concurrent.Executors$RunnableAdapter.call(Executors.java:462)
10-01 12:35:17.575  7116  7731 E aafy    : 	at java.util.concurrent.FutureTask.run(FutureTask.java:266)
10-01 12:35:17.575  7116  7731 E aafy    : 	at java.util.concurrent.ScheduledThreadPoolExecutor$ScheduledFutureTask.run(ScheduledThreadPoolExecutor.java:301)
10-01 12:35:17.575  7116  7731 E aafy    : 	at java.util.concurrent.ThreadPoolExecutor.runWorker(ThreadPoolExecutor.java:1167)
10-01 12:35:17.575  7116  7731 E aafy    : 	at java.util.concurrent.ThreadPoolExecutor$Worker.run(ThreadPoolExecutor.java:641)
10-01 12:35:17.575  7116  7731 E aafy    : 	at java.lang.Thread.run(Thread.java:919)
10-01 12:35:17.575  7116  7731 E aafy    : Caused by: ukr: [/sync/st/s] UNKNOWN: Unknown network error: java.io.IOException: NetworkError
10-01 12:35:17.575  7116  7731 E aafy    : 	at uki.a(SourceFile:10)
10-01 12:35:17.575  7116  7731 E aafy    : 	at ukq.a(SourceFile:6)
10-01 12:35:17.575  7116  7731 E aafy    : 	at ukt.a(Unknown Source:3)
10-01 12:35:17.575  7116  7731 E aafy    : 	at abml.a(Unknown Source:2)
10-01 12:35:17.575  7116  7731 E aafy    : 	at abjj.a(SourceFile:2)
10-01 12:35:17.575  7116  7731 E aafy    : 	at adot.run(SourceFile:3)
10-01 12:35:17.575  7116  7731 E aafy    : 	at adog.execute(Unknown Source:0)
10-01 12:35:17.575  7116  7731 E aafy    : 	at abni.execute(SourceFile:3)
10-01 12:35:17.575  7116  7731 E aafy    : 	at adnb.b(SourceFile:21)
10-01 12:35:17.575  7116  7731 E aafy    : 	at adnb.a(SourceFile:14)
10-01 12:35:17.575  7116  7731 E aafy    : 	at adnb.a(SourceFile:55)
10-01 12:35:17.575  7116  7731 E aafy    : 	at aajd.a(Unknown Source:3)
10-01 12:35:17.575  7116  7731 E aafy    : 	at abjj.a(SourceFile:2)
10-01 12:35:17.575  7116  7731 E aafy    : 	at adot.run(SourceFile:3)
10-01 12:35:17.575  7116  7731 E aafy    : 	... 7 more
10-01 12:35:17.575  7116  7731 E aafy    : Caused by: java.io.IOException: NetworkError
10-01 12:35:17.575  7116  7731 E aafy    : 	at jii.a(SourceFile:9)
10-01 12:35:17.575  7116  7731 E aafy    : 	at jdc.a(SourceFile:5)
10-01 12:35:17.575  7116  7731 E aafy    : 	at jdc.a(SourceFile:2)
10-01 12:35:17.575  7116  7731 E aafy    : 	at mlo.a(SourceFile:1)
10-01 12:35:17.575  7116  7731 E aafy    : 	at aago.a(Unknown Source:18)
10-01 12:35:17.575  7116  7731 E aafy    : 	at abld.a(SourceFile:2)
10-01 12:35:17.575  7116  7731 E aafy    : 	at abkl.run(Unknown Source:8)
10-01 12:35:17.575  7116  7731 E aafy    : 	... 7 more
10-01 12:35:17.576  7116  7116 W Gmail   : enh:Failed to set message-based UI account prefs.
10-01 12:35:17.576  7116  7116 W Gmail   : java.lang.RuntimeException: Failed to fetch SAPI.
10-01 12:35:17.576  7116  7116 W Gmail   : 	at eif.a(SourceFile:22)
10-01 12:35:17.576  7116  7116 W Gmail   : 	at zzn.run(Unknown Source:6)
10-01 12:35:17.576  7116  7116 W Gmail   : 	at aaaj.run(Unknown Source:3)
10-01 12:35:17.576  7116  7116 W Gmail   : 	at android.os.Handler.handleCallback(Handler.java:883)
10-01 12:35:17.576  7116  7116 W Gmail   : 	at android.os.Handler.dispatchMessage(Handler.java:100)
10-01 12:35:17.576  7116  7116 W Gmail   : 	at android.os.Looper.loop(Looper.java:214)
10-01 12:35:17.576  7116  7116 W Gmail   : 	at android.app.ActivityThread.main(ActivityThread.java:7356)
10-01 12:35:17.576  7116  7116 W Gmail   : 	at java.lang.reflect.Method.invoke(Native Method)
10-01 12:35:17.576  7116  7116 W Gmail   : 	at com.android.internal.os.RuntimeInit$MethodAndArgsCaller.run(RuntimeInit.java:492)
10-01 12:35:17.576  7116  7116 W Gmail   : 	at com.android.internal.os.ZygoteInit.main(ZygoteInit.java:930)
10-01 12:35:17.576  7116  7116 W Gmail   : Caused by: usu: Failed to sync missing settings from the server. Missing values for required settings [utc<ALIAS_ADDRESSES>, utc<DEFAULT_FROM_ADDRESS>, utc<VERIFIED_FROM_ADDRESSES>, utc<NEEDS_ONBOARDING>]. Can not start SettingsClient.
10-01 12:35:17.576  7116  7116 W Gmail   : 	at usd.a(Unknown Source:8)
10-01 12:35:17.576  7116  7116 W Gmail   : 	at abmj.a(Unknown Source:2)

----- Pixel2.arm-29-en-portrait/logcat:2446 -----
10-01 12:35:17.575  7116  7731 E aafy    : 	at adot.run(SourceFile:3)
10-01 12:35:17.575  7116  7731 E aafy    : 	at adog.execute(Unknown Source:0)
10-01 12:35:17.575  7116  7731 E aafy    : 	at abni.execute(SourceFile:3)
10-01 12:35:17.575  7116  7731 E aafy    : 	at adnb.b(SourceFile:21)
10-01 12:35:17.575  7116  7731 E aafy    : 	at adnb.a(SourceFile:14)
10-01 12:35:17.575  7116  7731 E aafy    : 	at adnb.a(SourceFile:55)
10-01 12:35:17.575  7116  7731 E aafy    : 	at aajd.a(Unknown Source:3)
10-01 12:35:17.575  7116  7731 E aafy    : 	at abjj.a(SourceFile:2)
10-01 12:35:17.575  7116  7731 E aafy    : 	at adot.run(SourceFile:3)
10-01 12:35:17.575  7116  7731 E aafy    : 	... 7 more
10-01 12:35:17.575  7116  7731 E aafy    : Caused by: java.io.IOException: NetworkError
10-01 12:35:17.575  7116  7731 E aafy    : 	at jii.a(SourceFile:9)
10-01 12:35:17.575  7116  7731 E aafy    : 	at jdc.a(SourceFile:5)
10-01 12:35:17.575  7116  7731 E aafy    : 	at jdc.a(SourceFile:2)
10-01 12:35:17.575  7116  7731 E aafy    : 	at mlo.a(SourceFile:1)
10-01 12:35:17.575  7116  7731 E aafy    : 	at aago.a(Unknown Source:18)
10-01 12:35:17.575  7116  7731 E aafy    : 	at abld.a(SourceFile:2)
10-01 12:35:17.575  7116  7731 E aafy    : 	at abkl.run(Unknown Source:8)
10-01 12:35:17.575  7116  7731 E aafy    : 	... 7 more
10-01 12:35:17.576  7116  7116 W Gmail   : enh:Failed to set message-based UI account prefs.
10-01 12:35:17.576  7116  7116 W Gmail   : java.lang.RuntimeException: Failed to fetch SAPI.
10-01 12:35:17.576  7116  7116 W Gmail   : 	at eif.a(SourceFile:22)
10-01 12:35:17.576  7116  7116 W Gmail   : 	at zzn.run(Unknown Source:6)
10-01 12:35:17.576  7116  7116 W Gmail   : 	at aaaj.run(Unknown Source:3)
10-01 12:35:17.576  7116  7116 W Gmail   : 	at android.os.Handler.handleCallback(Handler.java:883)
10-01 12:35:17.576  7116  7116 W Gmail   : 	at android.os.Handler.dispatchMessage(Handler.java:100)
10-01 12:35:17.576  7116  7116 W Gmail   : 	at android.os.Looper.loop(Looper.java:214)
10-01 12:35:17.576  7116  7116 W Gmail   : 	at android.app.ActivityThread.main(ActivityThread.java:7356)
10-01 12:35:17.576  7116  7116 W Gmail   : 	at java.lang.reflect.Method.invoke(Native Method)
10-01 12:35:17.576  7116  7116 W Gmail   : 	at com.android.internal.os.RuntimeInit$MethodAndArgsCaller.run(RuntimeInit.java:492)
10-01 12:35:17.576  7116  7116 W Gmail   : 	at com.android.internal.os.ZygoteInit.main(ZygoteInit.java:930)
10-01 12:35:17.576  7116  7116 W Gmail   : Caused by: usu: Failed to sync missing settings from the server. Missing values for required settings [utc<ALIAS_ADDRESSES>, utc<DEFAULT_FROM_ADDRESS>, utc<VERIFIED_FROM_ADDRESSES>, utc<NEEDS_ONBOARDING>]. Can not start SettingsClient.
10-01 12:35:17.576  7116  7116 W Gmail   : 	at usd.a(Unknown Source:8)
10-01 12:35:17.576  7116  7116 W Gmail   : 	at abmj.a(Unknown Source:2)
10-01 12:35:17.576  7116  7116 W Gmail   : 	at abjj.a(SourceFile:2)
10-01 12:35:17.576  7116  7116 W Gmail   : 	at adot.run(SourceFile:3)
10-01 12:35:17.576  7116  7116 W Gmail   : 	at aaju.run(Unknown Source:3)
10-01 12:35:17.576  7116  7116 W Gmail   : 	at aaaj.run(Unknown Source:3)
10-01 12:35:17.576  7116  7116 W Gmail   : 	at java.util.concurrent.Executors$RunnableAdapter.call(Executors.java:462)
10-01 12:35:17.576  7116  7116 W Gmail   : 	at java.util.concurrent.FutureTask.run(FutureTask.java:266)
10-01 12:35:17.576  7116  7116 W Gmail   : 	at java.util.concurrent.ScheduledThreadPoolExecutor$ScheduledFutureTask.run(ScheduledThreadPoolExecutor.java:301)
10-01 12:35:17.576  7116  7116 W Gmail   : 	at java.util.concurrent.ThreadPoolExecutor.runWorker(ThreadPoolExecutor.java:1167)
10-01 12:35:17.576  7116  7116 W Gmail   : 	at java.util.concurrent.ThreadPoolExecutor$Worker.run(ThreadPoolExecutor.java:641)
10-01 12:35:17.576  7116  7116 W Gmail   : 	at java.lang.Thread.run(Thread.java:919)
10-01 12:35:17.576  7116  7116 W Gmail   : Caused by: ukr: [/sync/st/s] UNKNOWN: Unknown network error: java.io.IOException: NetworkError
10-01 12:35:17.576  7116  7116 W Gmail   : 	at uki.a(SourceFile:10)
10-01 12:35:17.576  7116  7116 W Gmail   : 	at ukq.a(SourceFile:6)
10-01 12:35:17.576  7116  7116 W Gmail   : 	at ukt.a(Unknown Source:3)
10-01 12:35:17.576  7116  7116 W Gmail   : 	at abml.a(Unknown Source:2)
10-01 12:35:17.576  7116  7116 W Gmail   : 	at abjj.a(SourceFile:2)
10-01 12:35:17.576  7116  7116 W Gmail   : 	at adot.run(SourceFile:3)
10-01 12:35:17.576  7116  7116 W Gmail   : 	at adog.execute(Unknown Source:0)
10-01 12:35:17.576  7116  7116 W Gmail   : 	at abni.execute(SourceFile:3)
10-01 12:35:17.576  7116  7116 W Gmail   : 	at adnb.b(SourceFile:21)
10-01 12:35:17.576  7116  7116 W Gmail   : 	at adnb.a(SourceFile:14)
10-01 12:35:17.576  7116  7116 W Gmail   : 	at adnb.a(SourceFile:55)
10-01 12:35:17.576  7116  7116 W Gmail   : 	at aajd.a(Unknown Source:3)
10-01 12:35:17.576  7116  7116 W Gmail   : 	at abjj.a(SourceFile:2)
10-01 12:35:17.576  7116  7116 W Gmail   : 	at adot.run(SourceFile:3)
10-01 12:35:17.576  7116  7116 W Gmail   : 	... 7 more
10-01 12:35:17.576  7116  7116 W Gmail   : Caused by: java.io.IOException: NetworkError

----- Pixel2.arm-29-en-portrait/logcat:2469 -----
10-01 12:35:17.576  7116  7116 W Gmail   : 	at aaaj.run(Unknown Source:3)
10-01 12:35:17.576  7116  7116 W Gmail   : 	at android.os.Handler.handleCallback(Handler.java:883)
10-01 12:35:17.576  7116  7116 W Gmail   : 	at android.os.Handler.dispatchMessage(Handler.java:100)
10-01 12:35:17.576  7116  7116 W Gmail   : 	at android.os.Looper.loop(Looper.java:214)
10-01 12:35:17.576  7116  7116 W Gmail   : 	at android.app.ActivityThread.main(ActivityThread.java:7356)
10-01 12:35:17.576  7116  7116 W Gmail   : 	at java.lang.reflect.Method.invoke(Native Method)
10-01 12:35:17.576  7116  7116 W Gmail   : 	at com.android.internal.os.RuntimeInit$MethodAndArgsCaller.run(RuntimeInit.java:492)
10-01 12:35:17.576  7116  7116 W Gmail   : 	at com.android.internal.os.ZygoteInit.main(ZygoteInit.java:930)
10-01 12:35:17.576  7116  7116 W Gmail   : Caused by: usu: Failed to sync missing settings from the server. Missing values for required settings [utc<ALIAS_ADDRESSES>, utc<DEFAULT_FROM_ADDRESS>, utc<VERIFIED_FROM_ADDRESSES>, utc<NEEDS_ONBOARDING>]. Can not start SettingsClient.
10-01 12:35:17.576  7116  7116 W Gmail   : 	at usd.a(Unknown Source:8)
10-01 12:35:17.576  7116  7116 W Gmail   : 	at abmj.a(Unknown Source:2)
10-01 12:35:17.576  7116  7116 W Gmail   : 	at abjj.a(SourceFile:2)
10-01 12:35:17.576  7116  7116 W Gmail   : 	at adot.run(SourceFile:3)
10-01 12:35:17.576  7116  7116 W Gmail   : 	at aaju.run(Unknown Source:3)
10-01 12:35:17.576  7116  7116 W Gmail   : 	at aaaj.run(Unknown Source:3)
10-01 12:35:17.576  7116  7116 W Gmail   : 	at java.util.concurrent.Executors$RunnableAdapter.call(Executors.java:462)
10-01 12:35:17.576  7116  7116 W Gmail   : 	at java.util.concurrent.FutureTask.run(FutureTask.java:266)
10-01 12:35:17.576  7116  7116 W Gmail   : 	at java.util.concurrent.ScheduledThreadPoolExecutor$ScheduledFutureTask.run(ScheduledThreadPoolExecutor.java:301)
10-01 12:35:17.576  7116  7116 W Gmail   : 	at java.util.concurrent.ThreadPoolExecutor.runWorker(ThreadPoolExecutor.java:1167)
10-01 12:35:17.576  7116  7116 W Gmail   : 	at java.util.concurrent.ThreadPoolExecutor$Worker.run(ThreadPoolExecutor.java:641)
10-01 12:35:17.576  7116  7116 W Gmail   : 	at java.lang.Thread.run(Thread.java:919)
10-01 12:35:17.576  7116  7116 W Gmail   : Caused by: ukr: [/sync/st/s] UNKNOWN: Unknown network error: java.io.IOException: NetworkError
10-01 12:35:17.576  7116  7116 W Gmail   : 	at uki.a(SourceFile:10)
10-01 12:35:17.576  7116  7116 W Gmail   : 	at ukq.a(SourceFile:6)
10-01 12:35:17.576  7116  7116 W Gmail   : 	at ukt.a(Unknown Source:3)
10-01 12:35:17.576  7116  7116 W Gmail   : 	at abml.a(Unknown Source:2)
10-01 12:35:17.576  7116  7116 W Gmail   : 	at abjj.a(SourceFile:2)
10-01 12:35:17.576  7116  7116 W Gmail   : 	at adot.run(SourceFile:3)
10-01 12:35:17.576  7116  7116 W Gmail   : 	at adog.execute(Unknown Source:0)
10-01 12:35:17.576  7116  7116 W Gmail   : 	at abni.execute(SourceFile:3)
10-01 12:35:17.576  7116  7116 W Gmail   : 	at adnb.b(SourceFile:21)
10-01 12:35:17.576  7116  7116 W Gmail   : 	at adnb.a(SourceFile:14)
10-01 12:35:17.576  7116  7116 W Gmail   : 	at adnb.a(SourceFile:55)
10-01 12:35:17.576  7116  7116 W Gmail   : 	at aajd.a(Unknown Source:3)
10-01 12:35:17.576  7116  7116 W Gmail   : 	at abjj.a(SourceFile:2)
10-01 12:35:17.576  7116  7116 W Gmail   : 	at adot.run(SourceFile:3)
10-01 12:35:17.576  7116  7116 W Gmail   : 	... 7 more
10-01 12:35:17.576  7116  7116 W Gmail   : Caused by: java.io.IOException: NetworkError
10-01 12:35:17.576  7116  7116 W Gmail   : 	at jii.a(SourceFile:9)
10-01 12:35:17.576  7116  7116 W Gmail   : 	at jdc.a(SourceFile:5)
10-01 12:35:17.576  7116  7116 W Gmail   : 	at jdc.a(SourceFile:2)
10-01 12:35:17.576  7116  7116 W Gmail   : 	at mlo.a(SourceFile:1)
10-01 12:35:17.576  7116  7116 W Gmail   : 	at aago.a(Unknown Source:18)
10-01 12:35:17.576  7116  7116 W Gmail   : 	at abld.a(SourceFile:2)
10-01 12:35:17.576  7116  7116 W Gmail   : 	at abkl.run(Unknown Source:8)
10-01 12:35:17.576  7116  7116 W Gmail   : 	... 7 more
10-01 12:35:17.582  7818  7818 I oid.setupwizar: The ClassLoaderContext is a special shared library.
10-01 12:35:17.582  7818  7818 I oid.setupwizar: The ClassLoaderContext is a special shared library.
10-01 12:35:17.598  7116  7698 E Gmail   : MailSyncAdapterService:GIG sync failed because SAPI initialization failed for: -1174481011.
10-01 12:35:17.598  7116  7698 E Gmail   : gca: java.util.concurrent.ExecutionException: abnf: Combined exception with 2 causes
10-01 12:35:17.598  7116  7698 E Gmail   : 	at gbx.b(SourceFile:3)
10-01 12:35:17.598  7116  7698 E Gmail   : 	at ihb.a(SourceFile:58)
10-01 12:35:17.598  7116  7698 E Gmail   : 	at ihb.a(SourceFile:39)
10-01 12:35:17.598  7116  7698 E Gmail   : 	at buv.onPerformSync(SourceFile:2)
10-01 12:35:17.598  7116  7698 E Gmail   : 	at ihb.onPerformSync(SourceFile:8)
10-01 12:35:17.598  7116  7698 E Gmail   : 	at android.content.AbstractThreadedSyncAdapter$SyncThread.run(AbstractThreadedSyncAdapter.java:334)
10-01 12:35:17.598  7116  7698 E Gmail   : Caused by: java.util.concurrent.ExecutionException: abnf: Combined exception with 2 causes
10-01 12:35:17.598  7116  7698 E Gmail   : 	at adnb.a(SourceFile:3)
10-01 12:35:17.598  7116  7698 E Gmail   : 	at adnb.get(SourceFile:7)
10-01 12:35:17.598  7116  7698 E Gmail   : 	at gbx.b(SourceFile:1)
10-01 12:35:17.598  7116  7698 E Gmail   : 	... 5 more

----- Pixel2.arm-29-en-portrait/logcat:2587 -----
10-01 12:35:17.598  7116  7698 E Gmail   : 	at adnb.a(SourceFile:55)
10-01 12:35:17.598  7116  7698 E Gmail   : 	at adno.run(SourceFile:11)
10-01 12:35:17.598  7116  7698 E Gmail   : 	at adpj.run(Unknown Source:7)
10-01 12:35:17.598  7116  7698 E Gmail   : 	at adog.execute(Unknown Source:0)
10-01 12:35:17.598  7116  7698 E Gmail   : 	at gga.execute(Unknown Source:4)
10-01 12:35:17.598  7116  7698 E Gmail   : 	at adpg.execute(SourceFile:1)
10-01 12:35:17.598  7116  7698 E Gmail   : 	at adnb.b(SourceFile:21)
10-01 12:35:17.598  7116  7698 E Gmail   : 	at adnb.a(SourceFile:14)
10-01 12:35:17.598  7116  7698 E Gmail   : 	at adnb.a(SourceFile:55)
10-01 12:35:17.598  7116  7698 E Gmail   : 	at adno.run(SourceFile:11)
10-01 12:35:17.598  7116  7698 E Gmail   : 	at adpj.run(Unknown Source:7)
10-01 12:35:17.598  7116  7698 E Gmail   : 	at adog.execute(Unknown Source:0)
10-01 12:35:17.598  7116  7698 E Gmail   : 	at gga.execute(Unknown Source:4)
10-01 12:35:17.598  7116  7698 E Gmail   : 	at adpg.execute(SourceFile:1)
10-01 12:35:17.598  7116  7698 E Gmail   : 	at adnb.b(SourceFile:21)
10-01 12:35:17.598  7116  7698 E Gmail   : 	at adnb.a(SourceFile:14)
10-01 12:35:17.598  7116  7698 E Gmail   : 	at adnb.a(SourceFile:55)
10-01 12:35:17.598  7116  7698 E Gmail   : 	at eif.a(SourceFile:23)
10-01 12:35:17.598  7116  7698 E Gmail   : 	at zzn.run(Unknown Source:6)
10-01 12:35:17.598  7116  7698 E Gmail   : 	... 8 more
10-01 12:35:17.598  7116  7698 E Gmail   : Caused by: java.lang.RuntimeException: Failed to fetch SAPI.
10-01 12:35:17.598  7116  7698 E Gmail   : 	at eif.a(SourceFile:22)
10-01 12:35:17.598  7116  7698 E Gmail   : 	... 9 more
10-01 12:35:17.598  7116  7698 E Gmail   : Caused by: usu: Failed to sync missing settings from the server. Missing values for required settings [utc<ALIAS_ADDRESSES>, utc<DEFAULT_FROM_ADDRESS>, utc<VERIFIED_FROM_ADDRESSES>, utc<NEEDS_ONBOARDING>]. Can not start SettingsClient.
10-01 12:35:17.598  7116  7698 E Gmail   : 	at usd.a(Unknown Source:8)
10-01 12:35:17.598  7116  7698 E Gmail   : 	at abmj.a(Unknown Source:2)
10-01 12:35:17.598  7116  7698 E Gmail   : 	at abjj.a(SourceFile:2)
10-01 12:35:17.598  7116  7698 E Gmail   : 	at adot.run(SourceFile:3)
10-01 12:35:17.598  7116  7698 E Gmail   : 	at aaju.run(Unknown Source:3)
10-01 12:35:17.598  7116  7698 E Gmail   : 	at aaaj.run(Unknown Source:3)
10-01 12:35:17.598  7116  7698 E Gmail   : 	at java.util.concurrent.Executors$RunnableAdapter.call(Executors.java:462)
10-01 12:35:17.598  7116  7698 E Gmail   : 	at java.util.concurrent.FutureTask.run(FutureTask.java:266)
10-01 12:35:17.598  7116  7698 E Gmail   : 	at java.util.concurrent.ScheduledThreadPoolExecutor$ScheduledFutureTask.run(ScheduledThreadPoolExecutor.java:301)
10-01 12:35:17.598  7116  7698 E Gmail   : 	at java.util.concurrent.ThreadPoolExecutor.runWorker(ThreadPoolExecutor.java:1167)
10-01 12:35:17.598  7116  7698 E Gmail   : 	at java.util.concurrent.ThreadPoolExecutor$Worker.run(ThreadPoolExecutor.java:641)
10-01 12:35:17.598  7116  7698 E Gmail   : 	at java.lang.Thread.run(Thread.java
10-01 12:35:17.599  7116  7698 W Gmail   : SyncServiceUtils:Block sync for 300000 ms
10-01 12:35:17.600  7214  7214 D MusicLifecycle: com.google.android.music.AccountsBroadcastReceiver generated event: Broadcast received with context android.app.ReceiverRestrictedContext@51a4f47 and intent Intent { act=android.accounts.LOGIN_ACCOUNTS_CHANGED flg=0x5000010 cmp=com.google.android.music/.AccountsBroadcastReceiver }
10-01 12:35:17.600  7818  7818 I SetupWizard: [biq] Start loading FRP status
10-01 12:35:17.600  7214  7244 I SignupStatusTask: Starting 'com.google.android.music.sync.google.MusicGcmTaskService
10-01 12:35:17.607   379   522 W SyncManager: failed sync operation JobId=102473 ***/com.google u0 [gmail-ls] OTHER ExpectedIn=-1s STANDBY-EXEMPTED Reason=AutoSync, SyncResult: tooManyRetries: true delayUntil: 1759347617 stats []
10-01 12:35:17.608  4265  4265 W SystemServiceRegistry: No service published for: persistent_data_block
10-01 12:35:17.610  7116  7731 E yrn     : Error observing nonCriticalStartEvent, not executing ads startup job.
10-01 12:35:17.610  7116  7731 E yrn     : usu: Failed to sync missing settings from the server. Missing values for required settings [utc<ALIAS_ADDRESSES>, utc<DEFAULT_FROM_ADDRESS>, utc<VERIFIED_FROM_ADDRESSES>, utc<NEEDS_ONBOARDING>]. Can not start SettingsClient.
10-01 12:35:17.610  7116  7731 E yrn     : 	at usd.a(Unknown Source:8)
10-01 12:35:17.610  7116  7731 E yrn     : 	at abmj.a(Unknown Source:2)
10-01 12:35:17.610  7116  7731 E yrn     : 	at abjj.a(SourceFile:2)
10-01 12:35:17.610  7116  7731 E yrn     : 	at adot.run(SourceFile:3)
10-01 12:35:17.610  7116  7731 E yrn     : 	at aaju.run(Unknown Source:3)
10-01 12:35:17.610  7116  7731 E yrn     : 	at aaaj.run(Unknown Source:3)
10-01 12:35:17.610  7116  7731 E yrn     : 	at java.util.concurrent.Executors$RunnableAdapter.call(Executors.java:462)
10-01 12:35:17.610  7116  7731 E yrn     : 	at java.util.concurrent.FutureTask.run(FutureTask.java:266)
10-01 12:35:17.610  7116  7731 E yrn     : 	at java.util.concurrent.ScheduledThreadPoolExecutor$ScheduledFutureTask.run(ScheduledThreadPoolExecutor.java:301)
10-01 12:35:17.610  7116  7731 E yrn     : 	at java.util.concurrent.ThreadPoolExecutor.runWorker(ThreadPoolExecutor.java:1167)
10-01 12:35:17.610  7116  7731 E yrn     : 	at java.util.concurrent.ThreadPoolExecutor$Worker.run(ThreadPoolExecutor.java:641)
10-01 12:35:17.610  7116  7731 E yrn     : 	at java.lang.Thread.run(Thread.java:919)
10-01 12:35:17.610  7116  7731 E yrn     : Caused by: ukr: [/sync/st/s] UNKNOWN: Unknown network error: java.io.IOException: NetworkError
10-01 12:35:17.610  7116  7731 E yrn     : 	at uki.a(SourceFile:10)
10-01 12:35:17.610  7116  7731 E yrn     : 	at ukq.a(SourceFile:6)
10-01 12:35:17.610  7116  7731 E yrn     : 	at ukt.a(Unknown Source:3)
10-01 12:35:17.610  7116  7731 E yrn     : 	at abml.a(Unknown Source:2)

----- Pixel2.arm-29-en-portrait/logcat:2602 -----
10-01 12:35:17.598  7116  7698 E Gmail   : 	at adnb.a(SourceFile:14)
10-01 12:35:17.598  7116  7698 E Gmail   : 	at adnb.a(SourceFile:55)
10-01 12:35:17.598  7116  7698 E Gmail   : 	at eif.a(SourceFile:23)
10-01 12:35:17.598  7116  7698 E Gmail   : 	at zzn.run(Unknown Source:6)
10-01 12:35:17.598  7116  7698 E Gmail   : 	... 8 more
10-01 12:35:17.598  7116  7698 E Gmail   : Caused by: java.lang.RuntimeException: Failed to fetch SAPI.
10-01 12:35:17.598  7116  7698 E Gmail   : 	at eif.a(SourceFile:22)
10-01 12:35:17.598  7116  7698 E Gmail   : 	... 9 more
10-01 12:35:17.598  7116  7698 E Gmail   : Caused by: usu: Failed to sync missing settings from the server. Missing values for required settings [utc<ALIAS_ADDRESSES>, utc<DEFAULT_FROM_ADDRESS>, utc<VERIFIED_FROM_ADDRESSES>, utc<NEEDS_ONBOARDING>]. Can not start SettingsClient.
10-01 12:35:17.598  7116  7698 E Gmail   : 	at usd.a(Unknown Source:8)
10-01 12:35:17.598  7116  7698 E Gmail   : 	at abmj.a(Unknown Source:2)
10-01 12:35:17.598  7116  7698 E Gmail   : 	at abjj.a(SourceFile:2)
10-01 12:35:17.598  7116  7698 E Gmail   : 	at adot.run(SourceFile:3)
10-01 12:35:17.598  7116  7698 E Gmail   : 	at aaju.run(Unknown Source:3)
10-01 12:35:17.598  7116  7698 E Gmail   : 	at aaaj.run(Unknown Source:3)
10-01 12:35:17.598  7116  7698 E Gmail   : 	at java.util.concurrent.Executors$RunnableAdapter.call(Executors.java:462)
10-01 12:35:17.598  7116  7698 E Gmail   : 	at java.util.concurrent.FutureTask.run(FutureTask.java:266)
10-01 12:35:17.598  7116  7698 E Gmail   : 	at java.util.concurrent.ScheduledThreadPoolExecutor$ScheduledFutureTask.run(ScheduledThreadPoolExecutor.java:301)
10-01 12:35:17.598  7116  7698 E Gmail   : 	at java.util.concurrent.ThreadPoolExecutor.runWorker(ThreadPoolExecutor.java:1167)
10-01 12:35:17.598  7116  7698 E Gmail   : 	at java.util.concurrent.ThreadPoolExecutor$Worker.run(ThreadPoolExecutor.java:641)
10-01 12:35:17.598  7116  7698 E Gmail   : 	at java.lang.Thread.run(Thread.java
10-01 12:35:17.599  7116  7698 W Gmail   : SyncServiceUtils:Block sync for 300000 ms
10-01 12:35:17.600  7214  7214 D MusicLifecycle: com.google.android.music.AccountsBroadcastReceiver generated event: Broadcast received with context android.app.ReceiverRestrictedContext@51a4f47 and intent Intent { act=android.accounts.LOGIN_ACCOUNTS_CHANGED flg=0x5000010 cmp=com.google.android.music/.AccountsBroadcastReceiver }
10-01 12:35:17.600  7818  7818 I SetupWizard: [biq] Start loading FRP status
10-01 12:35:17.600  7214  7244 I SignupStatusTask: Starting 'com.google.android.music.sync.google.MusicGcmTaskService
10-01 12:35:17.607   379   522 W SyncManager: failed sync operation JobId=102473 ***/com.google u0 [gmail-ls] OTHER ExpectedIn=-1s STANDBY-EXEMPTED Reason=AutoSync, SyncResult: tooManyRetries: true delayUntil: 1759347617 stats []
10-01 12:35:17.608  4265  4265 W SystemServiceRegistry: No service published for: persistent_data_block
10-01 12:35:17.610  7116  7731 E yrn     : Error observing nonCriticalStartEvent, not executing ads startup job.
10-01 12:35:17.610  7116  7731 E yrn     : usu: Failed to sync missing settings from the server. Missing values for required settings [utc<ALIAS_ADDRESSES>, utc<DEFAULT_FROM_ADDRESS>, utc<VERIFIED_FROM_ADDRESSES>, utc<NEEDS_ONBOARDING>]. Can not start SettingsClient.
10-01 12:35:17.610  7116  7731 E yrn     : 	at usd.a(Unknown Source:8)
10-01 12:35:17.610  7116  7731 E yrn     : 	at abmj.a(Unknown Source:2)
10-01 12:35:17.610  7116  7731 E yrn     : 	at abjj.a(SourceFile:2)
10-01 12:35:17.610  7116  7731 E yrn     : 	at adot.run(SourceFile:3)
10-01 12:35:17.610  7116  7731 E yrn     : 	at aaju.run(Unknown Source:3)
10-01 12:35:17.610  7116  7731 E yrn     : 	at aaaj.run(Unknown Source:3)
10-01 12:35:17.610  7116  7731 E yrn     : 	at java.util.concurrent.Executors$RunnableAdapter.call(Executors.java:462)
10-01 12:35:17.610  7116  7731 E yrn     : 	at java.util.concurrent.FutureTask.run(FutureTask.java:266)
10-01 12:35:17.610  7116  7731 E yrn     : 	at java.util.concurrent.ScheduledThreadPoolExecutor$ScheduledFutureTask.run(ScheduledThreadPoolExecutor.java:301)
10-01 12:35:17.610  7116  7731 E yrn     : 	at java.util.concurrent.ThreadPoolExecutor.runWorker(ThreadPoolExecutor.java:1167)
10-01 12:35:17.610  7116  7731 E yrn     : 	at java.util.concurrent.ThreadPoolExecutor$Worker.run(ThreadPoolExecutor.java:641)
10-01 12:35:17.610  7116  7731 E yrn     : 	at java.lang.Thread.run(Thread.java:919)
10-01 12:35:17.610  7116  7731 E yrn     : Caused by: ukr: [/sync/st/s] UNKNOWN: Unknown network error: java.io.IOException: NetworkError
10-01 12:35:17.610  7116  7731 E yrn     : 	at uki.a(SourceFile:10)
10-01 12:35:17.610  7116  7731 E yrn     : 	at ukq.a(SourceFile:6)
10-01 12:35:17.610  7116  7731 E yrn     : 	at ukt.a(Unknown Source:3)
10-01 12:35:17.610  7116  7731 E yrn     : 	at abml.a(Unknown Source:2)
10-01 12:35:17.610  7116  7731 E yrn     : 	at abjj.a(SourceFile:2)
10-01 12:35:17.610  7116  7731 E yrn     : 	at adot.run(SourceFile:3)
10-01 12:35:17.610  7116  7731 E yrn     : 	at adog.execute(Unknown Source:0)
10-01 12:35:17.610  7116  7731 E yrn     : 	at abni.execute(SourceFile:3)
10-01 12:35:17.610  7116  7731 E yrn     : 	at adnb.b(SourceFile:21)
10-01 12:35:17.610  7116  7731 E yrn     : 	at adnb.a(SourceFile:14)
10-01 12:35:17.610  7116  7731 E yrn     : 	at adnb.a(SourceFile:55)
10-01 12:35:17.610  7116  7731 E yrn     : 	at aajd.a(Unknown Source:3)
10-01 12:35:17.610  7116  7731 E yrn     : 	at abjj.a(SourceFile:2)
10-01 12:35:17.610  7116  7731 E yrn     : 	at adot.run(SourceFile:3)
10-01 12:35:17.610  7116  7731 E yrn     : 	... 7 more
10-01 12:35:17.610  7116  7731 E yrn     : Caused by: java.io.IOException: NetworkError
10-01 12:35:17.610  7116  7731 E yrn     : 	at jii.a(SourceFile:9)
10-01 12:35:17.610  7116  7731 E yrn     : 	at jdc.a(SourceFile:5)
10-01 12:35:17.610  7116  7731 E yrn     : 	at jdc.a(SourceFile:2)

----- Pixel2.arm-29-en-portrait/logcat:2622 -----
10-01 12:35:17.598  7116  7698 E Gmail   : 	at java.lang.Thread.run(Thread.java
10-01 12:35:17.599  7116  7698 W Gmail   : SyncServiceUtils:Block sync for 300000 ms
10-01 12:35:17.600  7214  7214 D MusicLifecycle: com.google.android.music.AccountsBroadcastReceiver generated event: Broadcast received with context android.app.ReceiverRestrictedContext@51a4f47 and intent Intent { act=android.accounts.LOGIN_ACCOUNTS_CHANGED flg=0x5000010 cmp=com.google.android.music/.AccountsBroadcastReceiver }
10-01 12:35:17.600  7818  7818 I SetupWizard: [biq] Start loading FRP status
10-01 12:35:17.600  7214  7244 I SignupStatusTask: Starting 'com.google.android.music.sync.google.MusicGcmTaskService
10-01 12:35:17.607   379   522 W SyncManager: failed sync operation JobId=102473 ***/com.google u0 [gmail-ls] OTHER ExpectedIn=-1s STANDBY-EXEMPTED Reason=AutoSync, SyncResult: tooManyRetries: true delayUntil: 1759347617 stats []
10-01 12:35:17.608  4265  4265 W SystemServiceRegistry: No service published for: persistent_data_block
10-01 12:35:17.610  7116  7731 E yrn     : Error observing nonCriticalStartEvent, not executing ads startup job.
10-01 12:35:17.610  7116  7731 E yrn     : usu: Failed to sync missing settings from the server. Missing values for required settings [utc<ALIAS_ADDRESSES>, utc<DEFAULT_FROM_ADDRESS>, utc<VERIFIED_FROM_ADDRESSES>, utc<NEEDS_ONBOARDING>]. Can not start SettingsClient.
10-01 12:35:17.610  7116  7731 E yrn     : 	at usd.a(Unknown Source:8)
10-01 12:35:17.610  7116  7731 E yrn     : 	at abmj.a(Unknown Source:2)
10-01 12:35:17.610  7116  7731 E yrn     : 	at abjj.a(SourceFile:2)
10-01 12:35:17.610  7116  7731 E yrn     : 	at adot.run(SourceFile:3)
10-01 12:35:17.610  7116  7731 E yrn     : 	at aaju.run(Unknown Source:3)
10-01 12:35:17.610  7116  7731 E yrn     : 	at aaaj.run(Unknown Source:3)
10-01 12:35:17.610  7116  7731 E yrn     : 	at java.util.concurrent.Executors$RunnableAdapter.call(Executors.java:462)
10-01 12:35:17.610  7116  7731 E yrn     : 	at java.util.concurrent.FutureTask.run(FutureTask.java:266)
10-01 12:35:17.610  7116  7731 E yrn     : 	at java.util.concurrent.ScheduledThreadPoolExecutor$ScheduledFutureTask.run(ScheduledThreadPoolExecutor.java:301)
10-01 12:35:17.610  7116  7731 E yrn     : 	at java.util.concurrent.ThreadPoolExecutor.runWorker(ThreadPoolExecutor.java:1167)
10-01 12:35:17.610  7116  7731 E yrn     : 	at java.util.concurrent.ThreadPoolExecutor$Worker.run(ThreadPoolExecutor.java:641)
10-01 12:35:17.610  7116  7731 E yrn     : 	at java.lang.Thread.run(Thread.java:919)
10-01 12:35:17.610  7116  7731 E yrn     : Caused by: ukr: [/sync/st/s] UNKNOWN: Unknown network error: java.io.IOException: NetworkError
10-01 12:35:17.610  7116  7731 E yrn     : 	at uki.a(SourceFile:10)
10-01 12:35:17.610  7116  7731 E yrn     : 	at ukq.a(SourceFile:6)
10-01 12:35:17.610  7116  7731 E yrn     : 	at ukt.a(Unknown Source:3)
10-01 12:35:17.610  7116  7731 E yrn     : 	at abml.a(Unknown Source:2)
10-01 12:35:17.610  7116  7731 E yrn     : 	at abjj.a(SourceFile:2)
10-01 12:35:17.610  7116  7731 E yrn     : 	at adot.run(SourceFile:3)
10-01 12:35:17.610  7116  7731 E yrn     : 	at adog.execute(Unknown Source:0)
10-01 12:35:17.610  7116  7731 E yrn     : 	at abni.execute(SourceFile:3)
10-01 12:35:17.610  7116  7731 E yrn     : 	at adnb.b(SourceFile:21)
10-01 12:35:17.610  7116  7731 E yrn     : 	at adnb.a(SourceFile:14)
10-01 12:35:17.610  7116  7731 E yrn     : 	at adnb.a(SourceFile:55)
10-01 12:35:17.610  7116  7731 E yrn     : 	at aajd.a(Unknown Source:3)
10-01 12:35:17.610  7116  7731 E yrn     : 	at abjj.a(SourceFile:2)
10-01 12:35:17.610  7116  7731 E yrn     : 	at adot.run(SourceFile:3)
10-01 12:35:17.610  7116  7731 E yrn     : 	... 7 more
10-01 12:35:17.610  7116  7731 E yrn     : Caused by: java.io.IOException: NetworkError
10-01 12:35:17.610  7116  7731 E yrn     : 	at jii.a(SourceFile:9)
10-01 12:35:17.610  7116  7731 E yrn     : 	at jdc.a(SourceFile:5)
10-01 12:35:17.610  7116  7731 E yrn     : 	at jdc.a(SourceFile:2)
10-01 12:35:17.610  7116  7731 E yrn     : 	at mlo.a(SourceFile:1)
10-01 12:35:17.610  7116  7731 E yrn     : 	at aago.a(Unknown Source:18)
10-01 12:35:17.610  7116  7731 E yrn     : 	at abld.a(SourceFile:2)
10-01 12:35:17.610  7116  7731 E yrn     : 	at abkl.run(Unknown Source:8)
10-01 12:35:17.610  7116  7731 E yrn     : 	... 7 more
10-01 12:35:17.620  4320  6729 I ewem    : isGlifExpressiveStyleEnabled is false
10-01 12:35:17.625  7116  7116 W wvh     : Not running (never started): wvh@7dd4bb5
10-01 12:35:17.626  7818  7818 I SetupWizard: [biq] frpStatus=supported=false challengeRequired=false duration=22ms
10-01 12:35:17.628  4320  7792 I wrk     : Got URL response, starting to read response body. uri=https://lh3.googleusercontent.com/a/ACg8ocLMONFfnKojSFrgrh6uP5MK1TsMulStobeuj-d-r1EGW161OQ=s126-mo
10-01 12:35:17.630  4320  4354 W ServiceBindIntentUtils: Dynamic lookup for intent failed for action: com.google.android.gms.payse.service.BIND
10-01 12:35:17.631  4320  4320 D BoundBrokerSvc: onBind: Intent { act=com.google.android.gms.payse.service.BIND pkg=com.google.android.gms }
10-01 12:35:17.631  4320  4320 D BoundBrokerSvc: Loading bound service for intent: Intent { act=com.google.android.gms.payse.service.BIND pkg=com.google.android.gms }
10-01 12:35:17.631  4320  4320 I BndSvcConfigHelper: No bound-service is registered for action: com.google.android.gms.payse.service.BIND
10-01 12:35:17.631  4320  4320 I BoundBrokerSvc: Bound service not available for: Intent { act=com.google.android.gms.payse.service.BIND pkg=com.google.android.gms }
10-01 12:35:17.631  4320  4320 I GmsApiChimeraSvc: Handling missing api service for: com.google.android.gms.payse.service.BIND
10-01 12:35:17.632  4320  4320 D BoundBrokerSvc: onBind: Intent { act=com.google.android.gms.fido.fido2.regular.START dat=chimera-action: cmp=com.google.android.gms/.chimera.GmsBoundBrokerService }
10-01 12:35:17.632  4320  4320 D BoundBrokerSvc: Loading bound service for intent: Intent { act=com.google.android.gms.fido.fido2.regular.START dat=chimera-action: cmp=com.google.android.gms/.chimera.GmsBoundBrokerService }
10-01 12:35:17.634  4320  4354 I GmsApiChimeraSvc: Using MissingApiServiceBroker for com.google.android.gms.payse.service.BIND due to missing BoundService implementation
10-01 12:35:17.635  4320  7791 I wrk     : Got URL response, starting to read response body. uri=https://lh3.googleusercontent.com/a/ACg8ocLMONFfnKojSFrgrh6uP5MK1TsMulStobeuj-d-r1EGW161OQ=s315-mo
10-01 12:35:17.648   379   416 I RoleUserState: Wrote roles.xml successfully

----- Pixel2.arm-29-en-portrait/logcat:2715 -----
10-01 12:35:17.712   808   828 D TelephonyProvider: getPreferredApnIdFromApn: for subId -1
10-01 12:35:17.713  4320  7845 W gle.android.gm: Accessing hidden method Landroid/view/WindowInsets$Type;->systemBars()I (blacklist, linking, denied)
10-01 12:35:17.713  4320  7845 W gle.android.gm: Accessing hidden method Landroid/view/WindowInsets$Type;->mandatorySystemGestures()I (blacklist, linking, denied)
10-01 12:35:17.717  4320  7211 I wrk     : Got URL response, starting to read response body. uri=https://lh3.googleusercontent.com/a/ACg8ocLMONFfnKojSFrgrh6uP5MK1TsMulStobeuj-d-r1EGW161OQ=s84-mo
10-01 12:35:17.718  4320  7804 I FSA2_ContactSyncGrpc: Received non-null API-contact response
10-01 12:35:17.735  4320  7211 I wrk     : Got URL response, starting to read response body. uri=https://lh3.googleusercontent.com/a/ACg8ocLMONFfnKojSFrgrh6uP5MK1TsMulStobeuj-d-r1EGW161OQ=s168-mo
10-01 12:35:17.735  4320  4320 D BoundBrokerSvc: onBind: Intent { act=com.google.android.gms.ocr.service.internal.START dat=chimera-action: cmp=com.google.android.gms/.chimera.GmsInternalApiService }
10-01 12:35:17.743  4320  4320 D BoundBrokerSvc: Loading bound service for intent: Intent { act=com.google.android.gms.ocr.service.internal.START dat=chimera-action: cmp=com.google.android.gms/.chimera.GmsInternalApiService }
10-01 12:35:17.744  4320  7688 I FSA2_SyncState: @readSyncState: # dhoj@9270ce2d
10-01 12:35:17.753  4320  7759 I wrk     : Response body written. bytesWritten=812, uri=https://lh3.googleusercontent.com/a/ACg8ocLMONFfnKojSFrgrh6uP5MK1TsMulStobeuj-d-r1EGW161OQ=s84-mo
10-01 12:35:17.754  4320  7759 I wrk     : Request complete, closing. uri=https://lh3.googleusercontent.com/a/ACg8ocLMONFfnKojSFrgrh6uP5MK1TsMulStobeuj-d-r1EGW161OQ=s84-mo
10-01 12:35:17.756  4320  4540 I wrk     : Exceeded max concurrent downloads, not running another queued request
10-01 12:35:17.758  4320  7792 I wrk     : Exceeded max concurrent downloads, not running another queued request
10-01 12:35:17.764  4320  7759 I wrk     : Response body written. bytesWritten=1648, uri=https://lh3.googleusercontent.com/a/ACg8ocLMONFfnKojSFrgrh6uP5MK1TsMulStobeuj-d-r1EGW161OQ=s168-mo
10-01 12:35:17.764  4320  7759 I wrk     : Request complete, closing. uri=https://lh3.googleusercontent.com/a/ACg8ocLMONFfnKojSFrgrh6uP5MK1TsMulStobeuj-d-r1EGW161OQ=s168-mo
10-01 12:35:17.764  4320  4566 I wrk     : Sending URL request: uri=https://lh3.googleusercontent.com/a/ACg8ocLMONFfnKojSFrgrh6uP5MK1TsMulStobeuj-d-r1EGW161OQ=s96-mo
10-01 12:35:17.765  4320  7211 I wrk     : Exceeded max concurrent downloads, not running another queued request
10-01 12:35:17.766  4320  6302 I wrk     : Exceeded max concurrent downloads, not running another queued request
10-01 12:35:17.775  4320  4540 I wrk     : Sending URL request: uri=https://lh3.googleusercontent.com/a/ACg8ocLMONFfnKojSFrgrh6uP5MK1TsMulStobeuj-d-r1EGW161OQ=s630-mo
10-01 12:35:17.788  6974  7766 W CalendarRequestExecutor: Failed to get response for prefetched request. Executing again.
10-01 12:35:17.788  6974  7766 W CalendarRequestExecutor: java.lang.InterruptedException
10-01 12:35:17.788  6974  7766 W CalendarRequestExecutor: 	at java.util.concurrent.FutureTask.awaitDone(FutureTask.java:420)
10-01 12:35:17.788  6974  7766 W CalendarRequestExecutor: 	at java.util.concurrent.FutureTask.get(FutureTask.java:192)
10-01 12:35:17.788  6974  7766 W CalendarRequestExecutor: 	at com.google.android.syncadapters.calendar.CalendarRequestExecutor.execute(CalendarRequestExecutor.java:114)
10-01 12:35:17.788  6974  7766 W CalendarRequestExecutor: 	at com.google.android.syncadapters.calendar.CalendarSyncAdapterApiary.getServerDiffsForAccount(CalendarSyncAdapterApiary.java:2380)
10-01 12:35:17.788  6974  7766 W CalendarRequestExecutor: 	at com.google.android.syncadapters.calendar.CalendarSyncAdapterApiary.performSync(CalendarSyncAdapterApiary.java:803)
10-01 12:35:17.788  6974  7766 W CalendarRequestExecutor: 	at com.google.android.syncadapters.calendar.CalendarSyncAdapterApiary.onPerformLoggedSync(CalendarSyncAdapterApiary.java:607)
10-01 12:35:17.788  6974  7766 W CalendarRequestExecutor: 	at com.android.emailcommon.syncadapter.LoggingThreadedSyncAdapter.onPerformSync(LoggingThreadedSyncAdapter.java:47)
10-01 12:35:17.788  6974  7766 W CalendarRequestExecutor: 	at android.content.AbstractThreadedSyncAdapter$SyncThread.run(AbstractThreadedSyncAdapter.java:334)
10-01 12:35:17.793  6974  6990 W System  : A resource failed to call close. 
10-01 12:35:17.793  6974  6990 W System  : A resource failed to call close. 
10-01 12:35:17.793  4320  7791 I wrk     : Got URL response, starting to read response body. uri=https://lh3.googleusercontent.com/a/ACg8ocLMONFfnKojSFrgrh6uP5MK1TsMulStobeuj-d-r1EGW161OQ=s96-mo
10-01 12:35:17.797  4265  4285 I GmsCoreXrpcWrapper: Returning a channel provider with trafficStatsTag=67145728 trafficStatsUid=-1
10-01 12:35:17.798  4265  4285 I chatty  : uid=10119(com.google.android.gms) Binder:4265_2 identical 2 lines
10-01 12:35:17.798  4265  4285 I GmsCoreXrpcWrapper: Returning a channel provider with trafficStatsTag=67145728 trafficStatsUid=-1
10-01 12:35:17.798  6602  7786 W droid.apps.doc: Long monitor contention with owner CelloHttp-0-b9fed78d (7765) at void sun.misc.Unsafe.park(boolean, long)(Unsafe.java:-2) waiters=0 in void bxq.a(bxr, boolean) for 494ms
10-01 12:35:17.798  6602  7786 I cello.android: GetJNIUpcallCollator
10-01 12:35:17.799  6602  7788 W droid.apps.doc: Long monitor contention with owner CelloHttp-0-b9fed78d (7765) at void sun.misc.Unsafe.park(boolean, long)(Unsafe.java:-2) waiters=1 in void bxq.a(bxr, boolean) for 494ms
10-01 12:35:17.801  6602  7786 I cello.collator: Using JavaUpcall collator
10-01 12:35:17.809  4320  7759 I wrk     : Got URL response, starting to read response body. uri=https://lh3.googleusercontent.com/a/ACg8ocLMONFfnKojSFrgrh6uP5MK1TsMulStobeuj-d-r1EGW161OQ=s630-mo
10-01 12:35:17.815  4320  7211 I wrk     : Response body written. bytesWritten=6150, uri=https://lh3.googleusercontent.com/a/ACg8ocLMONFfnKojSFrgrh6uP5MK1TsMulStobeuj-d-r1EGW161OQ=s630-mo
10-01 12:35:17.815  4320  7211 I wrk     : Request complete, closing. uri=https://lh3.googleusercontent.com/a/ACg8ocLMONFfnKojSFrgrh6uP5MK1TsMulStobeuj-d-r1EGW161OQ=s630-mo
10-01 12:35:17.816  4320  7211 I wrk     : Response body written. bytesWritten=975, uri=https://lh3.googleusercontent.com/a/ACg8ocLMONFfnKojSFrgrh6uP5MK1TsMulStobeuj-d-r1EGW161OQ=s96-mo
10-01 12:35:17.816  4320  7211 I wrk     : Request complete, closing. uri=https://lh3.googleusercontent.com/a/ACg8ocLMONFfnKojSFrgrh6uP5MK1TsMulStobeuj-d-r1EGW161OQ=s96-mo
10-01 12:35:17.818  4320  7877 I RemindersSync: Found sync condition that we don't recognize, re-initializing sync adapter. [T SyncAdapterThread-4:id=750:priority=5:group=main] [CONTEXT service_id=18 ]
10-01 12:35:17.826  4265  4285 I GmsCoreXrpcWrapper: Returning a channel provider with trafficStatsTag=67145728 trafficStatsUid=-1
10-01 12:35:17.827  4265  4285 I chatty  : uid=10119(com.google.android.gms) Binder:4265_2 identical 2 lines
10-01 12:35:17.827  4265  4285 I GmsCoreXrpcWrapper: Returning a channel provider with trafficStatsTag=67145728 trafficStatsUid=-1
10-01 12:35:17.834  4265  5073 I GmsCoreXrpcWrapper: Returning a channel provider with trafficStatsTag=67145728 trafficStatsUid=-1
10-01 12:35:17.837  4265  5073 I chatty  : uid=10119(com.google.android.gms) Binder:4265_10 identical 6 lines
10-01 12:35:17.837  4265  5073 I GmsCoreXrpcWrapper: Returning a channel provider with trafficStatsTag=67145728 trafficStatsUid=-1
10-01 12:35:17.839   379   522 W SyncManager: failed sync operation JobId=106644 ***/com.google u0 [com.google.android.apps.docs] OTHER ExpectedIn=0s Reason=IsSyncable, SyncResult: syncAlreadyInProgress: true stats []
10-01 12:35:17.848   379   522 W SyncManager: failed sync operation JobId=105929 ***/com.google u0 [com.android.calendar] OTHER ExpectedIn=0s Reason=AutoSync, SyncResult: syncAlreadyInProgress: true stats []
10-01 12:35:17.875   379   522 W SyncManager: failed sync operation JobId=100238 ***/com.google u0 [com.android.calendar] LOCAL ExpectedIn=0s Reason=10131, SyncResult: syncAlreadyInProgress: true stats []
10-01 12:35:17.901  4320  7688 I FSA2_CallingCardOp: No calling card photos to sync down.
10-01 12:35:17.930  4320  7688 I FSA2_SyncState: @readSyncState: # dhoj@366b5110
10-01 12:35:17.935  4320  7688 I FSA2_RawContactSyncer: Found 0 contacts with lunar dates
10-01 12:35:17.935  4320  7688 W FSA2_PeopleSyncState: @setFullySyncedUpLunarDates = true
10-01 12:35:17.936  7756  7756 I dex2oat : Explicit concurrent copying GC freed 36338(6751KB) AllocSpace objects, 0(0B) LOS objects, 99% free, 2336B/1538KB, paused 7us total 1.223ms
10-01 12:35:17.938  4320  7688 I FSA2_SyncState: @readSyncState: # dhoj@366b5110
10-01 12:35:17.964  4320  7688 I FSA2_CallingCardOp: No calling card photos to sync up.

----- Pixel2.arm-29-en-portrait/logcat:2796 -----
10-01 12:35:18.043  4320  7688 W ChimeraUtils: Module com.google.android.gms.people missing resource null(0)
10-01 12:35:18.048   178   178 I netd    : firewallSetUidRule(2, 10156, 2) <0.01ms>
10-01 12:35:18.052   379   522 W JobInfo : Requested flex +57m36s0ms for job 108487 is too small; raising to +8h24m0s0ms
10-01 12:35:18.053   808   808 D CarrierSvcBindHelper: No carrier app for: 0
10-01 12:35:18.055  4265  6734 W GCM     : Unexpected forwarded intent: Intent { act=android.intent.action.PACKAGE_ADDED dat=package:androidx.test.tools.crawler flg=0x4000010 pkg=com.google.android.gms cmp=com.google.android.gms/.chimera.PersistentIntentOperationService (has extras) }
