10-01 12:35:16.635  4265  7689 E AuthPII : 	at azhf.D(:com.google.android.gms@253133013@25.31.33 (100400-795226510):8)
10-01 12:35:16.635  4265  7689 E AuthPII : 	at azhf.f(:com.google.android.gms@253133013@25.31.33 (100400-795226510):14)
10-01 12:35:16.635  4265  7689 E AuthPII : 	at etpc.a(:com.google.android.gms@253133013@25.31.33 (100400-795226510):1107)
10-01 12:35:16.635  4265  7689 E AuthPII : 	at etpp.f(:com.google.android.gms@253133013@25.31.33 (100400-795226510):18)
10-01 12:35:16.635  4265  7689 E AuthPII : 	at etpp.d(:com.google.android.gms@253133013@25.31.33 (100400-795226510):1)
10-01 12:35:16.635  4265  7689 E AuthPII : 	at etpo.b(:com.google.android.gms@253133013@25.31.33 (100400-795226510):45)
10-01 12:35:16.635  4265  7689 E AuthPII : 	at azmk.onPerformSync(:com.google.android.gms@253133013@25.31.33 (100400-795226510):21)
10-01 12:35:16.635  4265  7689 E AuthPII : 	at android.content.AbstractThreadedSyncAdapter$SyncThread.run(AbstractThreadedSyncAdapter.java:334)
10-01 12:35:16.635  4265  7689 E AuthPII : Caused by: ayii: Error requesting token.
10-01 12:35:16.635  4265  7689 E AuthPII : 	at abmi.d(:com.google.android.gms@253133013@25.31.33 (100400-795226510):216)
10-01 12:35:16.635  4265  7689 E AuthPII : 	at abmi.b(:com.google.android.gms@253133013@25.31.33 (100400-795226510):51)
10-01 12:35:16.635  4265  7689 E AuthPII : 	... 18 more
10-01 12:35:16.635  4265  7689 E AuthPII : Caused by: java.lang.InterruptedException
10-01 12:35:16.635  4265  7689 E AuthPII : 	at fhoc.v(:com.google.android.gms@253133013@25.31.33 (100400-795226510):377)
10-01 12:35:16.635  4265  7689 E AuthPII : 	at abmi.d(:com.google.android.gms@253133013@25.31.33 (100400-795226510):197)

----- Pixel2.arm-29-en-portrait/logcat:1664 -----
10-01 12:35:16.635  4265  7689 E AuthPII : 	at vbj.h(:com.google.android.gms@253133013@25.31.33 (100400-795226510):494)
10-01 12:35:16.635  4265  7689 E AuthPII : 	at vbj.d(:com.google.android.gms@253133013@25.31.33 (100400-795226510):145)
10-01 12:35:16.635  4265  7689 E AuthPII : 	at aaqj.a(:com.google.android.gms@253133013@25.31.33 (100400-795226510):33)
10-01 12:35:16.635  4265  7689 E AuthPII : 	at aaqp.l(:com.google.android.gms@253133013@25.31.33 (100400-795226510):34)
10-01 12:35:16.635  4265  7689 E AuthPII : 	at aaqp.n(:com.google.android.gms@253133013@25.31.33 (100400-795226510):64)
10-01 12:35:16.635  4265  7689 E AuthPII : 	at aaqp.g(:com.google.android.gms@253133013@25.31.33 (100400-795226510):4)
10-01 12:35:16.635  4265  7689 E AuthPII : 	at azia.b(:com.google.android.gms@253133013@25.31.33 (100400-795226510):40)
10-01 12:35:16.635  4265  7689 E AuthPII : 	at azgq.n(:com.google.android.gms@253133013@25.31.33 (100400-795226510):32)
10-01 12:35:16.635  4265  7689 E AuthPII : 	at azhf.D(:com.google.android.gms@253133013@25.31.33 (100400-795226510):8)
10-01 12:35:16.635  4265  7689 E AuthPII : 	at azhf.f(:com.google.android.gms@253133013@25.31.33 (100400-795226510):14)
10-01 12:35:16.635  4265  7689 E AuthPII : 	at etpc.a(:com.google.android.gms@253133013@25.31.33 (100400-795226510):1107)
10-01 12:35:16.635  4265  7689 E AuthPII : 	at etpp.f(:com.google.android.gms@253133013@25.31.33 (100400-795226510):18)
10-01 12:35:16.635  4265  7689 E AuthPII : 	at etpp.d(:com.google.android.gms@253133013@25.31.33 (100400-795226510):1)
10-01 12:35:16.635  4265  7689 E AuthPII : 	at etpo.b(:com.google.android.gms@253133013@25.31.33 (100400-795226510):45)
10-01 12:35:16.635  4265  7689 E AuthPII : 	at azmk.onPerformSync(:com.google.android.gms@253133013@25.31.33 (100400-795226510):21)
10-01 12:35:16.635  4265  7689 E AuthPII : 	at android.content.AbstractThreadedSyncAdapter$SyncThread.run(AbstractThreadedSyncAdapter.java:334)
10-01 12:35:16.635  4265  7689 E AuthPII : Caused by: ayii: Error requesting token.
10-01 12:35:16.635  4265  7689 E AuthPII : 	at abmi.d(:com.google.android.gms@253133013@25.31.33 (100400-795226510):216)
10-01 12:35:16.635  4265  7689 E AuthPII : 	at abmi.b(:com.google.android.gms@253133013@25.31.33 (100400-795226510):51)
10-01 12:35:16.635  4265  7689 E AuthPII : 	... 18 more
10-01 12:35:16.635  4265  7689 E AuthPII : Caused by: java.lang.InterruptedException
10-01 12:35:16.635  4265  7689 E AuthPII : 	at fhoc.v(:com.google.android.gms@253133013@25.31.33 (100400-795226510):377)
10-01 12:35:16.635  4265  7689 E AuthPII : 	at abmi.d(:com.google.android.gms@253133013@25.31.33 (100400-795226510):197)
10-01 12:35:16.635  4265  7689 E AuthPII : 	... 19 more
10-01 12:35:16.635  4265  7689 E AuthPII : Message is Error when calling server using GmsNetworkStack.
10-01 12:35:16.635  4265  7689 E AuthPII : ayii: Error when calling server using GmsNetworkStack.
10-01 12:35:16.635  4265  7689 E AuthPII : 	at abmi.b(:com.google.android.gms@253133013@25.31.33 (100400-795226510):1405)
10-01 12:35:16.635  4265  7689 E AuthPII : 	at abmg.a(:com.google.android.gms@253133013@25.31.33 (100400-795226510):569)
10-01 12:35:16.635  4265  7689 E AuthPII : 	at abmf.b(:com.google.android.gms@253133013@25.31.33 (100400-795226510):120)
10-01 12:35:16.635  4265  7689 E AuthPII : 	at vbj.h(:com.google.android.gms@253133013@25.31.33 (100400-795226510):494)
10-01 12:35:16.635  4265  7689 E AuthPII : 	at vbj.d(:com.google.android.gms@253133013@25.31.33 (100400-795226510):145)
10-01 12:35:16.635  4265  7689 E AuthPII : 	at aaqj.a(:com.google.android.gms@253133013@25.31.33 (100400-795226510):33)
10-01 12:35:16.635  4265  7689 E AuthPII : 	at aaqp.l(:com.google.android.gms@253133013@25.31.33 (100400-795226510):34)
10-01 12:35:16.635  4265  7689 E AuthPII : 	at aaqp.n(:com.google.android.gms@253133013@25.31.33 (100400-795226510):64)
10-01 12:35:16.635  4265  7689 E AuthPII : 	at aaqp.g(:com.google.android.gms@253133013@25.31.33 (100400-795226510):4)
10-01 12:35:16.635  4265  7689 E AuthPII : 	at azia.b(:com.google.android.gms@253133013@25.31.33 (100400-795226510):40)
10-01 12:35:16.635  4265  7689 E AuthPII : 	at azgq.n(:com.google.android.gms@253133013@25.31.33 (100400-795226510):32)
10-01 12:35:16.635  4265  7689 E AuthPII : 	at azhf.D(:com.google.android.gms@253133013@25.31.33 (100400-795226510):8)
10-01 12:35:16.635  4265  7689 E AuthPII : 	at azhf.f(:com.google.android.gms@253133013@25.31.33 (100400-795226510):14)
10-01 12:35:16.635  4265  7689 E AuthPII : 	at etpc.a(:com.google.android.gms@253133013@25.31.33 (100400-795226510):1107)
10-01 12:35:16.635  4265  7689 E AuthPII : 	at etpp.f(:com.google.android.gms@253133013@25.31.33 (100400-795226510):18)
10-01 12:35:16.635  4265  7689 E AuthPII : 	at etpp.d(:com.google.android.gms@253133013@25.31.33 (100400-795226510):1)
10-01 12:35:16.635  4265  7689 E AuthPII : 	at etpo.b(:com.google.android.gms@253133013@25.31.33 (100400-795226510):45)
10-01 12:35:16.635  4265  7689 E AuthPII : 	at azmk.onPerformSync(:com.google.android.gms@253133013@25.31.33 (100400-795226510):21)
10-01 12:35:16.635  4265  7689 E AuthPII : 	at android.content.AbstractThreadedSyncAdapter$SyncThread.run(AbstractThreadedSyncAdapter.java:334)
10-01 12:35:16.635  4265  7689 E AuthPII : Caused by: ayii: Error requesting token.
10-01 12:35:16.635  4265  7689 E AuthPII : 	at abmi.d(:com.google.android.gms@253133013@25.31.33 (100400-795226510):216)
10-01 12:35:16.635  4265  7689 E AuthPII : 	at abmi.b(:com.google.android.gms@253133013@25.31.33 (100400-795226510):51)
10-01 12:35:16.635  4265  7689 E AuthPII : 	... 18 more
10-01 12:35:16.635  4265  7689 E AuthPII : Caused by: java.lang.InterruptedException
10-01 12:35:16.635  4265  7689 E AuthPII : 	at fhoc.v(:com.google.android.gms@253133013@25.31.33 (100400-795226510):377)
10-01 12:35:16.635  4265  7689 E AuthPII : 	at abmi.d(:com.google.android.gms@253133013@25.31.33 (100400-795226510):197)
10-01 12:35:16.635  4265  7689 E AuthPII : 	... 19 more
10-01 12:35:16.637  4265  7689 W Auth    : [GetToken] GetToken failed with status code: NetworkError  [CONTEXT service_id=343 ]
10-01 12:35:16.637  4265  7689 W Auth    : [GoogleAuthUtil] [GoogleAuthUtil] error status:NETWORK_ERROR with method:getTokenWithDetails
10-01 12:35:16.637  4265  7689 W GCoreUlr: 
10-01 12:35:16.637  4265  7689 W GCoreUlr: grzv: UNAVAILABLE: IOException when getting auth token
10-01 12:35:16.637  4265  7689 W GCoreUlr: 	at azhf.D(:com.google.android.gms@253133013@25.31.33 (100400-795226510):50)
10-01 12:35:16.637  4265  7689 W GCoreUlr: 	at azhf.f(:com.google.android.gms@253133013@25.31.33 (100400-795226510):14)
10-01 12:35:16.637  4265  7689 W GCoreUlr: 	at etpc.a(:com.google.android.gms@253133013@25.31.33 (100400-795226510):1107)
10-01 12:35:16.637  4265  7689 W GCoreUlr: 	at etpp.f(:com.google.android.gms@253133013@25.31.33 (100400-795226510):18)

----- Pixel2.arm-29-en-portrait/logcat:1693 -----
10-01 12:35:16.635  4265  7689 E AuthPII : 	at vbj.h(:com.google.android.gms@253133013@25.31.33 (100400-795226510):494)
10-01 12:35:16.635  4265  7689 E AuthPII : 	at vbj.d(:com.google.android.gms@253133013@25.31.33 (100400-795226510):145)
10-01 12:35:16.635  4265  7689 E AuthPII : 	at aaqj.a(:com.google.android.gms@253133013@25.31.33 (100400-795226510):33)
10-01 12:35:16.635  4265  7689 E AuthPII : 	at aaqp.l(:com.google.android.gms@253133013@25.31.33 (100400-795226510):34)
10-01 12:35:16.635  4265  7689 E AuthPII : 	at aaqp.n(:com.google.android.gms@253133013@25.31.33 (100400-795226510):64)
10-01 12:35:16.635  4265  7689 E AuthPII : 	at aaqp.g(:com.google.android.gms@253133013@25.31.33 (100400-795226510):4)
10-01 12:35:16.635  4265  7689 E AuthPII : 	at azia.b(:com.google.android.gms@253133013@25.31.33 (100400-795226510):40)
10-01 12:35:16.635  4265  7689 E AuthPII : 	at azgq.n(:com.google.android.gms@253133013@25.31.33 (100400-795226510):32)
10-01 12:35:16.635  4265  7689 E AuthPII : 	at azhf.D(:com.google.android.gms@253133013@25.31.33 (100400-795226510):8)
10-01 12:35:16.635  4265  7689 E AuthPII : 	at azhf.f(:com.google.android.gms@253133013@25.31.33 (100400-795226510):14)
10-01 12:35:16.635  4265  7689 E AuthPII : 	at etpc.a(:com.google.android.gms@253133013@25.31.33 (100400-795226510):1107)
10-01 12:35:16.635  4265  7689 E AuthPII : 	at etpp.f(:com.google.android.gms@253133013@25.31.33 (100400-795226510):18)
10-01 12:35:16.635  4265  7689 E AuthPII : 	at etpp.d(:com.google.android.gms@253133013@25.31.33 (100400-795226510):1)
10-01 12:35:16.635  4265  7689 E AuthPII : 	at etpo.b(:com.google.android.gms@253133013@25.31.33 (100400-795226510):45)
10-01 12:35:16.635  4265  7689 E AuthPII : 	at azmk.onPerformSync(:com.google.android.gms@253133013@25.31.33 (100400-795226510):21)
10-01 12:35:16.635  4265  7689 E AuthPII : 	at android.content.AbstractThreadedSyncAdapter$SyncThread.run(AbstractThreadedSyncAdapter.java:334)
10-01 12:35:16.635  4265  7689 E AuthPII : Caused by: ayii: Error requesting token.
10-01 12:35:16.635  4265  7689 E AuthPII : 	at abmi.d(:com.google.android.gms@253133013@25.31.33 (100400-795226510):216)
10-01 12:35:16.635  4265  7689 E AuthPII : 	at abmi.b(:com.google.android.gms@253133013@25.31.33 (100400-795226510):51)
10-01 12:35:16.635  4265  7689 E AuthPII : 	... 18 more
10-01 12:35:16.635  4265  7689 E AuthPII : Caused by: java.lang.InterruptedException
10-01 12:35:16.635  4265  7689 E AuthPII : 	at fhoc.v(:com.google.android.gms@253133013@25.31.33 (100400-795226510):377)
10-01 12:35:16.635  4265  7689 E AuthPII : 	at abmi.d(:com.google.android.gms@253133013@25.31.33 (100400-795226510):197)
10-01 12:35:16.635  4265  7689 E AuthPII : 	... 19 more
10-01 12:35:16.637  4265  7689 W Auth    : [GetToken] GetToken failed with status code: NetworkError  [CONTEXT service_id=343 ]
10-01 12:35:16.637  4265  7689 W Auth    : [GoogleAuthUtil] [GoogleAuthUtil] error status:NETWORK_ERROR with method:getTokenWithDetails
10-01 12:35:16.637  4265  7689 W GCoreUlr: 
10-01 12:35:16.637  4265  7689 W GCoreUlr: grzv: UNAVAILABLE: IOException when getting auth token
10-01 12:35:16.637  4265  7689 W GCoreUlr: 	at azhf.D(:com.google.android.gms@253133013@25.31.33 (100400-795226510):50)
10-01 12:35:16.637  4265  7689 W GCoreUlr: 	at azhf.f(:com.google.android.gms@253133013@25.31.33 (100400-795226510):14)
10-01 12:35:16.637  4265  7689 W GCoreUlr: 	at etpc.a(:com.google.android.gms@253133013@25.31.33 (100400-795226510):1107)
10-01 12:35:16.637  4265  7689 W GCoreUlr: 	at etpp.f(:com.google.android.gms@253133013@25.31.33 (100400-795226510):18)
10-01 12:35:16.637  4265  7689 W GCoreUlr: 	at etpp.d(:com.google.android.gms@253133013@25.31.33 (100400-795226510):1)
10-01 12:35:16.637  4265  7689 W GCoreUlr: 	at etpo.b(:com.google.android.gms@253133013@25.31.33 (100400-795226510):45)
10-01 12:35:16.637  4265  7689 W GCoreUlr: 	at azmk.onPerformSync(:com.google.android.gms@253133013@25.31.33 (100400-795226510):21)
10-01 12:35:16.637  4265  7689 W GCoreUlr: 	at android.content.AbstractThreadedSyncAdapter$SyncThread.run(AbstractThreadedSyncAdapter.java:334)
10-01 12:35:16.637  4265  7689 W GCoreUlr: Caused by: com.android.volley.VolleyError: java.io.IOException: NetworkError
10-01 12:35:16.637  4265  7689 W GCoreUlr: 	at azgq.n(:com.google.android.gms@253133013@25.31.33 (100400-795226510):40)
10-01 12:35:16.637  4265  7689 W GCoreUlr: 	at azhf.D(:com.google.android.gms@253133013@25.31.33 (100400-795226510):8)
10-01 12:35:16.637  4265  7689 W GCoreUlr: 	... 7 more
10-01 12:35:16.637  4265  7689 W GCoreUlr: Caused by: java.io.IOException: NetworkError
10-01 12:35:16.637  4265  7689 W GCoreUlr: 	at aaqp.k(:com.google.android.gms@253133013@25.31.33 (100400-795226510):117)
10-01 12:35:16.637  4265  7689 W GCoreUlr: 	at aaqj.a(:com.google.android.gms@253133013@25.31.33 (100400-795226510):122)
10-01 12:35:16.637  4265  7689 W GCoreUlr: 	at aaqp.l(:com.google.android.gms@253133013@25.31.33 (100400-795226510):34)
10-01 12:35:16.637  4265  7689 W GCoreUlr: 	at aaqp.n(:com.google.android.gms@253133013@25.31.33 (100400-795226510):64)
10-01 12:35:16.637  4265  7689 W GCoreUlr: 	at aaqp.g(:com.google.android.gms@253133013@25.31.33 (100400-795226510):4)
10-01 12:35:16.637  4265  7689 W GCoreUlr: 	at azia.b(:com.google.android.gms@253133013@25.31.33 (100400-795226510):40)
10-01 12:35:16.637  4265  7689 W GCoreUlr: 	at azgq.n(:com.google.android.gms@253133013@25.31.33 (100400-795226510):32)
10-01 12:35:16.637  4265  7689 W GCoreUlr: 	... 8 more
10-01 12:35:16.639  4320  7688 W ChimeraUtils: Module com.google.android.gms.people missing resource null(0)
10-01 12:35:16.645  4320  4320 D BoundBrokerSvc: onBind: Intent { act=com.google.android.gms.people.contactssync.service.START dat=chimera-action: cmp=com.google.android.gms/.chimera.GmsBoundBrokerService }
10-01 12:35:16.645  4320  4320 D BoundBrokerSvc: Loading bound service for intent: Intent { act=com.google.android.gms.people.contactssync.service.START dat=chimera-action: cmp=com.google.android.gms/.chimera.GmsBoundBrokerService }
10-01 12:35:16.650  4320  4354 I PeopleChimeraService: onService. callbacks = cgqx@6ec27e4, request = com.google.android.gms.common.internal.GetServiceRequest@50ca44d
10-01 12:35:16.663   379   522 W SyncManager: failed sync operation JobId=108746 ***/com.google u0 [com.google.android.location.reporting] USER ExpectedIn=0s EXPEDITED STANDBY-EXEMPTED Reason=10119, SyncResult: syncAlreadyInProgress: true stats []
10-01 12:35:16.669  4320  7688 I FSA2_SyncState: @readSyncState: # dhoj@b37d406
10-01 12:35:16.678  4265  4285 I GmsCoreXrpcWrapper: Returning a channel provider with trafficStatsTag=67145728 trafficStatsUid=-1
10-01 12:35:16.679  4265  4285 I chatty  : uid=10119(com.google.android.gms) Binder:4265_2 identical 2 lines
10-01 12:35:16.679  4265  4285 I GmsCoreXrpcWrapper: Returning a channel provider with trafficStatsTag=67145728 trafficStatsUid=-1
10-01 12:35:16.679  4320  7688 I FSA2_SyncState: @readSyncState: # dhoj@b37d406
10-01 12:35:16.686  4265  4533 I GmsCoreXrpcWrapper: Returning a channel provider with trafficStatsTag=67145728 trafficStatsUid=-1
10-01 12:35:16.686  4265  4533 I chatty  : uid=10119(com.google.android.gms) Binder:4265_8 identical 2 lines

----- Pixel2.arm-29-en-portrait/logcat:1756 -----
10-01 12:35:16.692  4265  4285 W GLSUser : [DeviceKeyStore] Cannot load key: Device key file not found.
10-01 12:35:16.702  4320  7688 I FSA2_SyncState: @readSyncState: # dhoj@b37d406
10-01 12:35:16.704  4320  7709 I FSA2_SyncState: @readSyncState: # dhoj@b37d406
10-01 12:35:16.704  4320  7709 W FSA2_PeopleSyncState: @setLastFullSynctime = 1759347316704
10-01 12:35:16.704  4320  7709 W FSA2_PeopleSyncState: @setFullySyncedDownLunarDates = false
10-01 12:35:16.704  4320  7709 W FSA2_PeopleSyncState: @setFullySyncedDownCallingCard = false
10-01 12:35:16.707  4320  7709 I FSA2_SyncState: @readSyncState: # dhoj@b37d406
10-01 12:35:16.714  4265  4538 I UriTaskContentObserver: Throttling content uri change event for content://com.android.contacts [CONTEXT service_id=218 ]
10-01 12:35:16.716  4265  4533 W GLSUser : [DeviceKeyStore] Cannot load key: Device key file not found.
10-01 12:35:16.716  4265  4533 W GLSUser : [DeviceKeyStore] Cannot load key: Device key file not found.
10-01 12:35:16.746  6974  7711 W DynamiteModule: Local module descriptor class for providerinstaller not found.
10-01 12:35:16.748  6602  7713 W SyncManagerImpl: [SyncManagerImpl] Initiating sync for AccountId b9fed78d (com.google.android.apps.docs)
10-01 12:35:16.748  4265  4533 W ProviderHelper: Unknown dynamite feature providerinstaller
10-01 12:35:16.751  6974  7711 W ProviderInstaller: Failed to load providerinstaller module: No acceptable module found. Local version is 0 and remote version is 0.
10-01 12:35:16.755  6974  7711 I ndroid.calenda: The ClassLoaderContext is a special shared library.
10-01 12:35:16.755  6974  7711 I ndroid.calenda: The ClassLoaderContext is a special shared library.
10-01 12:35:16.769  6974  7716 I enay    : Unable to retrieve flag snapshot for com.google.android.gms.providerinstaller#com.google.android.calendar, using defaults.
10-01 12:35:16.771   379   396 I WifiService: acquireWifiLock uid=10137 lockMode=1
10-01 12:35:16.772  6974  7711 V NativeCrypto: Registering com/google/android/gms/org/conscrypt/NativeCrypto's 319 native methods...
10-01 12:35:16.776  6974  7715 E GoogleApiManager: Failed to get service from broker. 
10-01 12:35:16.776  6974  7715 E GoogleApiManager: java.lang.SecurityException: Unknown calling package name 'com.google.android.gms'.
10-01 12:35:16.776  6974  7715 E GoogleApiManager: 	at android.os.Parcel.createException(Parcel.java:2071)
10-01 12:35:16.776  6974  7715 E GoogleApiManager: 	at android.os.Parcel.readException(Parcel.java:2039)
10-01 12:35:16.776  6974  7715 E GoogleApiManager: 	at android.os.Parcel.readException(Parcel.java:1987)
10-01 12:35:16.776  6974  7715 E GoogleApiManager: 	at ayup.a(:com.google.android.gms@253133013@25.31.33 (100400-795226510):36)
10-01 12:35:16.776  6974  7715 E GoogleApiManager: 	at aysw.z(:com.google.android.gms@253133013@25.31.33 (100400-795226510):150)
10-01 12:35:16.776  6974  7715 E GoogleApiManager: 	at axzv.run(:com.google.android.gms@253133013@25.31.33 (100400-795226510):42)
10-01 12:35:16.776  6974  7715 E GoogleApiManager: 	at android.os.Handler.handleCallback(Handler.java:883)
10-01 12:35:16.776  6974  7715 E GoogleApiManager: 	at android.os.Handler.dispatchMessage(Handler.java:100)
10-01 12:35:16.776  6974  7715 E GoogleApiManager: 	at chwt.md(:com.google.android.gms@253133013@25.31.33 (100400-795226510):1)
10-01 12:35:16.776  6974  7715 E GoogleApiManager: 	at chwt.dispatchMessage(:com.google.android.gms@253133013@25.31.33 (100400-795226510):5)
10-01 12:35:16.776  6974  7715 E GoogleApiManager: 	at android.os.Looper.loop(Looper.java:214)
10-01 12:35:16.776  6974  7715 E GoogleApiManager: 	at android.os.HandlerThread.run(HandlerThread.java:67)
10-01 12:35:16.777  6974  7714 W FlagRegistrar: Failed to register com.google.android.gms.providerinstaller#com.google.android.calendar
10-01 12:35:16.777  6974  7714 W FlagRegistrar: enbk: 17: 17: API: Phenotype.API is not available on this device. Connection failed with: ConnectionResult{statusCode=DEVELOPER_ERROR, resolution=null, message=null}
10-01 12:35:16.777  6974  7714 W FlagRegistrar: 	at enbm.a(:com.google.android.gms@253133013@25.31.33 (100400-795226510):13)
10-01 12:35:16.777  6974  7714 W FlagRegistrar: 	at fhnj.d(:com.google.android.gms@253133013@25.31.33 (100400-795226510):3)
10-01 12:35:16.777  6974  7714 W FlagRegistrar: 	at fhnl.run(:com.google.android.gms@253133013@25.31.33 (100400-795226510):130)
10-01 12:35:16.777  6974  7714 W FlagRegistrar: 	at fhps.execute(:com.google.android.gms@253133013@25.31.33 (100400-795226510):1)
10-01 12:35:16.777  6974  7714 W FlagRegistrar: 	at fhnt.f(:com.google.android.gms@253133013@25.31.33 (100400-795226510):1)
10-01 12:35:16.777  6974  7714 W FlagRegistrar: 	at fhnt.m(:com.google.android.gms@253133013@25.31.33 (100400-795226510):99)
10-01 12:35:16.777  6974  7714 W FlagRegistrar: 	at fhnt.r(:com.google.android.gms@253133013@25.31.33 (100400-795226510):17)
10-01 12:35:16.777  6974  7714 W FlagRegistrar: 	at efmr.hL(:com.google.android.gms@253133013@25.31.33 (100400-795226510):35)
10-01 12:35:16.777  6974  7714 W FlagRegistrar: 	at dvrm.run(:com.google.android.gms@253133013@25.31.33 (100400-795226510):12)
10-01 12:35:16.777  6974  7714 W FlagRegistrar: 	at fhps.execute(:com.google.android.gms@253133013@25.31.33 (100400-795226510):1)
10-01 12:35:16.777  6974  7714 W FlagRegistrar: 	at dvrn.b(:com.google.android.gms@253133013@25.31.33 (100400-795226510):18)
10-01 12:35:16.777  6974  7714 W FlagRegistrar: 	at dvsc.b(:com.google.android.gms@253133013@25.31.33 (100400-795226510):36)
10-01 12:35:16.777  6974  7714 W FlagRegistrar: 	at dvse.d(:com.google.android.gms@253133013@25.31.33 (100400-795226510):25)
10-01 12:35:16.777  6974  7714 W FlagRegistrar: 	at axxe.c(:com.google.android.gms@253133013@25.31.33 (100400-795226510):9)
10-01 12:35:16.777  6974  7714 W FlagRegistrar: 	at axzt.q(:com.google.android.gms@253133013@25.31.33 (100400-795226510):48)
10-01 12:35:16.777  6974  7714 W FlagRegistrar: 	at axzt.d(:com.google.android.gms@253133013@25.31.33 (100400-795226510):10)
10-01 12:35:16.777  6974  7714 W FlagRegistrar: 	at axzt.g(:com.google.android.gms@253133013@25.31.33 (100400-795226510):185)
10-01 12:35:16.777  6974  7714 W FlagRegistrar: 	at axzt.onConnectionFailed(:com.google.android.gms@253133013@25.31.33 (100400-795226510):2)
10-01 12:35:16.777  6974  7714 W FlagRegistrar: 	at axzv.run(:com.google.android.gms@253133013@25.31.33 (100400-795226510):70)
10-01 12:35:16.777  6974  7714 W FlagRegistrar: 	at android.os.Handler.handleCallback(Handler.java:883)
10-01 12:35:16.777  6974  7714 W FlagRegistrar: 	at android.os.Handler.dispatchMessage(Handler.java:100)
10-01 12:35:16.777  6974  7714 W FlagRegistrar: 	at chwt.md(:com.google.android.gms@253133013@25.31.33 (100400-795226510):1)
10-01 12:35:16.777  6974  7714 W FlagRegistrar: 	at chwt.dispatchMessage(:com.google.android.gms@253133013@25.31.33 (100400-795226510):5)
10-01 12:35:16.777  6974  7714 W FlagRegistrar: 	at android.os.Looper.loop(Looper.java:214)
10-01 12:35:16.777  6974  7714 W FlagRegistrar: 	at android.os.HandlerThread.run(HandlerThread.java:67)
10-01 12:35:16.777  6974  7714 W FlagRegistrar: Caused by: axvs: 17: API: Phenotype.API is not available on this device. Connection failed with: ConnectionResult{statusCode=DEVELOPER_ERROR, resolution=null, message=null}

----- Pixel2.arm-29-en-portrait/logcat:1886 -----
10-01 12:35:17.020  4320  7148 I Auth    : [SupervisedAccountIntentOperationV2] onHandleIntent: android.intent.action.PACKAGE_ADDED [CONTEXT service_id=42 ]
10-01 12:35:17.020  4265  6725 W GCM     : Unexpected forwarded intent: Intent { act=android.intent.action.PACKAGE_ADDED dat=package:org.ole.planet.myplanet flg=0x4000010 pkg=com.google.android.gms cmp=com.google.android.gms/.chimera.PersistentIntentOperationService (has extras) }
10-01 12:35:17.021  4265  6732 W NetworkScheduler: Unexpected forwarded intent: Intent { act=android.intent.action.PACKAGE_ADDED dat=package:org.ole.planet.myplanet flg=0x4000010 pkg=com.google.android.gms cmp=com.google.android.gms/.chimera.PersistentIntentOperationService (has extras) }
10-01 12:35:17.021   808   808 D CarrierSvcBindHelper: No carrier app for: 0
10-01 12:35:17.022  4265  6735 I FontLog : Package org.ole.planet.myplanet has no metadata [CONTEXT service_id=132 ]
10-01 12:35:17.022  4320  6728 I Blockstore: [DataStoreImpl] Clearing Blockstore Data for package org.ole.planet.myplanet [CONTEXT service_id=258 ]
10-01 12:35:17.022  4320  6728 I Blockstore: [DataStoreImpl] Keyless data not found or its IsLastInstallationData = false. [CONTEXT service_id=258 ]
10-01 12:35:17.023  4265  7145 I PhenotypeResourceReader: unable to find any Phenotype resource metadata for org.ole.planet.myplanet
10-01 12:35:17.039   808   808 D CarrierConfigLoader: mHandler: 9 phoneId: 0
10-01 12:35:17.039  6708  6708 I abb     : StartCommandInProcess(73657474696e67730067657400656e61 settings.get.ena [truncated])
10-01 12:35:17.040  4320  6729 I NearbyDiscovery: processGrantSlicePermission: org.ole.planet.myplanet [CONTEXT service_id=265 ]
10-01 12:35:17.041  7116  7129 I ogle.android.g: Background young concurrent copying GC freed 32826(1340KB) AllocSpace objects, 6(312KB) LOS objects, 37% free, 3162KB/5054KB, paused 5.123ms total 40.295ms
10-01 12:35:17.047  6708  6708 I abb     : StartCommandInProcess(7061636b61676500696e7374616c6c00 package.install. [truncated])
10-01 12:35:17.063  4320  6728 I ChimeraConfigurator: Starting update, reason: 4 urgentFeatures: pay:-1
10-01 12:35:17.076  4320  6728 W FeatureMgr: Attempted to request and unrequest the same feature: appsearch_impl. Ignoring unrequest.
10-01 12:35:17.076  4320  6728 W FeatureMgr: Attempted to request and unrequest the same feature: antifingerprinting. Ignoring unrequest.
10-01 12:35:17.087   379   416 W Searchables: No global search activity found
10-01 12:35:17.088  4320  6728 I ChimeraConfigurator: Detected pending changes for urgent request: [pay]. Pending module sets: container:2531339100400+pay
10-01 12:35:17.088   379   379 I Telecom : DefaultDialerCache: Refreshing default dialer for user 0: now com.android.dialer: DDC.oR@AMI
10-01 12:35:17.090   379   379 W MessageQueue: Handler (com.android.server.backup.internal.BackupHandler) {2a3d41d} sending message to a Handler on a dead thread
10-01 12:35:17.090   379   379 W MessageQueue: java.lang.IllegalStateException: Handler (com.android.server.backup.internal.BackupHandler) {2a3d41d} sending message to a Handler on a dead thread
10-01 12:35:17.090   379   379 W MessageQueue: 	at android.os.MessageQueue.enqueueMessage(MessageQueue.java:558)
10-01 12:35:17.090   379   379 W MessageQueue: 	at android.os.Handler.enqueueMessage(Handler.java:754)
10-01 12:35:17.090   379   379 W MessageQueue: 	at android.os.Handler.sendMessageAtTime(Handler.java:703)
10-01 12:35:17.090   379   379 W MessageQueue: 	at android.os.Handler.sendMessageDelayed(Handler.java:673)
10-01 12:35:17.090   379   379 W MessageQueue: 	at android.os.Handler.post(Handler.java:403)
10-01 12:35:17.090   379   379 W MessageQueue: 	at com.android.server.backup.UserBackupManagerService.writeFullBackupScheduleAsync(UserBackupManagerService.java:1026)
10-01 12:35:17.090   379   379 W MessageQueue: 	at com.android.server.backup.UserBackupManagerService.enqueueFullBackup(UserBackupManagerService.java:2011)
10-01 12:35:17.090   379   379 W MessageQueue: 	at com.android.server.backup.UserBackupManagerService$2.onReceive(UserBackupManagerService.java:1239)
10-01 12:35:17.090   379   379 W MessageQueue: 	at android.app.LoadedApk$ReceiverDispatcher$Args.lambda$getRunnable$0$LoadedApk$ReceiverDispatcher$Args(LoadedApk.java:1550)
10-01 12:35:17.090   379   379 W MessageQueue: 	at android.app.-$$Lambda$LoadedApk$ReceiverDispatcher$Args$_BumDX2UKsnxLVrE6UJsJZkotuA.run(Unknown Source:2)
10-01 12:35:17.090   379   379 W MessageQueue: 	at android.os.Handler.handleCallback(Handler.java:883)
10-01 12:35:17.090   379   379 W MessageQueue: 	at android.os.Handler.dispatchMessage(Handler.java:100)
10-01 12:35:17.090   379   379 W MessageQueue: 	at android.os.Looper.loop(Looper.java:214)
10-01 12:35:17.090   379   379 W MessageQueue: 	at com.android.server.SystemServer.run(SystemServer.java:541)
10-01 12:35:17.090   379   379 W MessageQueue: 	at com.android.server.SystemServer.main(SystemServer.java:349)
10-01 12:35:17.090   379   379 W MessageQueue: 	at java.lang.reflect.Method.invoke(Native Method)
10-01 12:35:17.090   379   379 W MessageQueue: 	at com.android.internal.os.RuntimeInit$MethodAndArgsCaller.run(RuntimeInit.java:492)
10-01 12:35:17.090   379   379 W MessageQueue: 	at com.android.internal.os.ZygoteInit.main(ZygoteInit.java:908)
10-01 12:35:17.090   379   379 V BackupManagerConstants: getFullBackupIntervalMilliseconds(...) returns 86400000
10-01 12:35:17.090   379   379 V BackupManagerConstants: getFullBackupRequiredNetworkType(...) returns 2
10-01 12:35:17.090   379   379 V BackupManagerConstants: getFullBackupRequireCharging(...) returns true
10-01 12:35:17.114  4320  4566 I Icing   : Indexing com.google.android.gms-apps from com.google.android.gms
10-01 12:35:17.120  4320  4566 I Icing   : Indexing done com.google.android.gms-apps
10-01 12:35:17.120   379   392 I system_server: Background concurrent copying GC freed 66806(4737KB) AllocSpace objects, 31(1992KB) LOS objects, 30% free, 13MB/19MB, paused 161us total 138.371ms
10-01 12:35:17.128   379   379 W MessageQueue: Handler (com.android.server.backup.internal.BackupHandler) {2a3d41d} sending message to a Handler on a dead thread
10-01 12:35:17.128   379   379 W MessageQueue: java.lang.IllegalStateException: Handler (com.android.server.backup.internal.BackupHandler) {2a3d41d} sending message to a Handler on a dead thread
10-01 12:35:17.128   379   379 W MessageQueue: 	at android.os.MessageQueue.enqueueMessage(MessageQueue.java:558)
10-01 12:35:17.128   379   379 W MessageQueue: 	at android.os.Handler.enqueueMessage(Handler.java:754)
10-01 12:35:17.128   379   379 W MessageQueue: 	at android.os.Handler.sendMessageAtTime(Handler.java:703)
10-01 12:35:17.128   379   379 W MessageQueue: 	at android.os.Handler.sendMessageDelayed(Handler.java:673)
10-01 12:35:17.128   379   379 W MessageQueue: 	at android.os.Handler.post(Handler.java:403)
10-01 12:35:17.128   379   379 W MessageQueue: 	at com.android.server.backup.UserBackupManagerService$2.onReceive(UserBackupManagerService.java:1251)
10-01 12:35:17.128   379   379 W MessageQueue: 	at android.app.LoadedApk$ReceiverDispatcher$Args.lambda$getRunnable$0$LoadedApk$ReceiverDispatcher$Args(LoadedApk.java:1550)
10-01 12:35:17.128   379   379 W MessageQueue: 	at android.app.-$$Lambda$LoadedApk$ReceiverDispatcher$Args$_BumDX2UKsnxLVrE6UJsJZkotuA.run(Unknown Source:2)
10-01 12:35:17.128   379   379 W MessageQueue: 	at android.os.Handler.handleCallback(Handler.java:883)
10-01 12:35:17.128   379   379 W MessageQueue: 	at android.os.Handler.dispatchMessage(Handler.java:100)
10-01 12:35:17.128   379   379 W MessageQueue: 	at android.os.Looper.loop(Looper.java:214)
10-01 12:35:17.128   379   379 W MessageQueue: 	at com.android.server.SystemServer.run(SystemServer.java:541)
10-01 12:35:17.128   379   379 W MessageQueue: 	at com.android.server.SystemServer.main(SystemServer.java:349)
10-01 12:35:17.128   379   379 W MessageQueue: 	at java.lang.reflect.Method.invoke(Native Method)

----- Pixel2.arm-29-en-portrait/logcat:1912 -----
10-01 12:35:17.090   379   379 W MessageQueue: 	at com.android.server.backup.UserBackupManagerService.writeFullBackupScheduleAsync(UserBackupManagerService.java:1026)
10-01 12:35:17.090   379   379 W MessageQueue: 	at com.android.server.backup.UserBackupManagerService.enqueueFullBackup(UserBackupManagerService.java:2011)
10-01 12:35:17.090   379   379 W MessageQueue: 	at com.android.server.backup.UserBackupManagerService$2.onReceive(UserBackupManagerService.java:1239)
10-01 12:35:17.090   379   379 W MessageQueue: 	at android.app.LoadedApk$ReceiverDispatcher$Args.lambda$getRunnable$0$LoadedApk$ReceiverDispatcher$Args(LoadedApk.java:1550)
10-01 12:35:17.090   379   379 W MessageQueue: 	at android.app.-$$Lambda$LoadedApk$ReceiverDispatcher$Args$_BumDX2UKsnxLVrE6UJsJZkotuA.run(Unknown Source:2)
10-01 12:35:17.090   379   379 W MessageQueue: 	at android.os.Handler.handleCallback(Handler.java:883)
10-01 12:35:17.090   379   379 W MessageQueue: 	at android.os.Handler.dispatchMessage(Handler.java:100)
10-01 12:35:17.090   379   379 W MessageQueue: 	at android.os.Looper.loop(Looper.java:214)
10-01 12:35:17.090   379   379 W MessageQueue: 	at com.android.server.SystemServer.run(SystemServer.java:541)
10-01 12:35:17.090   379   379 W MessageQueue: 	at com.android.server.SystemServer.main(SystemServer.java:349)
10-01 12:35:17.090   379   379 W MessageQueue: 	at java.lang.reflect.Method.invoke(Native Method)
10-01 12:35:17.090   379   379 W MessageQueue: 	at com.android.internal.os.RuntimeInit$MethodAndArgsCaller.run(RuntimeInit.java:492)
10-01 12:35:17.090   379   379 W MessageQueue: 	at com.android.internal.os.ZygoteInit.main(ZygoteInit.java:908)
10-01 12:35:17.090   379   379 V BackupManagerConstants: getFullBackupIntervalMilliseconds(...) returns 86400000
10-01 12:35:17.090   379   379 V BackupManagerConstants: getFullBackupRequiredNetworkType(...) returns 2
10-01 12:35:17.090   379   379 V BackupManagerConstants: getFullBackupRequireCharging(...) returns true
10-01 12:35:17.114  4320  4566 I Icing   : Indexing com.google.android.gms-apps from com.google.android.gms
10-01 12:35:17.120  4320  4566 I Icing   : Indexing done com.google.android.gms-apps
10-01 12:35:17.120   379   392 I system_server: Background concurrent copying GC freed 66806(4737KB) AllocSpace objects, 31(1992KB) LOS objects, 30% free, 13MB/19MB, paused 161us total 138.371ms
10-01 12:35:17.128   379   379 W MessageQueue: Handler (com.android.server.backup.internal.BackupHandler) {2a3d41d} sending message to a Handler on a dead thread
10-01 12:35:17.128   379   379 W MessageQueue: java.lang.IllegalStateException: Handler (com.android.server.backup.internal.BackupHandler) {2a3d41d} sending message to a Handler on a dead thread
10-01 12:35:17.128   379   379 W MessageQueue: 	at android.os.MessageQueue.enqueueMessage(MessageQueue.java:558)
10-01 12:35:17.128   379   379 W MessageQueue: 	at android.os.Handler.enqueueMessage(Handler.java:754)
10-01 12:35:17.128   379   379 W MessageQueue: 	at android.os.Handler.sendMessageAtTime(Handler.java:703)
10-01 12:35:17.128   379   379 W MessageQueue: 	at android.os.Handler.sendMessageDelayed(Handler.java:673)
10-01 12:35:17.128   379   379 W MessageQueue: 	at android.os.Handler.post(Handler.java:403)
10-01 12:35:17.128   379   379 W MessageQueue: 	at com.android.server.backup.UserBackupManagerService$2.onReceive(UserBackupManagerService.java:1251)
10-01 12:35:17.128   379   379 W MessageQueue: 	at android.app.LoadedApk$ReceiverDispatcher$Args.lambda$getRunnable$0$LoadedApk$ReceiverDispatcher$Args(LoadedApk.java:1550)
10-01 12:35:17.128   379   379 W MessageQueue: 	at android.app.-$$Lambda$LoadedApk$ReceiverDispatcher$Args$_BumDX2UKsnxLVrE6UJsJZkotuA.run(Unknown Source:2)
10-01 12:35:17.128   379   379 W MessageQueue: 	at android.os.Handler.handleCallback(Handler.java:883)
10-01 12:35:17.128   379   379 W MessageQueue: 	at android.os.Handler.dispatchMessage(Handler.java:100)
10-01 12:35:17.128   379   379 W MessageQueue: 	at android.os.Looper.loop(Looper.java:214)
10-01 12:35:17.128   379   379 W MessageQueue: 	at com.android.server.SystemServer.run(SystemServer.java:541)
10-01 12:35:17.128   379   379 W MessageQueue: 	at com.android.server.SystemServer.main(SystemServer.java:349)
10-01 12:35:17.128   379   379 W MessageQueue: 	at java.lang.reflect.Method.invoke(Native Method)
10-01 12:35:17.128   379   379 W MessageQueue: 	at com.android.internal.os.RuntimeInit$MethodAndArgsCaller.run(RuntimeInit.java:492)
10-01 12:35:17.128   379   379 W MessageQueue: 	at com.android.internal.os.ZygoteInit.main(ZygoteInit.java:908)
10-01 12:35:17.128   379   416 W VoiceInteractionManagerService: no available voice recognition services found for user 0
10-01 12:35:17.131  4320  6728 I GmsDebugLogger: [73] 1801
10-01 12:35:17.132  4320  6728 W ZappDownloader: No successful Zapp module downloads for requested modules [Pay.optional:253133100400:permitMetered].
10-01 12:35:17.132  4320  6728 I GmsDebugLogger: [30] [Pay.optional:253133100400]
10-01 12:35:17.135  4320  6728 W ChimeraConfigService: Retry attempt was throttled. [CONTEXT service_id=264 ]
10-01 12:35:17.135  4320  6728 I GmsDebugLogger: [83] 1 [pay]
10-01 12:35:17.152   379   429 I PackageManager: Un-granting permission android.permission.MANAGE_DOCUMENTS from package com.google.android.youtube (protectionLevel=262146 flags=0x30dbbe45)
10-01 12:35:17.153   379   429 I PackageManager: Un-granting permission com.google.android.googleapps.permission.GOOGLE_AUTH from package com.android.providers.calendar (protectionLevel=2 flags=0x30883e45)
10-01 12:35:17.153   379   429 I PackageManager: Un-granting permission com.google.android.googleapps.permission.GOOGLE_AUTH.cl from package com.android.providers.calendar (protectionLevel=2 flags=0x30883e45)
10-01 12:35:17.153   379   429 I PackageManager: Un-granting permission android.permission.REQUEST_INSTALL_PACKAGES from package org.ole.planet.myplanet (protectionLevel=66 flags=0x2858be46)
10-01 12:35:17.153   379   429 I PackageManager: Un-granting permission android.permission.SEND_DOWNLOAD_COMPLETED_INTENTS from package org.ole.planet.myplanet (protectionLevel=2 flags=0x2858be46)
10-01 12:35:17.153   379   429 I PackageManager: Un-granting permission com.google.android.providers.gsf.permission.WRITE_GSERVICES from package com.google.android.apps.auth.test.support (protectionLevel=18 flags=0x3888be44)
10-01 12:35:17.153   379   429 I PackageManager: Un-granting permission android.permission.WRITE_SECURE_SETTINGS from package com.google.android.apps.enterprise.dmagent (protectionLevel=50 flags=0x30883e05)
10-01 12:35:17.153   379   429 I PackageManager: Un-granting permission android.permission.CONNECTIVITY_INTERNAL from package com.google.android.apps.enterprise.dmagent (protectionLevel=18 flags=0x30883e05)
10-01 12:35:17.153   379   429 I PackageManager: Un-granting permission android.permission.MANAGE_USB from package com.google.android.apps.enterprise.dmagent (protectionLevel=18 flags=0x30883e05)
10-01 12:35:17.153   379   429 I PackageManager: Un-granting permission android.permission.CHANGE_COMPONENT_ENABLED_STATE from package com.google.android.apps.enterprise.dmagent (protectionLevel=18 flags=0x30883e05)
10-01 12:35:17.153   379   429 I PackageManager: Un-granting permission android.permission.MANAGE_CA_CERTIFICATES from package com.google.android.apps.enterprise.dmagent (protectionLevel=18 flags=0x30883e05)
10-01 12:35:17.153   379   429 I PackageManager: Un-granting permission android.permission.MANAGE_USERS from package com.google.android.apps.enterprise.dmagent (protectionLevel=18 flags=0x30883e05)
10-01 12:35:17.153   379   429 I PackageManager: Un-granting permission com.google.android.setupwizard.READ_DEVICE_ORIGIN from package com.google.android.apps.messaging (protectionLevel=18 flags=0x38cbbe45)
10-01 12:35:17.153   379   429 I PackageManager: Un-granting permission android.permission.ACCESS_CONTENT_PROVIDERS_EXTERNALLY from package androidx.test.orchestrator (protectionLevel=2 flags=0x3008be46)
10-01 12:35:17.153   379   429 I PackageManager: Un-granting permission android.permission.WRITE_SETTINGS from package com.google.testing.helium.utp.android.companion.instrumentations.locale (protectionLevel=1218 flags=0x3088be46)
10-01 12:35:17.154   379   429 I PackageManager: Un-granting permission android.permission.BIND_WALLPAPER from package com.android.camera2 (protectionLevel=18 flags=0x20d8bc45)
10-01 12:35:17.155   379   429 I PackageManager: Un-granting permission android.permission.REQUEST_INSTALL_PACKAGES from package com.google.android.gm (protectionLevel=66 flags=0x38cbbe45)
10-01 12:35:17.155   379   429 I PackageManager: Un-granting permission android.permission.BIND_JOB_SERVICE from package com.google.android.music (protectionLevel=2 flags=0x38cbbe65)

----- Pixel2.arm-29-en-portrait/logcat:1994 -----
10-01 12:35:17.164   379   429 I PackageManager: Un-granting permission android.permission.DUMP from package androidx.test.tools.crawler (protectionLevel=50 flags=0x3808be44)
10-01 12:35:17.164   379   429 I PackageManager: Un-granting permission android.permission.MODIFY_DAY_NIGHT_MODE from package androidx.test.tools.crawler (protectionLevel=18 flags=0x3808be44)
10-01 12:35:17.177   379   429 D PackageManager: Instant App installer not found with android.intent.action.INSTALL_INSTANT_APP_PACKAGE
10-01 12:35:17.177   379   429 D PackageManager: Clear ephemeral installer activity
10-01 12:35:17.181  7116  7754 I ogle.android.g: The ClassLoaderContext is a special shared library.
10-01 12:35:17.181  7116  7754 I ogle.android.g: The ClassLoaderContext is a special shared library.
10-01 12:35:17.181   379   429 I PackageManager.DexOptimizer: Running dexopt (dexoptNeeded=1) on: /data/app/androidx.test.tools.crawler-100IV8_Ea_DNZLqFWdmD8w==/base.apk pkg=androidx.test.tools.crawler isa=arm64 dexoptFlags=boot_complete,profile_guided,public,enable_hidden_api_checks targetFilter=speed-profile oatDir=/data/app/androidx.test.tools.crawler-100IV8_Ea_DNZLqFWdmD8w==/oat classLoaderContext=PCL[]{PCL[/system/framework/android.test.mock.jar]{PCL[/system/framework/android.test.base.jar]}#PCL[/system/framework/org.apache.http.legacy.jar]#PCL[/system/framework/android.test.runner.jar]{PCL[/system/framework/android.test.base.jar]#PCL[/system/framework/android.test.mock.jar]{PCL[/system/framework/android.test.base.jar]}}}
10-01 12:35:17.181   241   241 V installd: DexInv: --- BEGIN '/data/app/androidx.test.tools.crawler-100IV8_Ea_DNZLqFWdmD8w==/base.apk' ---
10-01 12:35:17.194  6602  7758 W GCM     : GCM SDK is deprecated, com.google.android.apps.docs should update to use FCM
10-01 12:35:17.197   570  5916 W ExclusiveDefaultHolderMixin: Default holder does not qualify for the role, config: config_defaultAssistant, package: com.google.android.googlequicksearchbox
10-01 12:35:17.199  7756  7756 W dex2oat : Mismatch between dex2oat instruction set features to use (ISA: Arm64 Feature string: a53,crc,-lse,-fp16,-dotprod) and those from CPP defines (ISA: Arm64 Feature string: -a53,-crc,-lse,-fp16,-dotprod) for the command line:
10-01 12:35:17.199  7756  7756 W dex2oat : /apex/com.android.runtime/bin/dex2oat --zip-fd=8 --zip-location=base.apk --input-vdex-fd=-1 --output-vdex-fd=10 --oat-fd=9 --oat-location=/data/app/androidx.test.tools.crawler-100IV8_Ea_DNZLqFWdmD8w==/oat/arm64/base.odex --instruction-set=arm64 --instruction-set-variant=generic --instruction-set-features=default --runtime-arg -Xbootclasspath:/apex/com.android.runtime/javalib/core-oj.jar:/apex/com.android.runtime/javalib/core-libart.jar:/apex/com.android.runtime/javalib/okhttp.jar:/apex/com.android.runtime/javalib/bouncycastle.jar:/apex/com.android.runtime/javalib/apache-xml.jar:/system/framework/framework.jar:/system/framework/ext.jar:/system/framework/telephony-common.jar:/system/framework/voip-common.jar:/system/framework/ims-common.jar:/system/framework/android.test.base.jar --runtime-arg -Xms64m --runtime-arg -Xmx512m --resolve-startup-const-strings=true --max-image-block-size=524288 --compiler-filter=speed-profile --swap-fd=11 --app-image-fd=12 --image-format=lz4 --classpath-dir=/data/app/androidx.test.
10-01 12:35:17.199  7756  7756 I dex2oat : /apex/com.android.runtime/bin/dex2oat --input-vdex-fd=-1 --output-vdex-fd=10 --resolve-startup-const-strings=true --max-image-block-size=524288 --compiler-filter=speed-profile --classpath-dir=/data/app/androidx.test.tools.crawler-100IV8_Ea_DNZLqFWdmD8w== --class-loader-context=PCL[]{PCL[/system/framework/android.test.mock.jar]{PCL[/system/framework/android.test.base.jar]}#PCL[/system/framework/org.apache.http.legacy.jar]#PCL[/system/framework/android.test.runner.jar]{PCL[/system/framework/android.test.base.jar]#PCL[/system/framework/android.test.mock.jar]{PCL[/system/framework/android.test.base.jar]}}} --generate-mini-debug-info --compact-dex-level=none --compilation-reason=install
10-01 12:35:17.201  7756  7756 I dex2oat : setting boot class path to /apex/com.android.runtime/javalib/core-oj.jar:/apex/com.android.runtime/javalib/core-libart.jar:/apex/com.android.runtime/javalib/okhttp.jar:/apex/com.android.runtime/javalib/bouncycastle.jar:/apex/com.android.runtime/javalib/apache-xml.jar:/system/framework/framework.jar:/system/framework/ext.jar:/system/framework/telephony-common.jar:/system/framework/voip-common.jar:/system/framework/ims-common.jar:/system/framework/android.test.base.jar
10-01 12:35:17.204  6974  7751 W DynamiteModule: Local module descriptor class for providerinstaller not found.
10-01 12:35:17.207  7116  7754 V NativeCrypto: Registering com/google/android/gms/org/conscrypt/NativeCrypto's 319 native methods...
10-01 12:35:17.207  4265  4532 W ProviderHelper: Unknown dynamite feature providerinstaller
10-01 12:35:17.207  7116  7761 I enay    : Unable to retrieve flag snapshot for com.google.android.gms.providerinstaller#com.google.android.gm, using defaults.
10-01 12:35:17.209  6974  7751 W ProviderInstaller: Failed to load providerinstaller module: No acceptable module found. Local version is 0 and remote version is 0.
10-01 12:35:17.209  7116  7762 E GoogleApiManager: Failed to get service from broker. 
10-01 12:35:17.209  7116  7762 E GoogleApiManager: java.lang.SecurityException: Unknown calling package name 'com.google.android.gms'.
10-01 12:35:17.209  7116  7762 E GoogleApiManager: 	at android.os.Parcel.createException(Parcel.java:2071)
10-01 12:35:17.209  7116  7762 E GoogleApiManager: 	at android.os.Parcel.readException(Parcel.java:2039)
10-01 12:35:17.209  7116  7762 E GoogleApiManager: 	at android.os.Parcel.readException(Parcel.java:1987)
10-01 12:35:17.209  7116  7762 E GoogleApiManager: 	at ayup.a(:com.google.android.gms@253133013@25.31.33 (100400-795226510):36)
10-01 12:35:17.209  7116  7762 E GoogleApiManager: 	at aysw.z(:com.google.android.gms@253133013@25.31.33 (100400-795226510):150)
10-01 12:35:17.209  7116  7762 E GoogleApiManager: 	at axzv.run(:com.google.android.gms@253133013@25.31.33 (100400-795226510):42)
10-01 12:35:17.209  7116  7762 E GoogleApiManager: 	at android.os.Handler.handleCallback(Handler.java:883)
10-01 12:35:17.209  7116  7762 E GoogleApiManager: 	at android.os.Handler.dispatchMessage(Handler.java:100)
10-01 12:35:17.209  7116  7762 E GoogleApiManager: 	at chwt.md(:com.google.android.gms@253133013@25.31.33 (100400-795226510):1)
10-01 12:35:17.209  7116  7762 E GoogleApiManager: 	at chwt.dispatchMessage(:com.google.android.gms@253133013@25.31.33 (100400-795226510):5)
10-01 12:35:17.209  7116  7762 E GoogleApiManager: 	at android.os.Looper.loop(Looper.java:214)
10-01 12:35:17.209  7116  7762 E GoogleApiManager: 	at android.os.HandlerThread.run(HandlerThread.java:67)
10-01 12:35:17.210  6974  7751 W AbstractGoogleClient: Application name is not set. Call Builder#setApplicationName.
10-01 12:35:17.212  7116  7754 D NetworkSecurityConfig: Using Network Security Config from resource network_security_config debugBuild: false
10-01 12:35:17.213  7116  7754 I ProviderInstaller: Installed default security provider GmsCore_OpenSSL
10-01 12:35:17.214  7116  7757 W FlagRegistrar: Failed to register com.google.android.gms.providerinstaller#com.google.android.gm
10-01 12:35:17.214  7116  7757 W FlagRegistrar: enbk: 17: 17: API: Phenotype.API is not available on this device. Connection failed with: ConnectionResult{statusCode=DEVELOPER_ERROR, resolution=null, message=null}
10-01 12:35:17.214  7116  7757 W FlagRegistrar: 	at enbm.a(:com.google.android.gms@253133013@25.31.33 (100400-795226510):13)
10-01 12:35:17.214  7116  7757 W FlagRegistrar: 	at fhnj.d(:com.google.android.gms@253133013@25.31.33 (100400-795226510):3)
10-01 12:35:17.214  7116  7757 W FlagRegistrar: 	at fhnl.run(:com.google.android.gms@253133013@25.31.33 (100400-795226510):130)
10-01 12:35:17.214  7116  7757 W FlagRegistrar: 	at fhps.execute(:com.google.android.gms@253133013@25.31.33 (100400-795226510):1)
10-01 12:35:17.214  7116  7757 W FlagRegistrar: 	at fhnt.f(:com.google.android.gms@253133013@25.31.33 (100400-795226510):1)
10-01 12:35:17.214  7116  7757 W FlagRegistrar: 	at fhnt.m(:com.google.android.gms@253133013@25.31.33 (100400-795226510):99)
10-01 12:35:17.214  7116  7757 W FlagRegistrar: 	at fhnt.r(:com.google.android.gms@253133013@25.31.33 (100400-795226510):17)
10-01 12:35:17.214  7116  7757 W FlagRegistrar: 	at efmr.hL(:com.google.android.gms@253133013@25.31.33 (100400-795226510):35)
10-01 12:35:17.214  7116  7757 W FlagRegistrar: 	at dvrm.run(:com.google.android.gms@253133013@25.31.33 (100400-795226510):12)
10-01 12:35:17.214  7116  7757 W FlagRegistrar: 	at fhps.execute(:com.google.android.gms@253133013@25.31.33 (100400-795226510):1)
10-01 12:35:17.214  7116  7757 W FlagRegistrar: 	at dvrn.b(:com.google.android.gms@253133013@25.31.33 (100400-795226510):18)
10-01 12:35:17.214  7116  7757 W FlagRegistrar: 	at dvsc.b(:com.google.android.gms@253133013@25.31.33 (100400-795226510):36)
10-01 12:35:17.214  7116  7757 W FlagRegistrar: 	at dvse.d(:com.google.android.gms@253133013@25.31.33 (100400-795226510):25)
10-01 12:35:17.214  7116  7757 W FlagRegistrar: 	at axxe.c(:com.google.android.gms@253133013@25.31.33 (100400-795226510):9)
10-01 12:35:17.214  7116  7757 W FlagRegistrar: 	at axzt.q(:com.google.android.gms@253133013@25.31.33 (100400-795226510):48)
10-01 12:35:17.214  7116  7757 W FlagRegistrar: 	at axzt.d(:com.google.android.gms@253133013@25.31.33 (100400-795226510):10)
10-01 12:35:17.214  7116  7757 W FlagRegistrar: 	at axzt.g(:com.google.android.gms@253133013@25.31.33 (100400-795226510):185)
