10-01 12:35:17.214  7116  7757 W FlagRegistrar: 	at axzt.onConnectionFailed(:com.google.android.gms@253133013@25.31.33 (100400-795226510):2)
10-01 12:35:17.214  7116  7757 W FlagRegistrar: 	at axzv.run(:com.google.android.gms@253133013@25.31.33 (100400-795226510):70)
10-01 12:35:17.214  7116  7757 W FlagRegistrar: 	at android.os.Handler.handleCallback(Handler.java:883)
10-01 12:35:17.214  7116  7757 W FlagRegistrar: 	at android.os.Handler.dispatchMessage(Handler.java:100)
10-01 12:35:17.214  7116  7757 W FlagRegistrar: 	at chwt.md(:com.google.android.gms@253133013@25.31.33 (100400-795226510):1)
10-01 12:35:17.214  7116  7757 W FlagRegistrar: 	at chwt.dispatchMessage(:com.google.android.gms@253133013@25.31.33 (100400-795226510):5)

----- Pixel2.arm-29-en-portrait/logcat:2084 -----
10-01 12:35:17.352  4320  7792 I wrk     : Sending URL request: uri=https://lh3.googleusercontent.com/a/ACg8ocLMONFfnKojSFrgrh6uP5MK1TsMulStobeuj-d-r1EGW161OQ=s315-mo
10-01 12:35:17.352  4320  4540 I wrk     : Exceeded max concurrent downloads, not running another queued request
10-01 12:35:17.352  4320  7211 I wrk     : Exceeded max concurrent downloads, not running another queued request
10-01 12:35:17.352  4320  7790 I wrk     : Exceeded max concurrent downloads, not running another queued request
10-01 12:35:17.352  4320  7791 I wrk     : Exceeded max concurrent downloads, not running another queued request
10-01 12:35:17.353  4320  7759 I wrk     : Sending URL request: uri=https://lh3.googleusercontent.com/a/ACg8ocLMONFfnKojSFrgrh6uP5MK1TsMulStobeuj-d-r1EGW161OQ=s126-mo
10-01 12:35:17.460  4320  7709 I FSA2_GroupSyncGrpc: Received non-null API-group response
10-01 12:35:17.461  4320  7709 E FSA2_ProtoToPeopleUtil: Unexpected system group {id=2}
10-01 12:35:17.461  4320  7709 E FSA2_ProtoToPeopleUtil: Unexpected system group {id=5}
10-01 12:35:17.461  4320  7709 E FSA2_ProtoToPeopleUtil: Unexpected system group {id=15}
10-01 12:35:17.478  4320  7688 I FSA2_SyncState: @readSyncState: # dhoj@2c35d72f
10-01 12:35:17.481  4265  4538 I UriTaskContentObserver: Throttling content uri change event for content://com.android.contacts [CONTEXT service_id=218 ]
10-01 12:35:17.493  4265  4265 I WakefulBroadcastRcvr: Processing wakeful broadcast: android.accounts.LOGIN_ACCOUNTS_CHANGED
10-01 12:35:17.497  4320  7149 V Backup  : [AccountChangedIO] Received intent, action = android.accounts.LOGIN_ACCOUNTS_CHANGED
10-01 12:35:17.504  4265  4265 D BoundBrokerSvc: onRebind: Intent { act=com.google.android.gms.auth.aang.events.services.START dat=chimera-action: cmp=com.google.android.gms/.chimera.PersistentApiService }
10-01 12:35:17.507  4265  7739 I HeterodyneSyncScheduler: Scheduling Phenotype for a PhenotypeSyncImmediately(5, null) one off with window [1, 2] in seconds [CONTEXT service_id=51 ]
10-01 12:35:17.508  4265  4623 I GmsCoreXrpcWrapper: Returning a channel provider with trafficStatsTag=67145728 trafficStatsUid=-1
10-01 12:35:17.509  4265  4623 I chatty  : uid=10119(com.google.android.gms) Binder:4265_E identical 2 lines
10-01 12:35:17.509  4265  4623 I GmsCoreXrpcWrapper: Returning a channel provider with trafficStatsTag=67145728 trafficStatsUid=-1
10-01 12:35:17.510  7282  7389 W ConnectionTracker: Exception thrown while unbinding
10-01 12:35:17.510  7282  7389 W ConnectionTracker: java.lang.IllegalArgumentException: Service not registered: tel@8891922
10-01 12:35:17.510  7282  7389 W ConnectionTracker: 	at android.app.LoadedApk.forgetServiceDispatcher(LoadedApk.java:1751)
10-01 12:35:17.510  7282  7389 W ConnectionTracker: 	at android.app.ContextImpl.unbindService(ContextImpl.java:1776)
10-01 12:35:17.510  7282  7389 W ConnectionTracker: 	at android.content.ContextWrapper.unbindService(ContextWrapper.java:741)
10-01 12:35:17.510  7282  7389 W ConnectionTracker: 	at sib.b(PG:29)
10-01 12:35:17.510  7282  7389 W ConnectionTracker: 	at sib.a(PG:25)
10-01 12:35:17.510  7282  7389 W ConnectionTracker: 	at tem.q(PG:48)
10-01 12:35:17.510  7282  7389 W ConnectionTracker: 	at tdx.a(PG:5)
10-01 12:35:17.510  7282  7389 W ConnectionTracker: 	at svs.run(PG:5)
10-01 12:35:17.510  7282  7389 W ConnectionTracker: 	at java.util.concurrent.Executors$RunnableAdapter.call(Executors.java:462)
10-01 12:35:17.510  7282  7389 W ConnectionTracker: 	at java.util.concurrent.FutureTask.run(FutureTask.java:266)
10-01 12:35:17.510  7282  7389 W ConnectionTracker: 	at tbd.run(PG:36)
10-01 12:35:17.515  4320  6729 I PaymentsSuwIntentOp: Processing intent action = android.accounts.LOGIN_ACCOUNTS_CHANGED
10-01 12:35:17.517   179   179 D Zygote  : Forked child process 7806
10-01 12:35:17.521  4320  7149 I Backup  : [GmsBackupAccountManager] Backup account not found in gmscore.
10-01 12:35:17.524   379   418 I ActivityManager: Start proc 7806:com.google.process.gapps/u0a135 for broadcast {com.google.android.syncadapters.contacts/com.google.android.syncadapters.contacts.ContactsSyncAdapterBroadcastReceiver}
10-01 12:35:17.525  7806  7806 I Zygote  : seccomp disabled by setenforce 0
10-01 12:35:17.526  4265  7739 W ChimeraUtils: Module com.google.android.gms.backup_base missing resource null(0)
10-01 12:35:17.528  4320  6741 I GmsCoreXrpcWrapper: Returning a channel provider with trafficStatsTag=67127296 trafficStatsUid=-1
10-01 12:35:17.529  4265  4623 W GLSUser : [DeviceKeyStore] Cannot load key: Device key file not found.
10-01 12:35:17.529  4265  4623 W GLSUser : [DeviceKeyStore] Cannot load key: Device key file not found.
10-01 12:35:17.531   179   179 D Zygote  : Forked child process 7818
10-01 12:35:17.533  4320  7804 I FSA2_SyncState: @readSyncState: # dhoj@98e950f6
10-01 12:35:17.536  7818  7818 I Zygote  : seccomp disabled by setenforce 0
10-01 12:35:17.536   379   418 I ActivityManager: Start proc 7818:com.google.android.setupwizard/u0a109 for content provider {com.google.android.setupwizard/com.google.android.setupwizard.partner.PartnerCustomizationProvider}
10-01 12:35:17.539  4265  5073 W GLSUser : [DeviceKeyStore] Cannot load key: Device key file not found.
10-01 12:35:17.539  4265  5073 W GLSUser : [DeviceKeyStore] Cannot load key: Device key file not found.
10-01 12:35:17.539  4265  7739 V Backup  : [BackupAccountNotifier] Handling new intent. Show notification: true
10-01 12:35:17.540  4320  7149 I Backup  : [GmsBackupAccountManager] Backup account not found in gmscore.
10-01 12:35:17.542  4320  7149 V Backup  : [GmsBackupTransportDescription] currentDestinationString: null
10-01 12:35:17.544  4320  7804 I FSA2_SyncState: @readSyncState: # dhoj@98e950f6
10-01 12:35:17.548  4265  6725 V Backup  : [BackupAccountNotifier] Handling new intent. Show notification: true
10-01 12:35:17.555  4265  7801 I Auth    : [BroadcastManager] [BroadcastManager] Broadcasting account change. [CONTEXT service_id=343 ]
10-01 12:35:17.557  7806  7806 D ApplicationLoaders: Returning zygote-cached class loader: /system/framework/android.hidl.base-V1.0-java.jar
10-01 12:35:17.557  7806  7806 D ApplicationLoaders: Returning zygote-cached class loader: /system/framework/android.hidl.manager-V1.0-java.jar
10-01 12:35:17.557  7806  7806 D ApplicationLoaders: Returning zygote-cached class loader: /system/framework/android.hidl.base-V1.0-java.jar
10-01 12:35:17.557  4320  7804 I FSA2_SyncState: @readSyncState: # dhoj@98e950f6
10-01 12:35:17.557  4320  7804 W FSA2_PeopleSyncState: @setLastFullSynctime = 1759347317557
10-01 12:35:17.557  4320  7804 W FSA2_PeopleSyncState: @setFullySyncedDownLunarDates = true
10-01 12:35:17.557  4320  7804 W FSA2_PeopleSyncState: @setFullySyncedDownCallingCard = true
10-01 12:35:17.557  7806  7806 I e.process.gapp: The ClassLoaderContext is a special shared library.

----- Pixel2.arm-29-en-portrait/logcat:2142 -----
10-01 12:35:17.557  4320  7804 W FSA2_PeopleSyncState: @setFullySyncedDownLunarDates = true
10-01 12:35:17.557  4320  7804 W FSA2_PeopleSyncState: @setFullySyncedDownCallingCard = true
10-01 12:35:17.557  7806  7806 I e.process.gapp: The ClassLoaderContext is a special shared library.
10-01 12:35:17.558  7806  7806 I e.process.gapp: The ClassLoaderContext is a special shared library.
10-01 12:35:17.560  4320  7804 I FSA2_SyncState: @readSyncState: # dhoj@98e950f6
10-01 12:35:17.563  4265  4538 I UriTaskContentObserver: Throttling content uri change event for content://com.android.contacts [CONTEXT service_id=218 ]
10-01 12:35:17.569  4265  5073 W GLSUser : [DeviceKeyStore] Cannot load key: Device key file not found.
10-01 12:35:17.569  4265  5073 W GLSUser : [DeviceKeyStore] Cannot load key: Device key file not found.
10-01 12:35:17.570  4265  4360 W Auth    : [TokenResponseCallback] TokenResponse failed with exception [CONTEXT service_id=343 ]
10-01 12:35:17.570  4265  4360 W Auth    : chqr: Failed to process request
10-01 12:35:17.570  4265  4360 W Auth    : 	at chqx.a(:com.google.android.gms@253133013@25.31.33 (100400-795226510):23)
10-01 12:35:17.570  4265  4360 W Auth    : 	at chup.b(:com.google.android.gms@253133013@25.31.33 (100400-795226510):15)
10-01 12:35:17.570  4265  4360 W Auth    : 	at chvg.onFailed(:com.google.android.gms@253133013@25.31.33 (100400-795226510):15)
10-01 12:35:17.570  4265  4360 W Auth    : 	at m1.nh.onFailed(:com.google.android.gms.dynamite_cronetdynamite@253133013@25.31.33 (100400-0):3)
10-01 12:35:17.570  4265  4360 W Auth    : 	at m1.mg.run(:com.google.android.gms.dynamite_cronetdynamite@253133013@25.31.33 (100400-0):16)
10-01 12:35:17.570  4265  4360 W Auth    : 	at aznp.c(:com.google.android.gms@253133013@25.31.33 (100400-795226510):50)
10-01 12:35:17.570  4265  4360 W Auth    : 	at aznp.run(:com.google.android.gms@253133013@25.31.33 (100400-795226510):70)
10-01 12:35:17.570  4265  4360 W Auth    : 	at java.util.concurrent.ThreadPoolExecutor.runWorker(ThreadPoolExecutor.java:1167)
10-01 12:35:17.570  4265  4360 W Auth    : 	at java.util.concurrent.ThreadPoolExecutor$Worker.run(ThreadPoolExecutor.java:641)
10-01 12:35:17.570  4265  4360 W Auth    : 	at azti.run(:com.google.android.gms@253133013@25.31.33 (100400-795226510):8)
10-01 12:35:17.570  4265  4360 W Auth    : 	at java.lang.Thread.run(Thread.java:919)
10-01 12:35:17.570  4265  4360 W Auth    : Caused by: m1.mq: Exception in CronetUrlRequest: net::ERR_FAILED, ErrorCode=11, InternalErrorCode=-2, Retryable=false
10-01 12:35:17.570  4265  4360 W Auth    : 	at org.chromium.net.impl.CronetUrlRequest.onError(:com.google.android.gms.dynamite_cronetdynamite@253133013@25.31.33 (100400-0):3)
10-01 12:35:17.571  4265  4299 E AuthPII : [RequestTokenManager] getToken() -> NETWORK_ERROR. App: com.google.android.gm, Service: oauth2:https://mail.google.com/ https://www.googleapis.com/auth/gmail.ads https://www.googleapis.com/auth/gmail.readonly https://www.googleapis.com/auth/taskassist.readonly https://www.googleapis.com/auth/reminders https://www.googleapis.com/auth/gmail.full_access https://www.googleapis.com/auth/gmail.locker.read https://www.googleapis.com/auth/gmail.publisher_first_party https://www.googleapis.com/auth/drive 
10-01 12:35:17.571  4265  4299 E AuthPII : ayii: Error when calling server using GmsNetworkStack.
10-01 12:35:17.571  4265  4299 E AuthPII : 	at abmi.b(:com.google.android.gms@253133013@25.31.33 (100400-795226510):1405)
10-01 12:35:17.571  4265  4299 E AuthPII : 	at abmg.a(:com.google.android.gms@253133013@25.31.33 (100400-795226510):569)
10-01 12:35:17.571  4265  4299 E AuthPII : 	at abmf.b(:com.google.android.gms@253133013@25.31.33 (100400-795226510):120)
10-01 12:35:17.571  4265  4299 E AuthPII : 	at vbj.h(:com.google.android.gms@253133013@25.31.33 (100400-795226510):494)
10-01 12:35:17.571  4265  4299 E AuthPII : 	at vbj.d(:com.google.android.gms@253133013@25.31.33 (100400-795226510):145)
10-01 12:35:17.571  4265  4299 E AuthPII : 	at vbj.fn(:com.google.android.gms@253133013@25.31.33 (100400-795226510):153)
10-01 12:35:17.571  4265  4299 E AuthPII : 	at ujd.onTransact(:com.google.android.gms@253133013@25.31.33 (100400-795226510):97)
10-01 12:35:17.571  4265  4299 E AuthPII : 	at android.os.Binder.transact(Binder.java:914)
10-01 12:35:17.571  4265  4299 E AuthPII : 	at bzkc.onTransact(:com.google.android.gms@253133013@25.31.33 (100400-795226510):10)
10-01 12:35:17.571  4265  4299 E AuthPII : 	at android.os.Binder.transact(Binder.java:914)
10-01 12:35:17.571  4265  4299 E AuthPII : 	at bppo.onTransact(:com.google.android.gms@253133013@25.31.33 (100400-795226510):157)
10-01 12:35:17.571  4265  4299 E AuthPII : 	at android.os.Binder.execTransactInternal(Binder.java:1021)
10-01 12:35:17.571  4265  4299 E AuthPII : 	at android.os.Binder.execTransact(Binder.java:994)
10-01 12:35:17.571  4265  4299 E AuthPII : Caused by: ayii: Error requesting token.
10-01 12:35:17.571  4265  4299 E AuthPII : 	at abmi.d(:com.google.android.gms@253133013@25.31.33 (100400-795226510):216)
10-01 12:35:17.571  4265  4299 E AuthPII : 	at abmi.b(:com.google.android.gms@253133013@25.31.33 (100400-795226510):51)
10-01 12:35:17.571  4265  4299 E AuthPII : 	... 12 more
10-01 12:35:17.571  4265  4299 E AuthPII : Caused by: java.util.concurrent.ExecutionException: chqr: Failed to process request
10-01 12:35:17.571  4265  4299 E AuthPII : 	at fhnt.j(:com.google.android.gms@253133013@25.31.33 (100400-795226510):21)
10-01 12:35:17.571  4265  4299 E AuthPII : 	at fhoc.v(:com.google.android.gms@253133013@25.31.33 (100400-795226510):107)
10-01 12:35:17.571  4265  4299 E AuthPII : 	at abmi.d(:com.google.android.gms@253133013@25.31.33 (100400-795226510):197)
10-01 12:35:17.571  4265  4299 E AuthPII : 	... 13 more
10-01 12:35:17.571  4265  4299 E AuthPII : Caused by: chqr: Failed to process request
10-01 12:35:17.571  4265  4299 E AuthPII : 	at chqx.a(:com.google.android.gms@253133013@25.31.33 (100400-795226510):23)
10-01 12:35:17.571  4265  4299 E AuthPII : 	at chup.b(:com.google.android.gms@253133013@25.31.33 (100400-795226510):15)
10-01 12:35:17.571  4265  4299 E AuthPII : 	at chvg.onFailed(:com.google.android.gms@253133013@25.31.33 (100400-795226510):15)
10-01 12:35:17.571  4265  4299 E AuthPII : 	at m1.nh.onFailed(:com.google.android.gms.dynamite_cronetdynamite@253133013@25.31.33 (100400-0):3)
10-01 12:35:17.571  4265  4299 E AuthPII : 	at m1.mg.run(:com.google.android.gms.dynamite_cronetdynamite@253133013@25.31.33 (100400-0):16)
10-01 12:35:17.571  4265  4299 E AuthPII : 	at aznp.c(:com.google.android.gms@253133013@25.31.33 (100400-795226510):50)
10-01 12:35:17.571  4265  4299 E AuthPII : 	at aznp.run(:com.google.android.gms@253133013@25.31.33 (100400-795226510):70)
10-01 12:35:17.571  4265  4299 E AuthPII : 	at java.util.concurrent.ThreadPoolExecutor.runWorker(ThreadPoolExecutor.java:1167)
10-01 12:35:17.571  4265  4299 E AuthPII : 	at java.util.concurrent.ThreadPoolExecutor$Worker.run(ThreadPoolExecutor.java:641)
10-01 12:35:17.571  4265  4299 E AuthPII : 	at azti.run(:com.google.android.gms@253133013@25.31.33 (100400-795226510):8)
10-01 12:35:17.571  4265  4299 E AuthPII : 	at java.lang.Thread.run(Thread.java:919)
10-01 12:35:17.571  4265  4299 E AuthPII : Caused by: m1.mq: Exception in CronetUrlRequest: net::ERR_FAILED, ErrorCode=11, InternalErrorCode=-2, Retryable=false
10-01 12:35:17.571  4265  4299 E AuthPII : 	at org.chromium.net.impl.CronetUrlRequest.onError(:com.google.android.gms.dynamite_cronetdynamite@253133013@25.31.33 (100400-0):3)

----- Pixel2.arm-29-en-portrait/logcat:2180 -----
10-01 12:35:17.571  4265  4299 E AuthPII : Caused by: ayii: Error requesting token.
10-01 12:35:17.571  4265  4299 E AuthPII : 	at abmi.d(:com.google.android.gms@253133013@25.31.33 (100400-795226510):216)
10-01 12:35:17.571  4265  4299 E AuthPII : 	at abmi.b(:com.google.android.gms@253133013@25.31.33 (100400-795226510):51)
10-01 12:35:17.571  4265  4299 E AuthPII : 	... 12 more
10-01 12:35:17.571  4265  4299 E AuthPII : Caused by: java.util.concurrent.ExecutionException: chqr: Failed to process request
10-01 12:35:17.571  4265  4299 E AuthPII : 	at fhnt.j(:com.google.android.gms@253133013@25.31.33 (100400-795226510):21)
10-01 12:35:17.571  4265  4299 E AuthPII : 	at fhoc.v(:com.google.android.gms@253133013@25.31.33 (100400-795226510):107)
10-01 12:35:17.571  4265  4299 E AuthPII : 	at abmi.d(:com.google.android.gms@253133013@25.31.33 (100400-795226510):197)
10-01 12:35:17.571  4265  4299 E AuthPII : 	... 13 more
10-01 12:35:17.571  4265  4299 E AuthPII : Caused by: chqr: Failed to process request
10-01 12:35:17.571  4265  4299 E AuthPII : 	at chqx.a(:com.google.android.gms@253133013@25.31.33 (100400-795226510):23)
10-01 12:35:17.571  4265  4299 E AuthPII : 	at chup.b(:com.google.android.gms@253133013@25.31.33 (100400-795226510):15)
10-01 12:35:17.571  4265  4299 E AuthPII : 	at chvg.onFailed(:com.google.android.gms@253133013@25.31.33 (100400-795226510):15)
10-01 12:35:17.571  4265  4299 E AuthPII : 	at m1.nh.onFailed(:com.google.android.gms.dynamite_cronetdynamite@253133013@25.31.33 (100400-0):3)
10-01 12:35:17.571  4265  4299 E AuthPII : 	at m1.mg.run(:com.google.android.gms.dynamite_cronetdynamite@253133013@25.31.33 (100400-0):16)
10-01 12:35:17.571  4265  4299 E AuthPII : 	at aznp.c(:com.google.android.gms@253133013@25.31.33 (100400-795226510):50)
10-01 12:35:17.571  4265  4299 E AuthPII : 	at aznp.run(:com.google.android.gms@253133013@25.31.33 (100400-795226510):70)
10-01 12:35:17.571  4265  4299 E AuthPII : 	at java.util.concurrent.ThreadPoolExecutor.runWorker(ThreadPoolExecutor.java:1167)
10-01 12:35:17.571  4265  4299 E AuthPII : 	at java.util.concurrent.ThreadPoolExecutor$Worker.run(ThreadPoolExecutor.java:641)
10-01 12:35:17.571  4265  4299 E AuthPII : 	at azti.run(:com.google.android.gms@253133013@25.31.33 (100400-795226510):8)
10-01 12:35:17.571  4265  4299 E AuthPII : 	at java.lang.Thread.run(Thread.java:919)
10-01 12:35:17.571  4265  4299 E AuthPII : Caused by: m1.mq: Exception in CronetUrlRequest: net::ERR_FAILED, ErrorCode=11, InternalErrorCode=-2, Retryable=false
10-01 12:35:17.571  4265  4299 E AuthPII : 	at org.chromium.net.impl.CronetUrlRequest.onError(:com.google.android.gms.dynamite_cronetdynamite@253133013@25.31.33 (100400-0):3)
10-01 12:35:17.571  4265  4299 E AuthPII : Message is Error when calling server using GmsNetworkStack.
10-01 12:35:17.571  4265  4299 E AuthPII : ayii: Error when calling server using GmsNetworkStack.
10-01 12:35:17.571  4265  4299 E AuthPII : 	at abmi.b(:com.google.android.gms@253133013@25.31.33 (100400-795226510):1405)
10-01 12:35:17.571  4265  4299 E AuthPII : 	at abmg.a(:com.google.android.gms@253133013@25.31.33 (100400-795226510):569)
10-01 12:35:17.571  4265  4299 E AuthPII : 	at abmf.b(:com.google.android.gms@253133013@25.31.33 (100400-795226510):120)
10-01 12:35:17.571  4265  4299 E AuthPII : 	at vbj.h(:com.google.android.gms@253133013@25.31.33 (100400-795226510):494)
10-01 12:35:17.571  4265  4299 E AuthPII : 	at vbj.d(:com.google.android.gms@253133013@25.31.33 (100400-795226510):145)
10-01 12:35:17.571  4265  4299 E AuthPII : 	at vbj.fn(:com.google.android.gms@253133013@25.31.33 (100400-795226510):153)
10-01 12:35:17.571  4265  4299 E AuthPII : 	at ujd.onTransact(:com.google.android.gms@253133013@25.31.33 (100400-795226510):97)
10-01 12:35:17.571  4265  4299 E AuthPII : 	at android.os.Binder.transact(Binder.java:914)
10-01 12:35:17.571  4265  4299 E AuthPII : 	at bzkc.onTransact(:com.google.android.gms@253133013@25.31.33 (100400-795226510):10)
10-01 12:35:17.571  4265  4299 E AuthPII : 	at android.os.Binder.transact(Binder.java:914)
10-01 12:35:17.571  4265  4299 E AuthPII : 	at bppo.onTransact(:com.google.android.gms@253133013@25.31.33 (100400-795226510):157)
10-01 12:35:17.571  4265  4299 E AuthPII : 	at android.os.Binder.execTransactInternal(Binder.java:1021)
10-01 12:35:17.571  4265  4299 E AuthPII : 	at android.os.Binder.execTransact(Binder.java:994)
10-01 12:35:17.571  4265  4299 E AuthPII : Caused by: ayii: Error requesting token.
10-01 12:35:17.571  4265  4299 E AuthPII : 	at abmi.d(:com.google.android.gms@253133013@25.31.33 (100400-795226510):216)
10-01 12:35:17.571  4265  4299 E AuthPII : 	at abmi.b(:com.google.android.gms@253133013@25.31.33 (100400-795226510):51)
10-01 12:35:17.571  4265  4299 E AuthPII : 	... 12 more
10-01 12:35:17.571  4265  4299 E AuthPII : Caused by: java.util.concurrent.ExecutionException: chqr: Failed to process request
10-01 12:35:17.571  4265  4299 E AuthPII : 	at fhnt.j(:com.google.android.gms@253133013@25.31.33 (100400-795226510):21)
10-01 12:35:17.571  4265  4299 E AuthPII : 	at fhoc.v(:com.google.android.gms@253133013@25.31.33 (100400-795226510):107)
10-01 12:35:17.571  4265  4299 E AuthPII : 	at abmi.d(:com.google.android.gms@253133013@25.31.33 (100400-795226510):197)
10-01 12:35:17.571  4265  4299 E AuthPII : 	... 13 more
10-01 12:35:17.571  4265  4299 E AuthPII : Caused by: chqr: Failed to process request
10-01 12:35:17.571  4265  4299 E AuthPII : 	at chqx.a(:com.google.android.gms@253133013@25.31.33 (100400-795226510):23)
10-01 12:35:17.571  4265  4299 E AuthPII : 	at chup.b(:com.google.android.gms@253133013@25.31.33 (100400-795226510):15)
10-01 12:35:17.571  4265  4299 E AuthPII : 	at chvg.onFailed(:com.google.android.gms@253133013@25.31.33 (100400-795226510):15)
10-01 12:35:17.571  4265  4299 E AuthPII : 	at m1.nh.onFailed(:com.google.android.gms.dynamite_cronetdynamite@253133013@25.31.33 (100400-0):3)
10-01 12:35:17.571  4265  4299 E AuthPII : 	at m1.mg.run(:com.google.android.gms.dynamite_cronetdynamite@253133013@25.31.33 (100400-0):16)
10-01 12:35:17.571  4265  4299 E AuthPII : 	at aznp.c(:com.google.android.gms@253133013@25.31.33 (100400-795226510):50)
10-01 12:35:17.571  4265  4299 E AuthPII : 	at aznp.run(:com.google.android.gms@253133013@25.31.33 (100400-795226510):70)
10-01 12:35:17.571  4265  4299 E AuthPII : 	at java.util.concurrent.ThreadPoolExecutor.runWorker(ThreadPoolExecutor.java:1167)
10-01 12:35:17.571  4265  4299 E AuthPII : 	at java.util.concurrent.ThreadPoolExecutor$Worker.run(ThreadPoolExecutor.java:641)
10-01 12:35:17.571  4265  4299 E AuthPII : 	at azti.run(:com.google.android.gms@253133013@25.31.33 (100400-795226510):8)
10-01 12:35:17.571  4265  4299 E AuthPII : 	at java.lang.Thread.run(Thread.java:919)
10-01 12:35:17.571  4265  4299 E AuthPII : Caused by: m1.mq: Exception in CronetUrlRequest: net::ERR_FAILED, ErrorCode=11, InternalErrorCode=-2, Retryable=false
10-01 12:35:17.571  4265  4299 E AuthPII : 	at org.chromium.net.impl.CronetUrlRequest.onError(:com.google.android.gms.dynamite_cronetdynamite@253133013@25.31.33 (100400-0):3)

----- Pixel2.arm-29-en-portrait/logcat:2218 -----
10-01 12:35:17.571  4265  4299 E AuthPII : Caused by: ayii: Error requesting token.
10-01 12:35:17.571  4265  4299 E AuthPII : 	at abmi.d(:com.google.android.gms@253133013@25.31.33 (100400-795226510):216)
10-01 12:35:17.571  4265  4299 E AuthPII : 	at abmi.b(:com.google.android.gms@253133013@25.31.33 (100400-795226510):51)
10-01 12:35:17.571  4265  4299 E AuthPII : 	... 12 more
10-01 12:35:17.571  4265  4299 E AuthPII : Caused by: java.util.concurrent.ExecutionException: chqr: Failed to process request
10-01 12:35:17.571  4265  4299 E AuthPII : 	at fhnt.j(:com.google.android.gms@253133013@25.31.33 (100400-795226510):21)
10-01 12:35:17.571  4265  4299 E AuthPII : 	at fhoc.v(:com.google.android.gms@253133013@25.31.33 (100400-795226510):107)
10-01 12:35:17.571  4265  4299 E AuthPII : 	at abmi.d(:com.google.android.gms@253133013@25.31.33 (100400-795226510):197)
10-01 12:35:17.571  4265  4299 E AuthPII : 	... 13 more
10-01 12:35:17.571  4265  4299 E AuthPII : Caused by: chqr: Failed to process request
10-01 12:35:17.571  4265  4299 E AuthPII : 	at chqx.a(:com.google.android.gms@253133013@25.31.33 (100400-795226510):23)
10-01 12:35:17.571  4265  4299 E AuthPII : 	at chup.b(:com.google.android.gms@253133013@25.31.33 (100400-795226510):15)
10-01 12:35:17.571  4265  4299 E AuthPII : 	at chvg.onFailed(:com.google.android.gms@253133013@25.31.33 (100400-795226510):15)
10-01 12:35:17.571  4265  4299 E AuthPII : 	at m1.nh.onFailed(:com.google.android.gms.dynamite_cronetdynamite@253133013@25.31.33 (100400-0):3)
10-01 12:35:17.571  4265  4299 E AuthPII : 	at m1.mg.run(:com.google.android.gms.dynamite_cronetdynamite@253133013@25.31.33 (100400-0):16)
10-01 12:35:17.571  4265  4299 E AuthPII : 	at aznp.c(:com.google.android.gms@253133013@25.31.33 (100400-795226510):50)
10-01 12:35:17.571  4265  4299 E AuthPII : 	at aznp.run(:com.google.android.gms@253133013@25.31.33 (100400-795226510):70)
10-01 12:35:17.571  4265  4299 E AuthPII : 	at java.util.concurrent.ThreadPoolExecutor.runWorker(ThreadPoolExecutor.java:1167)
10-01 12:35:17.571  4265  4299 E AuthPII : 	at java.util.concurrent.ThreadPoolExecutor$Worker.run(ThreadPoolExecutor.java:641)
10-01 12:35:17.571  4265  4299 E AuthPII : 	at azti.run(:com.google.android.gms@253133013@25.31.33 (100400-795226510):8)
10-01 12:35:17.571  4265  4299 E AuthPII : 	at java.lang.Thread.run(Thread.java:919)
10-01 12:35:17.571  4265  4299 E AuthPII : Caused by: m1.mq: Exception in CronetUrlRequest: net::ERR_FAILED, ErrorCode=11, InternalErrorCode=-2, Retryable=false
10-01 12:35:17.571  4265  4299 E AuthPII : 	at org.chromium.net.impl.CronetUrlRequest.onError(:com.google.android.gms.dynamite_cronetdynamite@253133013@25.31.33 (100400-0):3)
10-01 12:35:17.571  4265  4299 W Auth    : [GetToken] GetToken failed with status code: NetworkError  [CONTEXT service_id=343 ]
10-01 12:35:17.572  7806  7806 I GoogleHttpClient: GMS http client unavailable, use old client
10-01 12:35:17.572  7116  7754 W unm     : Unexpected network exception for request (0) https://inbox.google.com:443/sync/st/s?hl=en&c=0
10-01 12:35:17.572  7116  7754 W unm     : ukr: [/sync/st/s] UNKNOWN: Unknown network error: java.io.IOException: NetworkError
10-01 12:35:17.572  7116  7754 W unm     : 	at uki.a(SourceFile:10)
10-01 12:35:17.572  7116  7754 W unm     : 	at ukq.a(SourceFile:6)
10-01 12:35:17.572  7116  7754 W unm     : 	at ukt.a(Unknown Source:3)
10-01 12:35:17.572  7116  7754 W unm     : 	at abml.a(Unknown Source:2)
10-01 12:35:17.572  7116  7754 W unm     : 	at abjj.a(SourceFile:2)
10-01 12:35:17.572  7116  7754 W unm     : 	at adot.run(SourceFile:3)
10-01 12:35:17.572  7116  7754 W unm     : 	at adog.execute(Unknown Source:0)
10-01 12:35:17.572  7116  7754 W unm     : 	at abni.execute(SourceFile:3)
10-01 12:35:17.572  7116  7754 W unm     : 	at adnb.b(SourceFile:21)
10-01 12:35:17.572  7116  7754 W unm     : 	at adnb.a(SourceFile:14)
10-01 12:35:17.572  7116  7754 W unm     : 	at adnb.a(SourceFile:55)
10-01 12:35:17.572  7116  7754 W unm     : 	at aajd.a(Unknown Source:3)
10-01 12:35:17.572  7116  7754 W unm     : 	at abjj.a(SourceFile:2)
10-01 12:35:17.572  7116  7754 W unm     : 	at adot.run(SourceFile:3)
10-01 12:35:17.572  7116  7754 W unm     : 	at aaaj.run(Unknown Source:3)
10-01 12:35:17.572  7116  7754 W unm     : 	at java.util.concurrent.Executors$RunnableAdapter.call(Executors.java:462)
10-01 12:35:17.572  7116  7754 W unm     : 	at java.util.concurrent.FutureTask.run(FutureTask.java:266)
10-01 12:35:17.572  7116  7754 W unm     : 	at java.util.concurrent.ScheduledThreadPoolExecutor$ScheduledFutureTask.run(ScheduledThreadPoolExecutor.java:301)
10-01 12:35:17.572  7116  7754 W unm     : 	at java.util.concurrent.ThreadPoolExecutor.runWorker(ThreadPoolExecutor.java:1167)
10-01 12:35:17.572  7116  7754 W unm     : 	at java.util.concurrent.ThreadPoolExecutor$Worker.run(ThreadPoolExecutor.java:641)
10-01 12:35:17.572  7116  7754 W unm     : 	at java.lang.Thread.run(Thread.java:919)
10-01 12:35:17.572  7116  7754 W unm     : Caused by: java.io.IOException: NetworkError
10-01 12:35:17.572  7116  7754 W unm     : 	at jii.a(SourceFile:9)
10-01 12:35:17.572  7116  7754 W unm     : 	at jdc.a(SourceFile:5)
10-01 12:35:17.572  7116  7754 W unm     : 	at jdc.a(SourceFile:2)
10-01 12:35:17.572  7116  7754 W unm     : 	at mlo.a(SourceFile:1)
10-01 12:35:17.572  7116  7754 W unm     : 	at aago.a(Unknown Source:18)
10-01 12:35:17.572  7116  7754 W unm     : 	at abld.a(SourceFile:2)
10-01 12:35:17.572  7116  7754 W unm     : 	at abkl.run(Unknown Source:8)
10-01 12:35:17.572  7116  7754 W unm     : 	... 7 more
10-01 12:35:17.573  7116  7754 W unr     : Network is not OK. Status=UNKNOWN. ukr: [/sync/st/s] UNKNOWN: Unknown network error: java.io.IOException: NetworkError
10-01 12:35:17.573  7116  7730 W aaki    : Job(SettingsService:sync#0.1) Enqueued job 'SettingsService:sync' failed
10-01 12:35:17.573  7116  7730 W aaki    : ukr: [/sync/st/s] UNKNOWN: Unknown network error: java.io.IOException: NetworkError
10-01 12:35:17.573  7116  7730 W aaki    : 	at uki.a(SourceFile:10)

----- Pixel2.arm-29-en-portrait/logcat:2245 -----
10-01 12:35:17.572  7116  7754 W unm     : 	at uki.a(SourceFile:10)
10-01 12:35:17.572  7116  7754 W unm     : 	at ukq.a(SourceFile:6)
10-01 12:35:17.572  7116  7754 W unm     : 	at ukt.a(Unknown Source:3)
10-01 12:35:17.572  7116  7754 W unm     : 	at abml.a(Unknown Source:2)
10-01 12:35:17.572  7116  7754 W unm     : 	at abjj.a(SourceFile:2)
10-01 12:35:17.572  7116  7754 W unm     : 	at adot.run(SourceFile:3)
10-01 12:35:17.572  7116  7754 W unm     : 	at adog.execute(Unknown Source:0)
10-01 12:35:17.572  7116  7754 W unm     : 	at abni.execute(SourceFile:3)
10-01 12:35:17.572  7116  7754 W unm     : 	at adnb.b(SourceFile:21)
10-01 12:35:17.572  7116  7754 W unm     : 	at adnb.a(SourceFile:14)
10-01 12:35:17.572  7116  7754 W unm     : 	at adnb.a(SourceFile:55)
10-01 12:35:17.572  7116  7754 W unm     : 	at aajd.a(Unknown Source:3)
10-01 12:35:17.572  7116  7754 W unm     : 	at abjj.a(SourceFile:2)
10-01 12:35:17.572  7116  7754 W unm     : 	at adot.run(SourceFile:3)
10-01 12:35:17.572  7116  7754 W unm     : 	at aaaj.run(Unknown Source:3)
10-01 12:35:17.572  7116  7754 W unm     : 	at java.util.concurrent.Executors$RunnableAdapter.call(Executors.java:462)
10-01 12:35:17.572  7116  7754 W unm     : 	at java.util.concurrent.FutureTask.run(FutureTask.java:266)
10-01 12:35:17.572  7116  7754 W unm     : 	at java.util.concurrent.ScheduledThreadPoolExecutor$ScheduledFutureTask.run(ScheduledThreadPoolExecutor.java:301)
10-01 12:35:17.572  7116  7754 W unm     : 	at java.util.concurrent.ThreadPoolExecutor.runWorker(ThreadPoolExecutor.java:1167)
10-01 12:35:17.572  7116  7754 W unm     : 	at java.util.concurrent.ThreadPoolExecutor$Worker.run(ThreadPoolExecutor.java:641)
10-01 12:35:17.572  7116  7754 W unm     : 	at java.lang.Thread.run(Thread.java:919)
10-01 12:35:17.572  7116  7754 W unm     : Caused by: java.io.IOException: NetworkError
10-01 12:35:17.572  7116  7754 W unm     : 	at jii.a(SourceFile:9)
10-01 12:35:17.572  7116  7754 W unm     : 	at jdc.a(SourceFile:5)
10-01 12:35:17.572  7116  7754 W unm     : 	at jdc.a(SourceFile:2)
10-01 12:35:17.572  7116  7754 W unm     : 	at mlo.a(SourceFile:1)
10-01 12:35:17.572  7116  7754 W unm     : 	at aago.a(Unknown Source:18)
10-01 12:35:17.572  7116  7754 W unm     : 	at abld.a(SourceFile:2)
10-01 12:35:17.572  7116  7754 W unm     : 	at abkl.run(Unknown Source:8)
10-01 12:35:17.572  7116  7754 W unm     : 	... 7 more
10-01 12:35:17.573  7116  7754 W unr     : Network is not OK. Status=UNKNOWN. ukr: [/sync/st/s] UNKNOWN: Unknown network error: java.io.IOException: NetworkError
10-01 12:35:17.573  7116  7730 W aaki    : Job(SettingsService:sync#0.1) Enqueued job 'SettingsService:sync' failed
10-01 12:35:17.573  7116  7730 W aaki    : ukr: [/sync/st/s] UNKNOWN: Unknown network error: java.io.IOException: NetworkError
10-01 12:35:17.573  7116  7730 W aaki    : 	at uki.a(SourceFile:10)
10-01 12:35:17.573  7116  7730 W aaki    : 	at ukq.a(SourceFile:6)
10-01 12:35:17.573  7116  7730 W aaki    : 	at ukt.a(Unknown Source:3)
10-01 12:35:17.573  7116  7730 W aaki    : 	at abml.a(Unknown Source:2)
10-01 12:35:17.573  7116  7730 W aaki    : 	at abjj.a(SourceFile:2)
10-01 12:35:17.573  7116  7730 W aaki    : 	at adot.run(SourceFile:3)
10-01 12:35:17.573  7116  7730 W aaki    : 	at adog.execute(Unknown Source:0)
10-01 12:35:17.573  7116  7730 W aaki    : 	at abni.execute(SourceFile:3)
10-01 12:35:17.573  7116  7730 W aaki    : 	at adnb.b(SourceFile:21)
10-01 12:35:17.573  7116  7730 W aaki    : 	at adnb.a(SourceFile:14)
10-01 12:35:17.573  7116  7730 W aaki    : 	at adnb.a(SourceFile:55)
10-01 12:35:17.573  7116  7730 W aaki    : 	at aajd.a(Unknown Source:3)
10-01 12:35:17.573  7116  7730 W aaki    : 	at abjj.a(SourceFile:2)
10-01 12:35:17.573  7116  7730 W aaki    : 	at adot.run(SourceFile:3)
10-01 12:35:17.573  7116  7730 W aaki    : 	at aaaj.run(Unknown Source:3)
10-01 12:35:17.573  7116  7730 W aaki    : 	at java.util.concurrent.Executors$RunnableAdapter.call(Executors.java:462)
10-01 12:35:17.573  7116  7730 W aaki    : 	at java.util.concurrent.FutureTask.run(FutureTask.java:266)
10-01 12:35:17.573  7116  7730 W aaki    : 	at java.util.concurrent.ScheduledThreadPoolExecutor$ScheduledFutureTask.run(ScheduledThreadPoolExecutor.java:301)
10-01 12:35:17.573  7116  7730 W aaki    : 	at java.util.concurrent.ThreadPoolExecutor.runWorker(ThreadPoolExecutor.java:1167)
10-01 12:35:17.573  7116  7730 W aaki    : 	at java.util.concurrent.ThreadPoolExecutor$Worker.run(ThreadPoolExecutor.java:641)
10-01 12:35:17.573  7116  7730 W aaki    : 	at java.lang.Thread.run(Thread.java:919)
10-01 12:35:17.573  7116  7730 W aaki    : Caused by: java.io.IOException: NetworkError
10-01 12:35:17.573  7116  7730 W aaki    : 	at jii.a(SourceFile:9)
10-01 12:35:17.573  7116  7730 W aaki    : 	at jdc.a(SourceFile:5)
10-01 12:35:17.573  7116  7730 W aaki    : 	at jdc.a(SourceFile:2)
10-01 12:35:17.573  7116  7730 W aaki    : 	at mlo.a(SourceFile:1)
10-01 12:35:17.573  7116  7730 W aaki    : 	at aago.a(Unknown Source:18)
10-01 12:35:17.573  7116  7730 W aaki    : 	at abld.a(SourceFile:2)

----- Pixel2.arm-29-en-portrait/logcat:2278 -----
10-01 12:35:17.573  7116  7730 W aaki    : 	at uki.a(SourceFile:10)
10-01 12:35:17.573  7116  7730 W aaki    : 	at ukq.a(SourceFile:6)
10-01 12:35:17.573  7116  7730 W aaki    : 	at ukt.a(Unknown Source:3)
10-01 12:35:17.573  7116  7730 W aaki    : 	at abml.a(Unknown Source:2)
10-01 12:35:17.573  7116  7730 W aaki    : 	at abjj.a(SourceFile:2)
10-01 12:35:17.573  7116  7730 W aaki    : 	at adot.run(SourceFile:3)
10-01 12:35:17.573  7116  7730 W aaki    : 	at adog.execute(Unknown Source:0)
10-01 12:35:17.573  7116  7730 W aaki    : 	at abni.execute(SourceFile:3)
10-01 12:35:17.573  7116  7730 W aaki    : 	at adnb.b(SourceFile:21)
10-01 12:35:17.573  7116  7730 W aaki    : 	at adnb.a(SourceFile:14)
10-01 12:35:17.573  7116  7730 W aaki    : 	at adnb.a(SourceFile:55)
10-01 12:35:17.573  7116  7730 W aaki    : 	at aajd.a(Unknown Source:3)
10-01 12:35:17.573  7116  7730 W aaki    : 	at abjj.a(SourceFile:2)
10-01 12:35:17.573  7116  7730 W aaki    : 	at adot.run(SourceFile:3)
10-01 12:35:17.573  7116  7730 W aaki    : 	at aaaj.run(Unknown Source:3)
10-01 12:35:17.573  7116  7730 W aaki    : 	at java.util.concurrent.Executors$RunnableAdapter.call(Executors.java:462)
10-01 12:35:17.573  7116  7730 W aaki    : 	at java.util.concurrent.FutureTask.run(FutureTask.java:266)
10-01 12:35:17.573  7116  7730 W aaki    : 	at java.util.concurrent.ScheduledThreadPoolExecutor$ScheduledFutureTask.run(ScheduledThreadPoolExecutor.java:301)
10-01 12:35:17.573  7116  7730 W aaki    : 	at java.util.concurrent.ThreadPoolExecutor.runWorker(ThreadPoolExecutor.java:1167)
10-01 12:35:17.573  7116  7730 W aaki    : 	at java.util.concurrent.ThreadPoolExecutor$Worker.run(ThreadPoolExecutor.java:641)
10-01 12:35:17.573  7116  7730 W aaki    : 	at java.lang.Thread.run(Thread.java:919)
10-01 12:35:17.573  7116  7730 W aaki    : Caused by: java.io.IOException: NetworkError
10-01 12:35:17.573  7116  7730 W aaki    : 	at jii.a(SourceFile:9)
10-01 12:35:17.573  7116  7730 W aaki    : 	at jdc.a(SourceFile:5)
10-01 12:35:17.573  7116  7730 W aaki    : 	at jdc.a(SourceFile:2)
10-01 12:35:17.573  7116  7730 W aaki    : 	at mlo.a(SourceFile:1)
10-01 12:35:17.573  7116  7730 W aaki    : 	at aago.a(Unknown Source:18)
10-01 12:35:17.573  7116  7730 W aaki    : 	at abld.a(SourceFile:2)
10-01 12:35:17.573  7116  7730 W aaki    : 	at abkl.run(Unknown Source:8)
10-01 12:35:17.573  7116  7730 W aaki    : 	... 7 more
10-01 12:35:17.573  7116  7730 W aaki    : Job(SettingsClient start#0.0) Enqueued job 'SettingsClient start' failed
10-01 12:35:17.573  7116  7730 W aaki    : usu: Failed to sync missing settings from the server. Missing values for required settings [utc<ALIAS_ADDRESSES>, utc<DEFAULT_FROM_ADDRESS>, utc<VERIFIED_FROM_ADDRESSES>, utc<NEEDS_ONBOARDING>]. Can not start SettingsClient.
10-01 12:35:17.573  7116  7730 W aaki    : 	at usd.a(Unknown Source:8)
10-01 12:35:17.573  7116  7730 W aaki    : 	at abmj.a(Unknown Source:2)
10-01 12:35:17.573  7116  7730 W aaki    : 	at abjj.a(SourceFile:2)
10-01 12:35:17.573  7116  7730 W aaki    : 	at adot.run(SourceFile:3)
10-01 12:35:17.573  7116  7730 W aaki    : 	at aaju.run(Unknown Source:3)
10-01 12:35:17.573  7116  7730 W aaki    : 	at aaaj.run(Unknown Source:3)
10-01 12:35:17.573  7116  7730 W aaki    : 	at java.util.concurrent.Executors$RunnableAdapter.call(Executors.java:462)
10-01 12:35:17.573  7116  7730 W aaki    : 	at java.util.concurrent.FutureTask.run(FutureTask.java:266)
10-01 12:35:17.573  7116  7730 W aaki    : 	at java.util.concurrent.ScheduledThreadPoolExecutor$ScheduledFutureTask.run(ScheduledThreadPoolExecutor.java:301)
10-01 12:35:17.573  7116  7730 W aaki    : 	at java.util.concurrent.ThreadPoolExecutor.runWorker(ThreadPoolExecutor.java:1167)
10-01 12:35:17.573  7116  7730 W aaki    : 	at java.util.concurrent.ThreadPoolExecutor$Worker.run(ThreadPoolExecutor.java:641)
10-01 12:35:17.573  7116  7730 W aaki    : 	at java.lang.Thread.run(Thread.java:919)
10-01 12:35:17.573  7116  7730 W aaki    : Caused by: ukr: [/sync/st/s] UNKNOWN: Unknown network error: java.io.IOException: NetworkError
10-01 12:35:17.573  7116  7730 W aaki    : 	at uki.a(SourceFile:10)
10-01 12:35:17.573  7116  7730 W aaki    : 	at ukq.a(SourceFile:6)
10-01 12:35:17.573  7116  7730 W aaki    : 	at ukt.a(Unknown Source:3)
10-01 12:35:17.573  7116  7730 W aaki    : 	at abml.a(Unknown Source:2)
10-01 12:35:17.573  7116  7730 W aaki    : 	at abjj.a(SourceFile:2)
10-01 12:35:17.573  7116  7730 W aaki    : 	at adot.run(SourceFile:3)
10-01 12:35:17.573  7116  7730 W aaki    : 	at adog.execute(Unknown Source:0)
10-01 12:35:17.573  7116  7730 W aaki    : 	at abni.execute(SourceFile:3)
10-01 12:35:17.573  7116  7730 W aaki    : 	at adnb.b(SourceFile:21)
10-01 12:35:17.573  7116  7730 W aaki    : 	at adnb.a(SourceFile:14)
10-01 12:35:17.573  7116  7730 W aaki    : 	at adnb.a(SourceFile:55)
10-01 12:35:17.573  7116  7730 W aaki    : 	at aajd.a(Unknown Source:3)
10-01 12:35:17.573  7116  7730 W aaki    : 	at abjj.a(SourceFile:2)
10-01 12:35:17.573  7116  7730 W aaki    : 	at adot.run(SourceFile:3)
10-01 12:35:17.573  7116  7730 W aaki    : 	... 7 more
10-01 12:35:17.573  7116  7730 W aaki    : Caused by: java.io.IOException: NetworkError

----- Pixel2.arm-29-en-portrait/logcat:2301 -----
10-01 12:35:17.573  7116  7730 W aaki    : 	at jdc.a(SourceFile:5)
10-01 12:35:17.573  7116  7730 W aaki    : 	at jdc.a(SourceFile:2)
10-01 12:35:17.573  7116  7730 W aaki    : 	at mlo.a(SourceFile:1)
10-01 12:35:17.573  7116  7730 W aaki    : 	at aago.a(Unknown Source:18)
10-01 12:35:17.573  7116  7730 W aaki    : 	at abld.a(SourceFile:2)
10-01 12:35:17.573  7116  7730 W aaki    : 	at abkl.run(Unknown Source:8)
10-01 12:35:17.573  7116  7730 W aaki    : 	... 7 more
10-01 12:35:17.573  7116  7730 W aaki    : Job(SettingsClient start#0.0) Enqueued job 'SettingsClient start' failed
10-01 12:35:17.573  7116  7730 W aaki    : usu: Failed to sync missing settings from the server. Missing values for required settings [utc<ALIAS_ADDRESSES>, utc<DEFAULT_FROM_ADDRESS>, utc<VERIFIED_FROM_ADDRESSES>, utc<NEEDS_ONBOARDING>]. Can not start SettingsClient.
10-01 12:35:17.573  7116  7730 W aaki    : 	at usd.a(Unknown Source:8)
10-01 12:35:17.573  7116  7730 W aaki    : 	at abmj.a(Unknown Source:2)
10-01 12:35:17.573  7116  7730 W aaki    : 	at abjj.a(SourceFile:2)
10-01 12:35:17.573  7116  7730 W aaki    : 	at adot.run(SourceFile:3)
10-01 12:35:17.573  7116  7730 W aaki    : 	at aaju.run(Unknown Source:3)
10-01 12:35:17.573  7116  7730 W aaki    : 	at aaaj.run(Unknown Source:3)
10-01 12:35:17.573  7116  7730 W aaki    : 	at java.util.concurrent.Executors$RunnableAdapter.call(Executors.java:462)
10-01 12:35:17.573  7116  7730 W aaki    : 	at java.util.concurrent.FutureTask.run(FutureTask.java:266)
10-01 12:35:17.573  7116  7730 W aaki    : 	at java.util.concurrent.ScheduledThreadPoolExecutor$ScheduledFutureTask.run(ScheduledThreadPoolExecutor.java:301)
10-01 12:35:17.573  7116  7730 W aaki    : 	at java.util.concurrent.ThreadPoolExecutor.runWorker(ThreadPoolExecutor.java:1167)
10-01 12:35:17.573  7116  7730 W aaki    : 	at java.util.concurrent.ThreadPoolExecutor$Worker.run(ThreadPoolExecutor.java:641)
10-01 12:35:17.573  7116  7730 W aaki    : 	at java.lang.Thread.run(Thread.java:919)
10-01 12:35:17.573  7116  7730 W aaki    : Caused by: ukr: [/sync/st/s] UNKNOWN: Unknown network error: java.io.IOException: NetworkError
10-01 12:35:17.573  7116  7730 W aaki    : 	at uki.a(SourceFile:10)
10-01 12:35:17.573  7116  7730 W aaki    : 	at ukq.a(SourceFile:6)
10-01 12:35:17.573  7116  7730 W aaki    : 	at ukt.a(Unknown Source:3)
10-01 12:35:17.573  7116  7730 W aaki    : 	at abml.a(Unknown Source:2)
10-01 12:35:17.573  7116  7730 W aaki    : 	at abjj.a(SourceFile:2)
10-01 12:35:17.573  7116  7730 W aaki    : 	at adot.run(SourceFile:3)
10-01 12:35:17.573  7116  7730 W aaki    : 	at adog.execute(Unknown Source:0)
10-01 12:35:17.573  7116  7730 W aaki    : 	at abni.execute(SourceFile:3)
10-01 12:35:17.573  7116  7730 W aaki    : 	at adnb.b(SourceFile:21)
10-01 12:35:17.573  7116  7730 W aaki    : 	at adnb.a(SourceFile:14)
10-01 12:35:17.573  7116  7730 W aaki    : 	at adnb.a(SourceFile:55)
10-01 12:35:17.573  7116  7730 W aaki    : 	at aajd.a(Unknown Source:3)
10-01 12:35:17.573  7116  7730 W aaki    : 	at abjj.a(SourceFile:2)
10-01 12:35:17.573  7116  7730 W aaki    : 	at adot.run(SourceFile:3)
10-01 12:35:17.573  7116  7730 W aaki    : 	... 7 more
10-01 12:35:17.573  7116  7730 W aaki    : Caused by: java.io.IOException: NetworkError
10-01 12:35:17.573  7116  7730 W aaki    : 	at jii.a(SourceFile:9)
10-01 12:35:17.573  7116  7730 W aaki    : 	at jdc.a(SourceFile:5)
10-01 12:35:17.573  7116  7730 W aaki    : 	at jdc.a(SourceFile:2)
10-01 12:35:17.573  7116  7730 W aaki    : 	at mlo.a(SourceFile:1)
10-01 12:35:17.573  7116  7730 W aaki    : 	at aago.a(Unknown Source:18)
10-01 12:35:17.573  7116  7730 W aaki    : 	at abld.a(SourceFile:2)
10-01 12:35:17.573  7116  7730 W aaki    : 	at abkl.run(Unknown Source:8)
10-01 12:35:17.573  7116  7730 W aaki    : 	... 7 more
10-01 12:35:17.574  7116  7730 E yrn     : Error observing nonCriticalStartEvent, not executing ads startup job.
10-01 12:35:17.574  7116  7730 E yrn     : usu: Failed to sync missing settings from the server. Missing values for required settings [utc<ALIAS_ADDRESSES>, utc<DEFAULT_FROM_ADDRESS>, utc<VERIFIED_FROM_ADDRESSES>, utc<NEEDS_ONBOARDING>]. Can not start SettingsClient.
10-01 12:35:17.574  7116  7730 E yrn     : 	at usd.a(Unknown Source:8)
10-01 12:35:17.574  7116  7730 E yrn     : 	at abmj.a(Unknown Source:2)
10-01 12:35:17.574  7116  7730 E yrn     : 	at abjj.a(SourceFile:2)
10-01 12:35:17.574  7116  7730 E yrn     : 	at adot.run(SourceFile:3)
10-01 12:35:17.574  7116  7730 E yrn     : 	at aaju.run(Unknown Source:3)
10-01 12:35:17.574  7116  7730 E yrn     : 	at aaaj.run(Unknown Source:3)
10-01 12:35:17.574  7116  7730 E yrn     : 	at java.util.concurrent.Executors$RunnableAdapter.call(Executors.java:462)
10-01 12:35:17.574  7116  7730 E yrn     : 	at java.util.concurrent.FutureTask.run(FutureTask.java:266)
10-01 12:35:17.574  7116  7730 E yrn     : 	at java.util.concurrent.ScheduledThreadPoolExecutor$ScheduledFutureTask.run(ScheduledThreadPoolExecutor.java:301)
10-01 12:35:17.574  7116  7730 E yrn     : 	at java.util.concurrent.ThreadPoolExecutor.runWorker(ThreadPoolExecutor.java:1167)
10-01 12:35:17.574  7116  7730 E yrn     : 	at java.util.concurrent.ThreadPoolExecutor$Worker.run(ThreadPoolExecutor.java:641)
10-01 12:35:17.574  7116  7730 E yrn     : 	at java.lang.Thread.run(Thread.java:919)
10-01 12:35:17.574  7116  7730 E yrn     : Caused by: ukr: [/sync/st/s] UNKNOWN: Unknown network error: java.io.IOException: NetworkError

----- Pixel2.arm-29-en-portrait/logcat:2340 -----
10-01 12:35:17.573  7116  7730 W aaki    : 	at jdc.a(SourceFile:5)
10-01 12:35:17.573  7116  7730 W aaki    : 	at jdc.a(SourceFile:2)
10-01 12:35:17.573  7116  7730 W aaki    : 	at mlo.a(SourceFile:1)
10-01 12:35:17.573  7116  7730 W aaki    : 	at aago.a(Unknown Source:18)
10-01 12:35:17.573  7116  7730 W aaki    : 	at abld.a(SourceFile:2)
10-01 12:35:17.573  7116  7730 W aaki    : 	at abkl.run(Unknown Source:8)
10-01 12:35:17.573  7116  7730 W aaki    : 	... 7 more
10-01 12:35:17.574  7116  7730 E yrn     : Error observing nonCriticalStartEvent, not executing ads startup job.
10-01 12:35:17.574  7116  7730 E yrn     : usu: Failed to sync missing settings from the server. Missing values for required settings [utc<ALIAS_ADDRESSES>, utc<DEFAULT_FROM_ADDRESS>, utc<VERIFIED_FROM_ADDRESSES>, utc<NEEDS_ONBOARDING>]. Can not start SettingsClient.
10-01 12:35:17.574  7116  7730 E yrn     : 	at usd.a(Unknown Source:8)
10-01 12:35:17.574  7116  7730 E yrn     : 	at abmj.a(Unknown Source:2)
10-01 12:35:17.574  7116  7730 E yrn     : 	at abjj.a(SourceFile:2)
10-01 12:35:17.574  7116  7730 E yrn     : 	at adot.run(SourceFile:3)
10-01 12:35:17.574  7116  7730 E yrn     : 	at aaju.run(Unknown Source:3)
10-01 12:35:17.574  7116  7730 E yrn     : 	at aaaj.run(Unknown Source:3)
10-01 12:35:17.574  7116  7730 E yrn     : 	at java.util.concurrent.Executors$RunnableAdapter.call(Executors.java:462)
10-01 12:35:17.574  7116  7730 E yrn     : 	at java.util.concurrent.FutureTask.run(FutureTask.java:266)
10-01 12:35:17.574  7116  7730 E yrn     : 	at java.util.concurrent.ScheduledThreadPoolExecutor$ScheduledFutureTask.run(ScheduledThreadPoolExecutor.java:301)
10-01 12:35:17.574  7116  7730 E yrn     : 	at java.util.concurrent.ThreadPoolExecutor.runWorker(ThreadPoolExecutor.java:1167)
10-01 12:35:17.574  7116  7730 E yrn     : 	at java.util.concurrent.ThreadPoolExecutor$Worker.run(ThreadPoolExecutor.java:641)
10-01 12:35:17.574  7116  7730 E yrn     : 	at java.lang.Thread.run(Thread.java:919)
10-01 12:35:17.574  7116  7730 E yrn     : Caused by: ukr: [/sync/st/s] UNKNOWN: Unknown network error: java.io.IOException: NetworkError
10-01 12:35:17.574  7116  7730 E yrn     : 	at uki.a(SourceFile:10)
10-01 12:35:17.574  7116  7730 E yrn     : 	at ukq.a(SourceFile:6)
10-01 12:35:17.574  7116  7730 E yrn     : 	at ukt.a(Unknown Source:3)
10-01 12:35:17.574  7116  7730 E yrn     : 	at abml.a(Unknown Source:2)
10-01 12:35:17.574  7116  7730 E yrn     : 	at abjj.a(SourceFile:2)
10-01 12:35:17.574  7116  7730 E yrn     : 	at adot.run(SourceFile:3)
10-01 12:35:17.574  7116  7730 E yrn     : 	at adog.execute(Unknown Source:0)
10-01 12:35:17.574  7116  7730 E yrn     : 	at abni.execute(SourceFile:3)
10-01 12:35:17.574  7116  7730 E yrn     : 	at adnb.b(SourceFile:21)
10-01 12:35:17.574  7116  7730 E yrn     : 	at adnb.a(SourceFile:14)
10-01 12:35:17.574  7116  7730 E yrn     : 	at adnb.a(SourceFile:55)
10-01 12:35:17.574  7116  7730 E yrn     : 	at aajd.a(Unknown Source:3)
10-01 12:35:17.574  7116  7730 E yrn     : 	at abjj.a(SourceFile:2)
10-01 12:35:17.574  7116  7730 E yrn     : 	at adot.run(SourceFile:3)
10-01 12:35:17.574  7116  7730 E yrn     : 	... 7 more
10-01 12:35:17.574  7116  7730 E yrn     : Caused by: java.io.IOException: NetworkError
10-01 12:35:17.574  7116  7730 E yrn     : 	at jii.a(SourceFile:9)
10-01 12:35:17.574  7116  7730 E yrn     : 	at jdc.a(SourceFile:5)
10-01 12:35:17.574  7116  7730 E yrn     : 	at jdc.a(SourceFile:2)
10-01 12:35:17.574  7116  7730 E yrn     : 	at mlo.a(SourceFile:1)
10-01 12:35:17.574  7116  7730 E yrn     : 	at aago.a(Unknown Source:18)
10-01 12:35:17.574  7116  7730 E yrn     : 	at abld.a(SourceFile:2)
10-01 12:35:17.574  7116  7730 E yrn     : 	at abkl.run(Unknown Source:8)
10-01 12:35:17.574  7116  7730 E yrn     : 	... 7 more
10-01 12:35:17.574  7116  7728 W yql     : Shutting down SAPI due to critical lifecycle start failure.
10-01 12:35:17.574  7116  7731 E aafy    : Failed to create component for ComponentKey<CqrAPH>, see go/xplat-deobfuscate-component-key
10-01 12:35:17.574  7116  7731 E aafy    : usu: Failed to sync missing settings from the server. Missing values for required settings [utc<ALIAS_ADDRESSES>, utc<DEFAULT_FROM_ADDRESS>, utc<VERIFIED_FROM_ADDRESSES>, utc<NEEDS_ONBOARDING>]. Can not start SettingsClient.
10-01 12:35:17.574  7116  7731 E aafy    : 	at usd.a(Unknown Source:8)
10-01 12:35:17.574  7116  7731 E aafy    : 	at abmj.a(Unknown Source:2)
10-01 12:35:17.574  7116  7731 E aafy    : 	at abjj.a(SourceFile:2)
10-01 12:35:17.574  7116  7731 E aafy    : 	at adot.run(SourceFile:3)
10-01 12:35:17.574  7116  7731 E aafy    : 	at aaju.run(Unknown Source:3)
10-01 12:35:17.574  7116  7731 E aafy    : 	at aaaj.run(Unknown Source:3)
10-01 12:35:17.574  7116  7731 E aafy    : 	at java.util.concurrent.Executors$RunnableAdapter.call(Executors.java:462)
10-01 12:35:17.574  7116  7731 E aafy    : 	at java.util.concurrent.FutureTask.run(FutureTask.java:266)
10-01 12:35:17.574  7116  7731 E aafy    : 	at java.util.concurrent.ScheduledThreadPoolExecutor$ScheduledFutureTask.run(ScheduledThreadPoolExecutor.java:301)
10-01 12:35:17.574  7116  7731 E aafy    : 	at java.util.concurrent.ThreadPoolExecutor.runWorker(ThreadPoolExecutor.java:1167)
10-01 12:35:17.574  7116  7731 E aafy    : 	at java.util.concurrent.ThreadPoolExecutor$Worker.run(ThreadPoolExecutor.java:641)
10-01 12:35:17.574  7116  7731 E aafy    : 	at java.lang.Thread.run(Thread.java:919)

